ARM Linker, 5.03 [Build 24] [MDK-ARM Professional]

==============================================================================

Section Cross References

    startup.o(vectors) refers (Special) to use_no_semi.o(.text) for __use_no_semihosting_swi
    startup.o(vectors) refers (Special) to heapauxi.o(.text) for __use_two_region_memory
    startup.o(vectors) refers to viccontrol.o(RUNFIRST) for IRQ_Handler
    startup.o(vectors) refers to os_cpu_a.o(subr) for SoftwareInterrupt
    startup.o(vectors) refers to target.o(.text) for TargetResetInit
    startup.o(vectors) refers to __main.o(!!!main) for __main
    startup.o(vectors) refers to startup.o(StacksTop) for StackUsr
    startup.o(vectors) refers to startup.o(HeapBottom) for bottom_of_heap
    startup.o(vectors) refers to startup.o(HeapTop) for top_of_heap
    startup.o(vectors) refers to startup.o(StackBottom) for bottom_of_Stacks
    startup.o(vectors) refers to startup.o(MyStacks) for SvcStackSpace
    startup.o(MyStacks) refers (Special) to use_no_semi.o(.text) for __use_no_semihosting_swi
    startup.o(MyStacks) refers (Special) to heapauxi.o(.text) for __use_two_region_memory
    startup.o(HeapBottom) refers (Special) to use_no_semi.o(.text) for __use_no_semihosting_swi
    startup.o(HeapBottom) refers (Special) to heapauxi.o(.text) for __use_two_region_memory
    startup.o(StackBottom) refers (Special) to use_no_semi.o(.text) for __use_no_semihosting_swi
    startup.o(StackBottom) refers (Special) to heapauxi.o(.text) for __use_two_region_memory
    startup.o(HeapTop) refers (Special) to use_no_semi.o(.text) for __use_no_semihosting_swi
    startup.o(HeapTop) refers (Special) to heapauxi.o(.text) for __use_two_region_memory
    startup.o(StacksTop) refers (Special) to use_no_semi.o(.text) for __use_no_semihosting_swi
    startup.o(StacksTop) refers (Special) to heapauxi.o(.text) for __use_two_region_memory
    viccontrol.o(RUNFIRST) refers to os_core.o(.text) for OSIntExit
    viccontrol.o(RUNFIRST) refers to viccontrol.o(VectStacks) for VectStackSpace
    viccontrol.o(RUNFIRST) refers to target.o(.text) for FIQ_Exception
    viccontrol.o(RUNFIRST) refers to os_core.o(.data) for OSIntNesting
    viccontrol.o(RUNFIRST) refers to os_cpu_c.o(.data) for OsEnterSum
    viccontrol.o(RUNFIRST) refers to os_cpu_a.o(subr) for OSIntCtxSw
    main.o(.text) refers to os_core.o(.text) for OSInit
    main.o(.text) refers to wt_task.o(.text) for JZInit
    main.o(.text) refers to wdt.o(.data) for g_u8WDTFlag
    target.o(.text) refers (Special) to use_no_semi.o(.text) for __use_no_semihosting_swi
    target.o(.text) refers (Special) to heapauxi.o(.text) for __use_two_region_memory
    target.o(.text) refers to viccontrol.o(RUNFIRST) for vicInitial
    target.o(.text) refers to startup.o(vectors) for Reset
    target.o(.constdata) refers (Special) to use_no_semi.o(.text) for __use_no_semihosting_swi
    target.o(.constdata) refers (Special) to heapauxi.o(.text) for __use_two_region_memory
    retarget.o(.text) refers (Special) to use_no_semi.o(.text) for __use_no_semihosting_swi
    retarget.o(.text) refers to uart1.o(.text) for sendchar
    retarget.o(.data) refers (Special) to use_no_semi.o(.text) for __use_no_semihosting_swi
    os_core.o(.text) refers to os_time.o(.text) for OSTimeDly
    os_core.o(.text) refers to aeabi_sdiv.o(.text_udiv) for __aeabi_uidivmod
    os_core.o(.text) refers to os_cpu_c.o(.text) for OSTaskStatHook
    os_core.o(.text) refers to os_task.o(.text) for OSTaskCreate
    os_core.o(.text) refers to os_q.o(.text) for OS_QInit
    os_core.o(.text) refers to os_core.o(.data) for OSStatRdy
    os_core.o(.text) refers to os_core.o(.bss) for OSTaskStatStk
    os_core.o(.text) refers to os_core.o(.constdata) for OSUnMapTbl
    os_cpu_c.o(.text) refers to os_core.o(.bss) for OSTCBPrioTbl
    os_mutex.o(.text) refers to os_core.o(.text) for OS_EventWaitListInit
    os_mutex.o(.text) refers to os_core.o(.data) for OSIntNesting
    os_mutex.o(.text) refers to os_core.o(.bss) for OSTCBPrioTbl
    os_mutex.o(.text) refers to os_core.o(.constdata) for OSMapTbl
    os_q.o(.text) refers to os_core.o(.text) for OS_EventWaitListInit
    os_q.o(.text) refers to os_core.o(.data) for OSIntNesting
    os_q.o(.text) refers to os_core.o(.bss) for OSQTbl
    os_sem.o(.text) refers to os_core.o(.text) for OS_EventWaitListInit
    os_sem.o(.text) refers to os_core.o(.data) for OSIntNesting
    os_task.o(.text) refers to os_cpu_c.o(.text) for OSTaskStkInit
    os_task.o(.text) refers to os_core.o(.text) for OS_TCBInit
    os_task.o(.text) refers to os_core.o(.bss) for OSTCBPrioTbl
    os_task.o(.text) refers to os_core.o(.data) for OSTaskCtr
    os_time.o(.text) refers to os_core.o(.text) for OS_Sched
    os_time.o(.text) refers to os_core.o(.data) for OSTCBCur
    os_cpu_a.o(subr) refers to os_cpu_c.o(.text) for _TaskIsARM
    os_cpu_a.o(subr) refers to os_cpu_c.o(.data) for OsEnterSum
    os_cpu_a.o(subr) refers to os_core.o(.data) for OSIntNesting
[...]
    _dfix                                    0x800d83c8   ARM Code     112  dfix.o(x$fpl$dfix)
    __aeabi_d2uiz                            0x800d8438   ARM Code       0  dfixu.o(x$fpl$dfixu)
    _dfixu                                   0x800d8438   ARM Code     112  dfixu.o(x$fpl$dfixu)
    __aeabi_i2d                              0x800d84a8   ARM Code       0  dflt_clz.o(x$fpl$dflt)
    _dflt                                    0x800d84a8   ARM Code      52  dflt_clz.o(x$fpl$dflt)
    __aeabi_cdcmple                          0x800d84dc   ARM Code       0  dleqf.o(x$fpl$dleqf)
    _dcmple                                  0x800d84dc   ARM Code     148  dleqf.o(x$fpl$dleqf)
    __fpl_dcmple_InfNaN                      0x800d8558   ARM Code       0  dleqf.o(x$fpl$dleqf)
    __aeabi_dmul                             0x800d8570   ARM Code       0  dmul.o(x$fpl$dmul)
    _dmul                                    0x800d8570   ARM Code     364  dmul.o(x$fpl$dmul)
    __fpl_dnaninf                            0x800d86e8   ARM Code     184  dnaninf.o(x$fpl$dnaninf)
    __fpl_dretinf                            0x800d87a0   ARM Code      16  dretinf.o(x$fpl$dretinf)
    __aeabi_cdrcmple                         0x800d87b0   ARM Code       0  drleqf.o(x$fpl$drleqf)
    _drcmple                                 0x800d87b0   ARM Code     140  drleqf.o(x$fpl$drleqf)
    __aeabi_drsub                            0x800d883c   ARM Code       0  daddsub_clz.o(x$fpl$drsb)
    _drsb                                    0x800d883c   ARM Code      24  daddsub_clz.o(x$fpl$drsb)
    __aeabi_dsub                             0x800d8854   ARM Code       0  daddsub_clz.o(x$fpl$dsub)
    _dsub                                    0x800d8854   ARM Code     508  daddsub_clz.o(x$fpl$dsub)
    __aeabi_fadd                             0x800d8a54   ARM Code       0  faddsub_clz.o(x$fpl$fadd)
    _fadd                                    0x800d8a54   ARM Code     196  faddsub_clz.o(x$fpl$fadd)
    __aeabi_fdiv                             0x800d8b18   ARM Code       0  fdiv.o(x$fpl$fdiv)
    _fdiv                                    0x800d8b18   ARM Code     396  fdiv.o(x$fpl$fdiv)
    __aeabi_f2iz                             0x800d8ca8   ARM Code       0  ffix.o(x$fpl$ffix)
    _ffix                                    0x800d8ca8   ARM Code      68  ffix.o(x$fpl$ffix)
    __aeabi_i2f                              0x800d8cec   ARM Code       0  fflt_clz.o(x$fpl$fflt)
    _fflt                                    0x800d8cec   ARM Code      48  fflt_clz.o(x$fpl$fflt)
    __aeabi_ui2f                             0x800d8d1c   ARM Code       0  fflt_clz.o(x$fpl$ffltu)
    _ffltu                                   0x800d8d1c   ARM Code      40  fflt_clz.o(x$fpl$ffltu)
    __aeabi_fmul                             0x800d8d44   ARM Code       0  fmul.o(x$fpl$fmul)
    _fmul                                    0x800d8d44   ARM Code     256  fmul.o(x$fpl$fmul)
    __fpl_fnaninf                            0x800d8e44   ARM Code     160  fnaninf.o(x$fpl$fnaninf)
    __fpl_fretinf                            0x800d8ee4   ARM Code      16  fretinf.o(x$fpl$fretinf)
    __aeabi_frsub                            0x800d8ef4   ARM Code       0  faddsub_clz.o(x$fpl$frsb)
    _frsb                                    0x800d8ef4   ARM Code      20  faddsub_clz.o(x$fpl$frsb)
    __aeabi_fsub                             0x800d8f08   ARM Code       0  faddsub_clz.o(x$fpl$fsub)
    _fsub                                    0x800d8f08   ARM Code     256  faddsub_clz.o(x$fpl$fsub)
    __fpl_return_NaN                         0x800d9008   ARM Code     116  retnan.o(x$fpl$retnan)
    __ARM_scalbn                             0x800d907c   ARM Code     104  scalbn.o(x$fpl$scalbn)
    __fpl_cmpreturn                          0x800d90e4   ARM Code      60  trapv.o(x$fpl$trapveneer)
    OSMapTbl                                 0x800d9120   Data           8  os_core.o(.constdata)
    __I$use$fp                               0x800d9120   Number         0  usenofp.o(x$fpl$usenofp)
    OSUnMapTbl                               0x800d9128   Data         256  os_core.o(.constdata)
    _OSFunctionAddr                          0x800d9378   Data           4  os_cpu_c.o(.constdata)
    _UsrFunctionAddr                         0x800d937c   Data           4  os_cpu_c.o(.constdata)
    time_unit                                0x800daea0   Data          32  sddriver.o(.constdata)
    time_value                               0x800daec0   Data          16  sddriver.o(.constdata)
    r2w_fator                                0x800daed0   Data           8  sddriver.o(.constdata)
    tr_spval                                 0x800daed8   Data          16  sddriver.o(.constdata)
    tr_spexp                                 0x800daee8   Data          16  sddriver.o(.constdata)
    DCB2HEX_TAB                              0x800daef8   Data           8  gui_stockc.o(.constdata)
    DCB_HEX_TAB                              0x800daf00   Data           8  lcddrive.o(.constdata)
    ClippingIndex                            0x800daf08   Data        7510  loadbit.o(.constdata)
    hanzi                                    0x800dcc5e   Data       42176  loadbit.o(.constdata)
    char8_16                                 0x800e711e   Data        1536  loadbit.o(.constdata)
    grp2                                     0x800e7870   Data          72  prtclwjold.o(.constdata)
    grp3                                     0x800e78b8   Data         120  prtclwjold.o(.constdata)
    grp4                                     0x800e7930   Data         168  prtclwjold.o(.constdata)
    grp5                                     0x800e79d8   Data         216  prtclwjold.o(.constdata)
    grp6                                     0x800e7ab0   Data         264  prtclwjold.o(.constdata)
    grp7                                     0x800e7bb8   Data         312  prtclwjold.o(.constdata)
    __mathlib_zero                           0x800e7f18   Data           8  qnan.o(.constdata)
    Region$$Table$$Base                      0x800e7f20   Number         0  anon$$obj.o(Region$$Table)
    Region$$Table$$Limit                     0x800e7f50   Number         0  anon$$obj.o(Region$$Table)
    __ctype                                  0x800e7f5d   Data           0  lc_ctype_c.o(locale$$data)
    OSCtxSwCtr                               0x800e8060   Data           4  os_core.o(.data)
    OSEventFreeList                          0x800e8064   Data           4  os_core.o(.data)
    OSCPUUsage                               0x800e8068   Data           1  os_core.o(.data)
    OSIdleCtrMax                             0x800e806c   Data           4  os_core.o(.data)
    OSIdleCtrRun                             0x800e8070   Data           4  os_core.o(.data)
    OSStatRdy                                0x800e8074   Data           1  os_core.o(.data)
    OSIntNesting                             0x800e8075   Data           1  os_core.o(.data)
    OSIntExitY                               0x800e8076   Data           1  os_core.o(.data)
    OSLockNesting                            0x800e8077   Data           1  os_core.o(.data)
    OSPrioCur                                0x800e8078   Data           1  os_core.o(.data)
    OSPrioHighRdy                            0x800e8079   Data           1  os_core.o(.data)
    OSRdyGrp                                 0x800e807a   Data           1  os_core.o(.data)
    OSRdyTbl                                 0x800e807b   Data           5  os_core.o(.data)
    OSRunning                                0x800e8080   Data           1  os_core.o(.data)
    OSTaskCtr                                0x800e8081   Data           1  os_core.o(.data)
    OSIdleCtr                                0x800e8084   Data           4  os_core.o(.data)
    OSTCBCur                                 0x800e8088   Data           4  os_core.o(.data)
    OSTCBFreeList                            0x800e808c   Data           4  os_core.o(.data)
    OSTCBHighRdy                             0x800e8090   Data           4  os_core.o(.data)
    OSTCBList                                0x800e8094   Data           4  os_core.o(.data)
    OSQFreeList                              0x800e8098   Data           4  os_core.o(.data)
    OSTime                                   0x800e809c   Data           4  os_core.o(.data)
    OsEnterSum                               0x800e80a0   Data           4  os_cpu_c.o(.data)
    g_StartWaveFlag                          0x800e80b0   Data           1  wt_task.o(.data)
    PCSendCnt                                0x800e80b4   Data           4  wt_task.o(.data)
    g_u8RasterZTRead                         0x800e80b8   Data           1  wt_task.o(.data)
    g_u8RasterRead                           0x800e80b9   Data           1  wt_task.o(.data)
    g_u16SystemUseMode                       0x800e80ba   Data           2  wt_task.o(.data)
    g_u8RasterDataReadIndex                  0x800e80bc   Data           1  wt_task.o(.data)
    g_u8RasterDataRead                       0x800e80bd   Data           1  wt_task.o(.data)
    g_u8RasterDataWriteIndex                 0x800e80be   Data           1  wt_task.o(.data)
    g_u8RasterDaFeiCnt                       0x800e80bf   Data           1  wt_task.o(.data)
    g_u8RasterNoDaFeiCnt                     0x800e80c0   Data           1  wt_task.o(.data)
    g_u8KeyValueMapped                       0x800e80c1   Data           1  wt_task.o(.data)
    g_u32KeyValueOri                         0x800e80c4   Data           4  wt_task.o(.data)
    g_u32KeyCnt                              0x800e80c8   Data           4  wt_task.o(.data)
    g_u8SDInsert                             0x800e80cc   Data           1  wt_task.o(.data)
    g_u8SDEndFlag                            0x800e80cd   Data           1  wt_task.o(.data)
    g_u8SDDownFlag                           0x800e80ce   Data           1  wt_task.o(.data)
    g_n32Temperature                         0x800e80d0   Data           4  wt_task.o(.data)
    g_u8TemperatureIndex                     0x800e80d4   Data           1  wt_task.o(.data)
    g_u8StaticMotionswitch                   0x800e80d5   Data           1  wt_task.o(.data)
    g_DevCurTime                             0x800e80d6   Data           8  wt_task.o(.data)
    g_psemScreenRefresh                      0x800e80e0   Data           4  wt_task.o(.data)
    g_psemKey                                0x800e80e4   Data           4  wt_task.o(.data)
    Sem_KeyIn                                0x800e80e8   Data           4  wt_task.o(.data)
    g_pQAxleCalc                             0x800e80ec   Data           4  wt_task.o(.data)
    g_pQShouWei                              0x800e80f0   Data           4  wt_task.o(.data)
    g_pQSendPC                               0x800e80f4   Data           4  wt_task.o(.data)
    g_pQDnMsg                                0x800e80f8   Data           4  wt_task.o(.data)
    g_pQSendPCDebug                          0x800e80fc   Data           4  wt_task.o(.data)
    g_pSemTask6Param                         0x800e8100   Data           4  wt_task.o(.data)
    g_pQWaveMsg                              0x800e8104   Data           4  wt_task.o(.data)
    g_pQNetWavePC                            0x800e8108   Data           4  wt_task.o(.data)
    g_pSemSendThtouSP                        0x800e810c   Data           4  wt_task.o(.data)
    g_psQLaserInteract                       0x800e8110   Data           4  wt_task.o(.data)
    g_pQSendPCCOM1                           0x800e8114   Data           4  wt_task.o(.data)
    g_pQSDOffNetWrite                        0x800e8118   Data           4  wt_task.o(.data)
    g_pQSDVehWrite                           0x800e811c   Data           4  wt_task.o(.data)
    g_pQSDDebugInfoWrite                     0x800e8120   Data           4  wt_task.o(.data)
    g_pQSDWaveWrite                          0x800e8124   Data           4  wt_task.o(.data)
    g_pSDSaveForJD                           0x800e8128   Data           4  wt_task.o(.data)
    g_pQJDSend                               0x800e812c   Data           4  wt_task.o(.data)
    g_pSemDisplayCheliangInfo                0x800e8130   Data           4  wt_task.o(.data)
    g_u8IOERR                                0x800e8134   Data           2  wt_task.o(.data)
    g_u32StartupTime                         0x800e8138   Data           4  wt_task.o(.data)
    g_u16CapDelayTime                        0x800e813c   Data           2  wt_task.o(.data)
    g_u8CapFlag                              0x800e813e   Data           4  wt_task.o(.data)
    g_u8LaserInfoIx                          0x800e8142   Data           1  wt_task.o(.data)
    g_u8IOChangeIx                           0x800e8143   Data           1  wt_task.o(.data)
    g_u16ChlWindex                           0x800e8144   Data           2  wt_task.o(.data)
    g_u16AxleInfoWriteIndex                  0x800e8146   Data           2  wt_task.o(.data)
    g_u16WheelInfoWriteIndex                 0x800e8148   Data           2  wt_task.o(.data)
    g_u8FirstAxleFlag                        0x800e814a   Data           1  wt_task.o(.data)
    g_u8FirstAxleColum                       0x800e814b   Data           1  wt_task.o(.data)
    g_u8CrossingFlag                         0x800e814c   Data           1  wt_task.o(.data)
    g_u8CrossingColum                        0x800e814d   Data           1  wt_task.o(.data)
    g_u8vehicleID                            0x800e814e   Data           1  wt_task.o(.data)
    g_u8YaFengAreaIndex                      0x800e814f   Data           1  wt_task.o(.data)
    g_u32WheelWghtCoin                       0x800e8150   Data           4  wt_task.o(.data)
    g_OddColumDelyLth                        0x800e8154   Data           4  wt_task.o(.data)
    g_SymmetricalDiffTick                    0x800e8158   Data           4  wt_task.o(.data)
    g_ThrAlgCompenEnble                      0x800e815c   Data           4  wt_task.o(.data)
    g_ZTWaveOverLap                          0x800e8160   Data           4  wt_task.o(.data)
    g_ZTSecondWaveOverLap                    0x800e8164   Data           4  wt_task.o(.data)
    g_u32MakeAxleForbeforeThr                0x800e8168   Data           4  wt_task.o(.data)
    g_u32YFBelongThr                         0x800e816c   Data           4  wt_task.o(.data)
    g_u32LaserIOUseFlag                      0x800e8170   Data           4  wt_task.o(.data)
    g_u32OneRowFindMatchThr                  0x800e8174   Data           4  wt_task.o(.data)
    g_u32XieZouEnable                        0x800e8178   Data           4  wt_task.o(.data)
    g_u32U3FCapEnable                        0x800e817c   Data           4  wt_task.o(.data)
    g_FristAxleDnRange                       0x800e8180   Data           4  wt_task.o(.data)
    g_u32PostVehNoLoop                       0x800e8184   Data           4  wt_task.o(.data)
    g_u32AutoResetTime                       0x800e8188   Data           4  wt_task.o(.data)
    g_u8RWNVFlag                             0x800e818c   Data           1  wt_task.o(.data)
    g_YiZiLayouTime                          0x800e8190   Data           4  wt_task.o(.data)
    g_JointWghtDelyTime                      0x800e8194   Data           4  wt_task.o(.data)
    g_auxiliaryK                             0x800e8198   Data           4  wt_task.o(.data)
    g_u8PosScoreC                            0x800e819c   Data           1  wt_task.o(.data)
    g_u8SpdScoreC                            0x800e819d   Data           1  wt_task.o(.data)
    g_u8RadScoreC                            0x800e819e   Data           1  wt_task.o(.data)
    g_u8PosScoreWeight                       0x800e819f   Data           1  wt_task.o(.data)
    g_u8SpdScoreWeight                       0x800e81a0   Data           1  wt_task.o(.data)
    g_u8RadScoreWeight                       0x800e81a1   Data           1  wt_task.o(.data)
    g_u8YaFengDiffXPosMax                    0x800e81a2   Data           1  wt_task.o(.data)
    g_u8XieXingDiffXPosMin                   0x800e81a3   Data           1  wt_task.o(.data)
    g_u16TraceSpdChangeMax                   0x800e81a4   Data           2  wt_task.o(.data)
    g_u8SgOrDbleWhelPoint                    0x800e81a6   Data           1  wt_task.o(.data)
    g_u8BuildTraceScoreMin                   0x800e81a7   Data           1  wt_task.o(.data)
    g_u16TraceDelTime                        0x800e81a8   Data           2  wt_task.o(.data)
    g_u16RunAndWalkTime                      0x800e81aa   Data           2  wt_task.o(.data)
    g_u8RunAndWalkEnable                     0x800e81ac   Data           1  wt_task.o(.data)
    g_u16EvenColumDelyLth                    0x800e81ae   Data           2  wt_task.o(.data)
    g_u8TwoBlankUnion                        0x800e81b0   Data           1  wt_task.o(.data)
    g_u8MinAxleScore                         0x800e81b1   Data           1  wt_task.o(.data)
    g_u8AxleMultiScore                       0x800e81b2   Data           1  wt_task.o(.data)
    g_u8AxleWgtDiffRatio                     0x800e81b3   Data           1  wt_task.o(.data)
    g_u8SecondCapFlag                        0x800e81b4   Data           1  wt_task.o(.data)
    g_u8ReverseDigitZTPos                    0x800e81b5   Data           1  wt_task.o(.data)
    g_u8A2BFlag                              0x800e81b6   Data           1  wt_task.o(.data)
    g_u8BiaoDEN                              0x800e81b7   Data           1  wt_task.o(.data)
    g_u8BiaoDLane                            0x800e81b8   Data           1  wt_task.o(.data)
    g_u8SDBuffIndex                          0x800e81b9   Data           1  wt_task.o(.data)
    g_u8SendWave                             0x800e81ba   Data           1  wt_task.o(.data)
    g_u8DetVeh                               0x800e81bb   Data           1  wt_task.o(.data)
    g_u8NumUseLoopBoard                      0x800e81bc   Data           1  wt_task.o(.data)
    g_u8DevErr                               0x800e81bd   Data           1  wt_task.o(.data)
    g_u8NoMatchCnt                           0x800e81be   Data           1  wt_task.o(.data)
    g_u8FirstUse                             0x800e81bf   Data           1  wt_task.o(.data)
    g_u8IfRunSta                             0x800e81c0   Data           1  wt_task.o(.data)
    g_u8ZTStaSendFlag                        0x800e81c1   Data           1  wt_task.o(.data)
    jingdu                                   0x800e81c8   Data           8  wt_task.o(.data)
    weidu                                    0x800e81d0   Data           8  wt_task.o(.data)
    LOOP_BD_lane                             0x800e81d8   Data           1  wt_task.o(.data)
    g_u16SmallandMid                         0x800e81da   Data           2  wt_task.o(.data)
    g_u32FollowVehThr                        0x800e81dc   Data           4  wt_task.o(.data)
    g_u16TotalMinutesNew                     0x800e81e0   Data           2  wt_task.o(.data)
    g_u16TotalMinutesOld                     0x800e81e2   Data           2  wt_task.o(.data)
    g_u8PeriodTOSave                         0x800e81e4   Data           1  wt_task.o(.data)
    g_u16SaveTimeNum                         0x800e81e6   Data           2  wt_task.o(.data)
    g_u8JDInitFlag                           0x800e81e8   Data           1  wt_task.o(.data)
    g_u8SendVehDataInd                       0x800e81e9   Data           1  wt_task.o(.data)
    g_u16JDUartLen                           0x800e81ea   Data           2  wt_task.o(.data)
    g_u16JDSDSaveLen                         0x800e81ec   Data           2  wt_task.o(.data)
    g_u32JDSDSaveInd                         0x800e81f0   Data           4  wt_task.o(.data)
    g_u32JDSDSaveIndSuc                      0x800e81f4   Data           4  wt_task.o(.data)
    g_u8IsFirstSDSave                        0x800e81f8   Data           1  wt_task.o(.data)
    g_u8Is39FirstSave                        0x800e81f9   Data           1  wt_task.o(.data)
    g_u8Is61FirstSave                        0x800e81fa   Data           1  wt_task.o(.data)
    g_u8Is62FirstSave                        0x800e81fb   Data           1  wt_task.o(.data)
    g_u8Is68FirstSave                        0x800e81fc   Data           1  wt_task.o(.data)
    g_u32JDInfo_Addr_Begin                   0x800e8200   Data           4  wt_task.o(.data)
    g_u32JDInfo_Addr_End                     0x800e8204   Data           4  wt_task.o(.data)
    g_u8JDNetFirstUse                        0x800e8208   Data           1  wt_task.o(.data)
    g_u8JD02OrderRev                         0x800e8209   Data           1  wt_task.o(.data)
    g_u8JD08OrderRev                         0x800e820a   Data           1  wt_task.o(.data)
    g_u8JDSendEna                            0x800e820b   Data           1  wt_task.o(.data)
    g_u8RecOrderCnt                          0x800e820c   Data           1  wt_task.o(.data)
    g_u16RecOrd0ANum                         0x800e820e   Data           2  wt_task.o(.data)
    g_u32RecOrd39Num                         0x800e8210   Data           4  wt_task.o(.data)
    g_u16RecOrd61Num                         0x800e8214   Data           2  wt_task.o(.data)
    g_u16RecOrd62Num                         0x800e8216   Data           2  wt_task.o(.data)
    g_u16RecOrd68Num                         0x800e8218   Data           2  wt_task.o(.data)
    g_u8JD0AOrderRev                         0x800e821a   Data           1  wt_task.o(.data)
    g_u8JD39OrderRev                         0x800e821b   Data           1  wt_task.o(.data)
    g_u8JD6FOrderRev                         0x800e821c   Data           1  wt_task.o(.data)
    g_u32Resend01SDBgNum                     0x800e8220   Data           4  wt_task.o(.data)
    g_u32Resend01SDEndNum                    0x800e8224   Data           4  wt_task.o(.data)
    g_u8DegIndex                             0x800e8228   Data           1  wt_task.o(.data)
    g_u32JD39BaseAdr                         0x800e822c   Data           4  wt_task.o(.data)
    g_u32JD61BaseAdr                         0x800e8230   Data           4  wt_task.o(.data)
    g_u32JD62BaseAdr                         0x800e8234   Data           4  wt_task.o(.data)
    g_u32JD68BaseAdr                         0x800e8238   Data           4  wt_task.o(.data)
    g_u32JD39SaveSuccInd                     0x800e823c   Data           4  wt_task.o(.data)
    g_u32JD39SendSuccInd                     0x800e8240   Data           4  wt_task.o(.data)
    g_u32JD61SaveSuccInd                     0x800e8244   Data           4  wt_task.o(.data)
    g_u32JD61SendSuccInd                     0x800e8248   Data           4  wt_task.o(.data)
    g_u32JD62SaveSuccInd                     0x800e824c   Data           4  wt_task.o(.data)
    g_u32JD62SendSuccInd                     0x800e8250   Data           4  wt_task.o(.data)
    g_u32JD68SaveSuccInd                     0x800e8254   Data           4  wt_task.o(.data)
    g_u32JD68SendSuccInd                     0x800e8258   Data           4  wt_task.o(.data)
    g_u32Resend39                            0x800e825c   Data           4  wt_task.o(.data)
    g_u8Resend61Bg                           0x800e8260   Data           1  wt_task.o(.data)
    g_u8Resend61Ed                           0x800e8261   Data           1  wt_task.o(.data)
    g_u8Resend62Bg                           0x800e8262   Data           1  wt_task.o(.data)
    g_u8Resend62Ed                           0x800e8263   Data           1  wt_task.o(.data)
    g_u8Resend68Bg                           0x800e8264   Data           1  wt_task.o(.data)
    g_u8Resend68Ed                           0x800e8265   Data           1  wt_task.o(.data)
    l_sDevCurTime                            0x800e8266   Data           8  wt_task.o(.data)
    g_u839UnRecCnt                           0x800e826e   Data           1  wt_task.o(.data)
    g_u32VehCntForTest                       0x800e8270   Data           4  wt_task.o(.data)
    g_intotimer_cnt                          0x800e8274   Data           1  wt_task.o(.data)
    g_u16DigitalZTNum                        0x800e8276   Data           2  wt_task.o(.data)
    g_ErrMsgState                            0x800e8278   Data           2  wt_task.o(.data)
    g_u16UART5SavIndex                       0x800e827a   Data           2  wt_task.o(.data)
    g_u16UART5ReadIndex                      0x800e827c   Data           2  wt_task.o(.data)
    g_u8NetADIn                              0x800e827e   Data           1  wt_task.o(.data)
    g_u8NetADOut                             0x800e827f   Data           1  wt_task.o(.data)
    g_u16NetADcount                          0x800e8280   Data           2  wt_task.o(.data)
    g_u8NetStatusErr                         0x800e8282   Data           1  wt_task.o(.data)
    g_u8CurSendNetOrderIndex                 0x800e8283   Data           1  wt_task.o(.data)
    g_u8CurNetDebugIndex                     0x800e8284   Data           1  wt_task.o(.data)
    g_u8StartOver                            0x800e8285   Data           1  wt_task.o(.data)
    g_u16CurDebugInd                         0x800e8286   Data           2  wt_task.o(.data)
    g_u16RecvLaserInd                        0x800e8288   Data           2  wt_task.o(.data)
    g_au8ReCon                               0x800e828a   Data           5  wt_task.o(.data)
    g_au8HeartRecvReplyFlag                  0x800e828f   Data           5  wt_task.o(.data)
    g_au8HeartRecvBeginCntFlag               0x800e8294   Data           5  wt_task.o(.data)
    g_au8HeartRecvFailCnt                    0x800e8299   Data           5  wt_task.o(.data)
    g_u8IsConnectFlag                        0x800e829e   Data           1  wt_task.o(.data)
    g_u32NetConCnt                           0x800e82a0   Data           4  wt_task.o(.data)
    g_u16SDSendBufIX                         0x800e82a4   Data           2  wt_task.o(.data)
    g_u8VehSendFlag                          0x800e82a6   Data           1  wt_task.o(.data)
    g_u8DebugInfoSendFlag                    0x800e82a7   Data           1  wt_task.o(.data)
    g_u32BeginIx                             0x800e82a8   Data           4  wt_task.o(.data)
    g_u32EndIx                               0x800e82ac   Data           4  wt_task.o(.data)
    Locate                                   0x800e82b0   Data           1  wt_task.o(.data)
    g_u8ChlForShow                           0x800e82b1   Data           1  wt_task.o(.data)
    g_u8StopChange                           0x800e82b2   Data           1  wt_task.o(.data)
    g_refresh_zero_cnt                       0x800e86b4   Data           1  tasktimer.o(.data)
    JCPostMapped                             0x800e86b8   Data           6  taskanalysis.o(.data)
    ZTWidthFittingSpd                        0x800e86c0   Data        1600  taskanalysis.o(.data)
    s_CoilOrLaserGpioIndex                   0x800e8d03   Data           1  taskwave.o(.data)
    m_u32Ix_Addr_Begin                       0x800e8d0c   Data           4  tasksdcard.o(.data)
    m_u32Ix_Addr_End                         0x800e8d10   Data           4  tasksdcard.o(.data)
    m_u32Offnet_Addr_Begin                   0x800e8d14   Data           4  tasksdcard.o(.data)
    m_u32Offnet_Data_Begin                   0x800e8d18   Data           4  tasksdcard.o(.data)
    m_u32Offnet_Addr_End                     0x800e8d1c   Data           4  tasksdcard.o(.data)
    m_u32VehInfo_Addr_Begin                  0x800e8d20   Data           4  tasksdcard.o(.data)
    m_u32VehInfo_Data_Begin                  0x800e8d24   Data           4  tasksdcard.o(.data)
    m_u32VehInfo_Addr_End                    0x800e8d28   Data           4  tasksdcard.o(.data)
    m_u32Log_Addr_Begin                      0x800e8d2c   Data           4  tasksdcard.o(.data)
    m_u32Log_Data_Begin                      0x800e8d30   Data           4  tasksdcard.o(.data)
    m_u32Log_Addr_End                        0x800e8d34   Data           4  tasksdcard.o(.data)
    m_u32Wave_Addr_Begin                     0x800e8d38   Data           4  tasksdcard.o(.data)
    m_u32Wave_Data_Begin                     0x800e8d3c   Data           4  tasksdcard.o(.data)
    m_u32Wave_Addr_End                       0x800e8d40   Data           4  tasksdcard.o(.data)
    su16Axle_2                               0x800e8d48   Data          20  jdprocess.o(.data)
    su16Axle_3                               0x800e8d5c   Data           8  jdprocess.o(.data)
    su16Axle_4                               0x800e8d64   Data           8  jdprocess.o(.data)
    su16Axle_5                               0x800e8d6c   Data           8  jdprocess.o(.data)
    su16Axle_6                               0x800e8d74   Data           8  jdprocess.o(.data)
    g_u8CheDaoNum                            0x800e8d82   Data           1  task_ui.o(.data)
    g_u8LCDBackGroundOn                      0x800e8d83   Data           1  task_ui.o(.data)
    g_nTongdaoZY_Change                      0x800e8d84   Data           2  task_ui.o(.data)
    m_u8Command                              0x800e8d86   Data           1  ds2460.o(.data)
    m_au8InputBuffer1                        0x800e8d87   Data          64  ds2460.o(.data)
    m_eepInfo                                0x800e8dc8   Data           4  ds2460.o(.data)
    m_au8MK                                  0x800e8dcc   Data           8  ds2460.o(.data)
    m_au8SN                                  0x800e8dd4   Data           8  ds2460.o(.data)
    m_au8CSK                                 0x800e8ddc   Data           8  ds2460.o(.data)
    m_u8ACKFlag                              0x800e8de4   Data           1  ds2460.o(.data)
    m_u8ChkResult                            0x800e8de5   Data           1  ds2460.o(.data)
    I2C1_sla                                 0x800e8de8   Data           2  i2c1.o(.data)
    I2C1_Status                              0x800e8dea   Data           1  i2c1.o(.data)
    I2C1_recvbuf                             0x800e8dec   Data           4  i2c1.o(.data)
    I2C1_sendbuf                             0x800e8df0   Data           4  i2c1.o(.data)
    I2C1_recvnum                             0x800e8df4   Data           4  i2c1.o(.data)
    I2C1_sendnum                             0x800e8df8   Data           4  i2c1.o(.data)
    I2C1_recvNullnum                         0x800e8dfc   Data           4  i2c1.o(.data)
    I2C2_sla                                 0x800e8e00   Data           2  i2c2.o(.data)
    I2C2_Status                              0x800e8e02   Data           1  i2c2.o(.data)
    I2C2_recvbuf                             0x800e8e04   Data           4  i2c2.o(.data)
    I2C2_sendbuf                             0x800e8e08   Data           4  i2c2.o(.data)
    I2C2_recvnum                             0x800e8e0c   Data           4  i2c2.o(.data)
    I2C2_sendnum                             0x800e8e10   Data           4  i2c2.o(.data)
    I2C2_recvNullnum                         0x800e8e14   Data           4  i2c2.o(.data)
    m_u16TotalDays                           0x800e8e18   Data          24  pcf8563.o(.data)
    m_u16TotalDaysLeap                       0x800e8e30   Data          24  pcf8563.o(.data)
    m_u16MonthDays                           0x800e8e48   Data          24  pcf8563.o(.data)
    m_u16MonthDaysLeap                       0x800e8e60   Data          24  pcf8563.o(.data)
    g_u8DataLen                              0x800e8e80   Data           1  uart3.o(.data)
    g_u8WDTFlag                              0x800e8e91   Data           1  wdt.o(.data)
    Rcv_Len                                  0x800e8e94   Data           4  uart1.o(.data)
    Rcv_N                                    0x800e8e98   Data           4  uart1.o(.data)
    SendBuf                                  0x800e8e9c   Data           8  uart1.o(.data)
    EN_Socket                                0x800e8ea8   Data           1  w5300.o(.data)
    Gateway_IP                               0x800e8eac   Data           4  w5300.o(.data)
    Sub_Mask                                 0x800e8eb0   Data           4  w5300.o(.data)
    Phy_Addr                                 0x800e8eb4   Data           6  w5300.o(.data)
    IP_Addr                                  0x800e8eba   Data           4  w5300.o(.data)
    S0_Port                                  0x800e8ebe   Data           2  w5300.o(.data)
    S0_DIP                                   0x800e8ec0   Data           4  w5300.o(.data)
    S0_DPort                                 0x800e8ec4   Data           2  w5300.o(.data)
    S1_Port                                  0x800e8ec6   Data           2  w5300.o(.data)
    S1_DIP                                   0x800e8ec8   Data           4  w5300.o(.data)
    S1_DPort                                 0x800e8ecc   Data           2  w5300.o(.data)
    S2_Port                                  0x800e8ece   Data           2  w5300.o(.data)
    S2_DIP                                   0x800e8ed0   Data           4  w5300.o(.data)
    S2_DPort                                 0x800e8ed4   Data           2  w5300.o(.data)
    S3_Port                                  0x800e8ed6   Data           2  w5300.o(.data)
    S3_DIP                                   0x800e8ed8   Data           4  w5300.o(.data)
    S3_DPort                                 0x800e8edc   Data           2  w5300.o(.data)
    S4_Port                                  0x800e8ede   Data           2  w5300.o(.data)
    S4_DIP                                   0x800e8ee0   Data           4  w5300.o(.data)
    S4_DPort                                 0x800e8ee4   Data           2  w5300.o(.data)
    S5_Port                                  0x800e8ee6   Data           2  w5300.o(.data)
    S5_DIP                                   0x800e8ee8   Data           4  w5300.o(.data)
    S5_DPort                                 0x800e8eec   Data           2  w5300.o(.data)
    S6_Port                                  0x800e8eee   Data           2  w5300.o(.data)
    S6_DIP                                   0x800e8ef0   Data           4  w5300.o(.data)
    S6_DPort                                 0x800e8ef4   Data           2  w5300.o(.data)
    S7_Port                                  0x800e8ef6   Data           2  w5300.o(.data)
    S7_DIP                                   0x800e8ef8   Data           4  w5300.o(.data)
    S7_DPort                                 0x800e8efc   Data           2  w5300.o(.data)
    S0_Mode                                  0x800e8efe   Data           1  w5300.o(.data)
    S1_Mode                                  0x800e8eff   Data           1  w5300.o(.data)
    S2_Mode                                  0x800e8f00   Data           1  w5300.o(.data)
    S3_Mode                                  0x800e8f01   Data           1  w5300.o(.data)
    S4_Mode                                  0x800e8f02   Data           1  w5300.o(.data)
    S5_Mode                                  0x800e8f03   Data           1  w5300.o(.data)
    S6_Mode                                  0x800e8f04   Data           1  w5300.o(.data)
    S7_Mode                                  0x800e8f05   Data           1  w5300.o(.data)
    S0_State                                 0x800e8f06   Data           1  w5300.o(.data)
    S1_State                                 0x800e8f07   Data           1  w5300.o(.data)
    S2_State                                 0x800e8f08   Data           1  w5300.o(.data)
    S3_State                                 0x800e8f09   Data           1  w5300.o(.data)
    S4_State                                 0x800e8f0a   Data           1  w5300.o(.data)
    S5_State                                 0x800e8f0b   Data           1  w5300.o(.data)
    S6_State                                 0x800e8f0c   Data           1  w5300.o(.data)
    S7_State                                 0x800e8f0d   Data           1  w5300.o(.data)
    S0_Data                                  0x800e8f0e   Data           1  w5300.o(.data)
    S1_Data                                  0x800e8f0f   Data           1  w5300.o(.data)
    S2_Data                                  0x800e8f10   Data           1  w5300.o(.data)
    S3_Data                                  0x800e8f11   Data           1  w5300.o(.data)
    S4_Data                                  0x800e8f12   Data           1  w5300.o(.data)
    S5_Data                                  0x800e8f13   Data           1  w5300.o(.data)
    S6_Data                                  0x800e8f14   Data           1  w5300.o(.data)
    S7_Data                                  0x800e8f15   Data           1  w5300.o(.data)
    W5300_Interrupt                          0x800e8f16   Data           1  w5300.o(.data)
    SOCK_INT                                 0x800e8f17   Data           8  w5300.o(.data)
    iinchip_source_port                      0x800e8f20   Data           2  socket.o(.data)
    check_sendok_flag                        0x800e8f22   Data           8  socket.o(.data)
    lpc_mci                                  0x800e8f2c   Data           4  sdhal.o(.data)
    disp_color                               0x800e8f30   Data           1  gui_stockc.o(.data)
    back_color                               0x800e8f31   Data           1  gui_stockc.o(.data)
    g_u8PosX                                 0x800e8f32   Data           1  lcddrive.o(.data)
    g_u8PosY                                 0x800e8f33   Data           1  lcddrive.o(.data)
    OSEventTbl                               0x800e8f48   Data         640  os_core.o(.bss)
    OSTaskStatStk                            0x800e91c8   Data        2048  os_core.o(.bss)
    OSTaskIdleStk                            0x800e99c8   Data        2048  os_core.o(.bss)
    OSTCBPrioTbl                             0x800ea1c8   Data         132  os_core.o(.bss)
    OSTCBTbl                                 0x800ea24c   Data         924  os_core.o(.bss)
    OSQTbl                                   0x800ea5e8   Data         960  os_core.o(.bss)
    startWave                                0x800ea9a8   Data          12  wt_task.o(.bss)
    finishWave                               0x800ea9b4   Data          12  wt_task.o(.bss)
    coilWave                                 0x800ea9c0   Data          19  wt_task.o(.bss)
    laserWave                                0x800ea9d3   Data          60  wt_task.o(.bss)
    ZTRead                                   0x800eaa0f   Data          64  wt_task.o(.bss)
    speed1                                   0x800eaa50   Data         256  wt_task.o(.bss)
    speed2                                   0x800eab50   Data         256  wt_task.o(.bss)
    speed3                                   0x800eac50   Data         256  wt_task.o(.bss)
    g_CoilOrLaserData                        0x800ead50   Data       13316  wt_task.o(.bss)
    g_RasterData                             0x800ee154   Data       68608  wt_task.o(.bss)
    g_an32TemperatureBuf                     0x800fed54   Data          64  wt_task.o(.bss)
    g_Setup                                  0x800fed94   Data        6760  wt_task.o(.bss)
    g_LaserPara                              0x801007fc   Data         176  wt_task.o(.bss)
    g_cProModParam                           0x801008ac   Data        1024  wt_task.o(.bss)
    g_an32MotionZero                         0x80100cac   Data         256  wt_task.o(.bss)
    g_apvAxleInfo                            0x80100dac   Data         512  wt_task.o(.bss)
    g_pQShouWeiList                          0x80100fac   Data         512  wt_task.o(.bss)
    g_pSendList                              0x801011ac   Data         512  wt_task.o(.bss)
    g_pQDnList                               0x801013ac   Data        1536  wt_task.o(.bss)
    g_pSendListDebug                         0x801019ac   Data        1536  wt_task.o(.bss)
    g_pQWaveList                             0x80101fac   Data        1536  wt_task.o(.bss)
    g_pNetWaveList                           0x801025ac   Data        1536  wt_task.o(.bss)
    g_pLaserInteractList                     0x80102bac   Data          64  wt_task.o(.bss)
    g_pSendPCCOM1List                        0x80102bec   Data       16000  wt_task.o(.bss)
    g_paSDOffNetWriteList                    0x80106a6c   Data         128  wt_task.o(.bss)
    g_pQSDVehWriteList                       0x80106aec   Data         128  wt_task.o(.bss)
    g_paSDDebugInfoWriteList                 0x80106b6c   Data       16000  wt_task.o(.bss)
    g_paSDWaveWriteList                      0x8010a9ec   Data        1536  wt_task.o(.bss)
    g_paJDSendList                           0x8010afec   Data          24  wt_task.o(.bss)
    g_paDisplayInfo                          0x8010b004   Data          60  wt_task.o(.bss)
    g_u8DeviceERR                            0x8010b040   Data           9  wt_task.o(.bss)
    g_u8IOStateRe                            0x8010b049   Data          16  wt_task.o(.bss)
    g_u8ZTStateRe                            0x8010b059   Data          64  wt_task.o(.bss)
    g_u32FirstCapTime                        0x8010b09c   Data          16  wt_task.o(.bss)
    g_u32CapInfo                             0x8010b0ac   Data          64  wt_task.o(.bss)
    g_ChlData                                0x8010b0ec   Data       8255488  wt_task.o(.bss)
    g_ZTTime                                 0x808ea8ec   Data         256  wt_task.o(.bss)
    g_cLaserInfo                             0x808ea9ec   Data       1031936  wt_task.o(.bss)
    g_cIOChange                              0x809e68ec   Data       1031936  wt_task.o(.bss)
    g_ChlID2TriggerID                        0x80ae27ec   Data         128  wt_task.o(.bss)
    g_AxleInfo                               0x80ae286c   Data       29184  wt_task.o(.bss)
    g_WhelData                               0x80ae9a6c   Data        2720  wt_task.o(.bss)
    g_WheelTrace                             0x80aea50c   Data       148608  wt_task.o(.bss)
    g_ReWheelTrace                           0x80b0e98c   Data       148608  wt_task.o(.bss)
    g_vehicleInfo                            0x80b32e0c   Data       13312  wt_task.o(.bss)
    g_asVehiclePerChannelForLoop             0x80b3620c   Data       24960  wt_task.o(.bss)
    g_asReVehiclePerChannelForLoop           0x80b3c38c   Data       24960  wt_task.o(.bss)
    g_HideZTVehicleStruct                    0x80b4250c   Data       24960  wt_task.o(.bss)
    g_HideZTReVehicleStruct                  0x80b4868c   Data       24960  wt_task.o(.bss)
    g_au32HideDeltZTTime                     0x80b4e80c   Data          40  wt_task.o(.bss)
    g_au8HideDeltZTEnable                    0x80b4e834   Data          10  wt_task.o(.bss)
    g_u32PreLoopTime                         0x80b4e840   Data          40  wt_task.o(.bss)
    g_u32PostLoopTime                        0x80b4e868   Data          40  wt_task.o(.bss)
    g_u8PostVehFlag                          0x80b4e890   Data          10  wt_task.o(.bss)
    g_u8RePostVehFlag                        0x80b4e89a   Data          10  wt_task.o(.bss)
    g_BackVeh                                0x80b4e8a4   Data         240  wt_task.o(.bss)
    g_DeletVeh                               0x80b4e994   Data         160  wt_task.o(.bss)
    g_u8XieLaneFlag                          0x80b4ea34   Data          10  wt_task.o(.bss)
    Forward_HideZTColum                      0x80b4ea40   Data        1280  wt_task.o(.bss)
    Reverse_HideZTColum                      0x80b4ef40   Data        1280  wt_task.o(.bss)
    g_au8WaitingPostVehFlg                   0x80b4f440   Data          10  wt_task.o(.bss)
    g_au32LoopCaTime                         0x80b4f44c   Data          40  wt_task.o(.bss)
    g_au32LoopCaTimeUp                       0x80b4f474   Data          40  wt_task.o(.bss)
    g_au32LoopCaTimeBack                     0x80b4f49c   Data          40  wt_task.o(.bss)
    g_au32LoopCaTimeUpBack                   0x80b4f4c4   Data          40  wt_task.o(.bss)
    g_au32FilterTime                         0x80b4f4ec   Data         320  wt_task.o(.bss)
    g_au32HideLineLastTime                   0x80b4f62c   Data          40  wt_task.o(.bss)
    g_au32ZHLineLastTime                     0x80b4f654   Data          40  wt_task.o(.bss)
    g_au8LoopStatePre                        0x80b4f67c   Data          16  wt_task.o(.bss)
    g_au8LoopStatePreOnlyCheck               0x80b4f68c   Data          16  wt_task.o(.bss)
    g_an16YaFengArea                         0x80b4f69c   Data          80  wt_task.o(.bss)
    g_au8ZTNumRecord                         0x80b4f6ec   Data          80  wt_task.o(.bss)
    g_au8ReFrontLoopFlag                     0x80b4f73c   Data          10  wt_task.o(.bss)
    g_au8ReZTEnPerLie                        0x80b4f746   Data          20  wt_task.o(.bss)
    g_au8ZTEnPerLie                          0x80b4f75a   Data          20  wt_task.o(.bss)
    g_u8SDVehBuff                            0x80b4f76e   Data       10240  wt_task.o(.bss)
    g_asLoopBoard                            0x80b51f70   Data         120  wt_task.o(.bss)
    g_u8IOStateForBoard                      0x80b51fe8   Data          16  wt_task.o(.bss)
    g_n8ZTRang                               0x80b51ff8   Data          20  wt_task.o(.bss)
    g_u32JGSWTime                            0x80b5200c   Data          40  wt_task.o(.bss)
    g_u8JGSWFlag                             0x80b52034   Data          10  wt_task.o(.bss)
    g_u8JGSWVehID                            0x80b5203e   Data          10  wt_task.o(.bss)
    g_u8RunZTSta                             0x80b52048   Data          64  wt_task.o(.bss)
    g_u8RunLoopSta                           0x80b52088   Data          16  wt_task.o(.bss)
    g_u8CpBuf                                0x80b52098   Data          17  wt_task.o(.bss)
    g_asLoopPerLaneInfo                      0x80b520ac   Data         240  wt_task.o(.bss)
    g_asTrafficData                          0x80b5219c   Data        1480  wt_task.o(.bss)
    g_asAxleLoadData                         0x80b52764   Data        3800  wt_task.o(.bss)
    g_cJDSendVehData                         0x80b5363c   Data       433224  wt_task.o(.bss)
    g_cJDSysParam                            0x80bbd284   Data         512  wt_task.o(.bss)
    g_au8JDUartSendBuf                       0x80bbd484   Data         512  wt_task.o(.bss)
    g_au8JDSDSaveBuf                         0x80bbd684   Data         512  wt_task.o(.bss)
    g_u8SendBufDeg                           0x80bbd884   Data       722040  wt_task.o(.bss)
    g_u8LaserPos                             0x80c6dcfc   Data        1200  wt_task.o(.bss)
    g_u8UART5RcvBuf                          0x80c6e1ac   Data       16384  wt_task.o(.bss)
    g_anfSPIAD                               0x80c721ac   Data       46720  wt_task.o(.bss)
    g_IPSetLocal                             0x80c7d82c   Data          36  wt_task.o(.bss)
    g_au8AllNetSendBuf                       0x80c7d850   Data       100000  wt_task.o(.bss)
    g_au8JDNetSendBuf                        0x80c95ef0   Data       100000  wt_task.o(.bss)
    g_sndNetBuf                              0x80cae590   Data       2310528  wt_task.o(.bss)
    g_sndNetOrderBuf                         0x80ee2710   Data       2310528  wt_task.o(.bss)
    g_cSDSendVehData                         0x81116890   Data       72204  wt_task.o(.bss)
    g_sndNetDebug                            0x8112829c   Data       18484224  wt_task.o(.bss)
    g_cDebugInfo                             0x822c8e9c   Data       520000  wt_task.o(.bss)
    g_cRecvLaserData                         0x82347ddc   Data        2080  wt_task.o(.bss)
    TaskRunTimeStatistics                    0x823485fc   Data          48  wt_task.o(.bss)
    g_au16HeartTimeCnt                       0x8234862c   Data          10  wt_task.o(.bss)
    g_au16HeartRecvTimeCnt                   0x82348636   Data          10  wt_task.o(.bss)
    g_cHeartBuf                              0x82348640   Data         510  wt_task.o(.bss)
    g_acSDSendVehInfo                        0x82348840   Data       2310528  wt_task.o(.bss)
    g_u8SDRdBuf                              0x8257c9c0   Data         512  wt_task.o(.bss)
    g_u8SDRdBuf2                             0x8257cbc0   Data         512  wt_task.o(.bss)
    g_u8SDWrBuf                              0x8257cdc0   Data         512  wt_task.o(.bss)
    g_u8SDWrBuf2                             0x8257cfc0   Data         512  wt_task.o(.bss)
    TaskStartStk                             0x8257d1c0   Data       12288  wt_task.o(.bss)
    TaskRec1Stk                              0x825801c0   Data       24576  wt_task.o(.bss)
    TaskGetDStk                              0x825861c0   Data       12288  wt_task.o(.bss)
    CheckStackTaskUseSTk                     0x825891c0   Data         256  wt_task.o(.bss)
    TaskRec2Stk                              0x825892c0   Data       12288  tasktimer.o(.bss)
    TaskRec4Stk                              0x8258c2c0   Data       12288  taskanalysis.o(.bss)
    TaskRec6Stk                              0x8258f2c0   Data       16384  taskanalysis.o(.bss)
    TaskRecWaveStk                           0x82595264   Data       12288  taskwave.o(.bss)
    s_CoilOrLaserGpioBuf                     0x82a00564   Data       4621056  taskwave.o(.bss)
    TaskRec7Stk                              0x82e68864   Data       12288  taskprotocol.o(.bss)
    Task_Laser_InteractStk                   0x82e6b990   Data       12288  task_laser_interact.o(.bss)
    TaskDebugInfoStk                         0x82e6e990   Data       16384  taskdebuginfo.o(.bss)
    m_au8SDRdIxBuf                           0x82e72990   Data         512  tasksdcard.o(.bss)
    m_au8SDWrIxBuf                           0x82e72b90   Data         512  tasksdcard.o(.bss)
    TaskSDCardStk                            0x82e72d90   Data       12288  tasksdcard.o(.bss)
    TaskRec9Stk                              0x82e75d90   Data       12288  taskjdinf.o(.bss)
    TaskRec3Stk                              0x82e78d90   Data       12288  taskkb.o(.bss)
    Task_UIStk                               0x82e7bd90   Data       12288  task_ui.o(.bss)
    g_ucTongdaoZY_Display                    0x82e7ed90   Data          10  task_ui.o(.bss)
    g_ucTongdaoNM_Display                    0x82e7ed9a   Data          10  task_ui.o(.bss)
    g_ucTongdaoZero_Display                  0x82e7eda4   Data          10  task_ui.o(.bss)
    sd_info                                  0x82e7edb0   Data          44  sdapp.o(.bss)
    g_au8Data                                0x82e7eddc   Data         128  uart3.o(.bss)
    m_au8Data                                0x82e7ee5c   Data         128  uart3.o(.bss)
    U1_Rcv_Buf                               0x82e7f6dc   Data          64  uart1.o(.bss)
    Rx_Buffer                                0x82e7f71c   Data        1460  w5300.o(.bss)
    Tx_Buffer                                0x82e7fcd0   Data        1460  w5300.o(.bss)
    TXMEM_SIZE                               0x82e80284   Data          32  w5300.o(.bss)
    RXMEM_SIZE                               0x82e802a4   Data          32  w5300.o(.bss)
    lpc_mci_struct                           0x82e802e8   Data          28  sdhal.o(.bss)
    gui_disp_buf                             0x82e80304   Data        3840  lcddrive.o(.bss)
    _random_number_data                      0x82ea47ac   Data         228  rand.o(.bss)
    __libspace_start                         0x82ea4890   Data          96  libspace.o(.bss)
    __temporary_stack_top$libspace           0x82ea48f0   Data           0  libspace.o(.bss)
    bottom_of_heap                           0x82ea4bb8   Data           1  startup.o(HeapBottom)
    StackUsr                                 0x84000000   Data           0  startup.o(StacksTop)



==============================================================================

Memory Map of the image

  Image Entry point : 0x80000114

  Load Region ROM_LOAD (Base: 0x80000000, Size: 0x000e8f48, Max: 0xffffffff, ABSOLUTE, COMPRESSED[0x000e890c])

    Execution Region ROM_EXEC (Base: 0x80000000, Size: 0x000e8060, Max: 0xffffffff, ABSOLUTE)

    Base Addr    Size         Type   Attr      Idx    E Section Name        Object

    0x80000000   0x00000114   Code   RO            1    vectors             startup.o
    0x80000114   0x00000008   Code   RO         1965  * !!!main             c_5.l(__main.o)
    0x8000011c   0x0000003c   Code   RO         2267    !!!scatter          c_5.l(__scatter.o)
    0x80000158   0x0000005c   Code   RO         2265    !!dczerorl2         c_5.l(__dczerorl2.o)
    0x800001b4   0x00000028   Code   RO         2269    !!handler_copy      c_5.l(__scatter_copy.o)
    0x800001dc   0x0000002c   Code   RO         2271    !!handler_zi        c_5.l(__scatter_zi.o)
    0x80000208   0x00000000   Code   RO         1928    .ARM.Collect$$_printf_percent$$00000000  c_5.l(_printf_percent.o)
    0x80000208   0x00000008   Code   RO         1925    .ARM.Collect$$_printf_percent$$00000008  c_5.l(_printf_i.o)
    0x80000210   0x00000008   Code   RO         1926    .ARM.Collect$$_printf_percent$$00000009  c_5.l(_printf_d.o)
    0x80000218   0x00000008   Code   RO         1927    .ARM.Collect$$_printf_percent$$0000000A  c_5.l(_printf_u.o)
    0x80000220   0x00000008   Code   RO         1924    .ARM.Collect$$_printf_percent$$0000000B  c_5.l(_printf_o.o)
    0x80000228   0x00000008   Code   RO         1923    .ARM.Collect$$_printf_percent$$0000000C  c_5.l(_printf_x.o)
    0x80000230   0x0000000c   Code   RO         2065    .ARM.Collect$$_printf_percent$$00000012  c_5.l(_printf_l.o)
    0x8000023c   0x00000008   Code   RO         1922    .ARM.Collect$$_printf_percent$$00000013  c_5.l(_printf_c.o)
    0x80000244   0x00000008   Code   RO         1929    .ARM.Collect$$_printf_percent$$00000015  c_5.l(_printf_lc.o)
    0x8000024c   0x00000008   Code   RO         2064    .ARM.Collect$$_printf_percent$$00000017  c_5.l(_printf_percent_end.o)
    0x80000254   0x00000002   Code   RO         2195    .ARM.Collect$$libinit$$00000000  c_5.l(libinit.o)
    0x80000256   0x00000000   Code   RO         2071    .ARM.Collect$$libinit$$00000002  c_5.l(libinit2.o)
    0x80000256   0x00000000   Code   RO         2074    .ARM.Collect$$libinit$$00000008  c_5.l(libinit2.o)
    0x80000256   0x00000000   Code   RO         2076    .ARM.Collect$$libinit$$0000000A  c_5.l(libinit2.o)
    0x80000256   0x00000004   Code   RO         2077    .ARM.Collect$$libinit$$0000000B  c_5.l(libinit2.o)
    0x8000025a   0x00000000   Code   RO         2078    .ARM.Collect$$libinit$$0000000C  c_5.l(libinit2.o)
    0x8000025a   0x00000006   Code   RO         2079    .ARM.Collect$$libinit$$0000000D  c_5.l(libinit2.o)
    0x80000260   0x00000000   Code   RO         2081    .ARM.Collect$$libinit$$0000000F  c_5.l(libinit2.o)
    0x80000260   0x0000000c   Code   RO         2082    .ARM.Collect$$libinit$$00000010  c_5.l(libinit2.o)
    0x8000026c   0x00000000   Code   RO         2083    .ARM.Collect$$libinit$$00000011  c_5.l(libinit2.o)
    0x8000026c   0x00000000   Code   RO         2085    .ARM.Collect$$libinit$$00000013  c_5.l(libinit2.o)
    0x8000026c   0x00000000   Code   RO         2087    .ARM.Collect$$libinit$$00000015  c_5.l(libinit2.o)
    0x8000026c   0x00000000   Code   RO         2089    .ARM.Collect$$libinit$$00000017  c_5.l(libinit2.o)
    0x8000026c   0x00000000   Code   RO         2091    .ARM.Collect$$libinit$$00000019  c_5.l(libinit2.o)
    0x8000026c   0x00000000   Code   RO         2093    .ARM.Collect$$libinit$$0000001B  c_5.l(libinit2.o)
    0x8000026c   0x00000000   Code   RO         2095    .ARM.Collect$$libinit$$0000001D  c_5.l(libinit2.o)
    0x8000026c   0x00000000   Code   RO         2097    .ARM.Collect$$libinit$$0000001F  c_5.l(libinit2.o)
    0x8000026c   0x00000000   Code   RO         2099    .ARM.Collect$$libinit$$00000021  c_5.l(libinit2.o)
    0x8000026c   0x00000000   Code   RO         2101    .ARM.Collect$$libinit$$00000023  c_5.l(libinit2.o)
    0x8000026c   0x00000000   Code   RO         2105    .ARM.Collect$$libinit$$0000002A  c_5.l(libinit2.o)
    0x8000026c   0x00000000   Code   RO         2107    .ARM.Collect$$libinit$$0000002C  c_5.l(libinit2.o)
    0x8000026c   0x00000000   Code   RO         2109    .ARM.Collect$$libinit$$0000002E  c_5.l(libinit2.o)
    0x8000026c   0x00000000   Code   RO         2111    .ARM.Collect$$libinit$$00000030  c_5.l(libinit2.o)
    0x8000026c   0x00000002   Code   RO         2112    .ARM.Collect$$libinit$$00000031  c_5.l(libinit2.o)
    0x8000026e   0x00000002   Code   RO         2229    .ARM.Collect$$libshutdown$$00000000  c_5.l(libshutdown.o)
    0x80000270   0x00000000   Code   RO         2234    .ARM.Collect$$libshutdown$$00000003  c_5.l(libshutdown2.o)
    0x80000270   0x00000000   Code   RO         2237    .ARM.Collect$$libshutdown$$00000006  c_5.l(libshutdown2.o)
    0x80000270   0x00000000   Code   RO         2240    .ARM.Collect$$libshutdown$$00000009  c_5.l(libshutdown2.o)
    0x80000270   0x00000000   Code   RO         2242    .ARM.Collect$$libshutdown$$0000000B  c_5.l(libshutdown2.o)
    0x80000270   0x00000000   Code   RO         2245    .ARM.Collect$$libshutdown$$0000000E  c_5.l(libshutdown2.o)
    0x80000270   0x00000002   Code   RO         2246    .ARM.Collect$$libshutdown$$0000000F  c_5.l(libshutdown2.o)
    0x80000272   0x00000002   PAD
    0x80000274   0x00000000   Code   RO         2047    .ARM.Collect$$rtentry$$00000000  c_5.l(rtentry.o)
    0x80000274   0x00000000   Code   RO         2140    .ARM.Collect$$rtentry$$00000002  c_5.l(rtentry2.o)
    0x80000274   0x00000008   Code   RO         2152    .ARM.Collect$$rtentry$$00000004  c_5.l(rtentry4.o)
    0x8000027c   0x00000000   Code   RO         2142    .ARM.Collect$$rtentry$$00000009  c_5.l(rtentry2.o)
    0x8000027c   0x00000004   Code   RO         2143    .ARM.Collect$$rtentry$$0000000A  c_5.l(rtentry2.o)
    0x80000280   0x00000000   Code   RO         2145    .ARM.Collect$$rtentry$$0000000C  c_5.l(rtentry2.o)
    0x80000280   0x00000028   Code   RO         2146    .ARM.Collect$$rtentry$$0000000D  c_5.l(rtentry2.o)
    0x800002a8   0x00000004   Code   RO         2198    .ARM.Collect$$rtexit$$00000000  c_5.l(rtexit.o)
    0x800002ac   0x00000000   Code   RO         2211    .ARM.Collect$$rtexit$$00000002  c_5.l(rtexit2.o)
    0x800002ac   0x00000004   Code   RO         2212    .ARM.Collect$$rtexit$$00000003  c_5.l(rtexit2.o)
    0x800002b0   0x00000008   Code   RO         2213    .ARM.Collect$$rtexit$$00000004  c_5.l(rtexit2.o)
    0x800002b8   0x00000038   Code   RO         1930    .emb_text           c_5.l(rand.o)
    0x800002f0   0x000000e4   Code   RO           15    .text               main.o
    0x800003d4   0x000001ac   Code   RO          333    .text               target.o
    0x80000580   0x00000b30   Code   RO          374    .text               os_core.o
    0x800010b0   0x00000190   Code   RO          407    .text               os_cpu_c.o
    0x80001240   0x0000048c   Code   RO          509    .text               os_q.o
    0x800016cc   0x00000248   Code   RO          521    .text               os_sem.o
    0x80001914   0x000002a0   Code   RO          533    .text               os_task.o
    0x80001bb4   0x000000e8   Code   RO          545    .text               os_time.o
    0x80001c9c   0x0001e3a8   Code   RO          561    .text               wt_task.o
    0x80020044   0x00002364   Code   RO          638    .text               common.o
    0x800223a8   0x00001c4c   Code   RO          660    .text               tasktimer.o
    0x80023ff4   0x0001ec80   Code   RO          681    .text               taskanalysis.o
    0x80042c74   0x000017bc   Code   RO          701    .text               taskwave.o
    0x80044430   0x000011e0   Code   RO          725    .text               taskprotocol.o
    0x80045610   0x00002678   Code   RO          748    .text               task_laser_interact.o
    0x80047c88   0x000001f8   Code   RO          767    .text               taskdebuginfo.o
    0x80047e80   0x000039e4   Code   RO          786    .text               tasksdcard.o
    0x8004b864   0x0005b570   Code   RO          809    .text               wt_task_looplogicfunction.o
    0x800a6dd4   0x00008a20   Code   RO          827    .text               jdprocess.o
    0x800af7f4   0x000003b4   Code   RO          846    .text               taskjdinf.o
    0x800afba8   0x00000470   Code   RO          865    .text               taskkb.o
    0x800b0018   0x000021cc   Code   RO          884    .text               task_ui.o
    0x800b21e4   0x000000a8   Code   RO          904    .text               irq.o
    0x800b228c   0x000002a8   Code   RO          921    .text               ds18b20.o
    0x800b2534   0x00000044   Code   RO         1029    .text               gpio.o
    0x800b2578   0x000006e4   Code   RO         1044    .text               i2c1.o
    0x800b2c5c   0x0000068c   Code   RO         1070    .text               i2c2.o
    0x800b32e8   0x000003a4   Code   RO         1088    .text               nandflash.o
    0x800b368c   0x000002c0   Code   RO         1100    .text               norflash.o
    0x800b394c   0x0000076c   Code   RO         1115    .text               pcf8563.o
    0x800b40b8   0x00000184   Code   RO         1133    .text               sdapp.o
    0x800b423c   0x000000b4   Code   RO         1176    .text               storageapp.o
    0x800b42f0   0x00000058   Code   RO         1194    .text               tdc256.o
    0x800b4348   0x00000234   Code   RO         1209    .text               timer0.o
    0x800b457c   0x00000760   Code   RO         1227    .text               uart2.o
    0x800b4cdc   0x00000788   Code   RO         1245    .text               uart3.o
    0x800b5464   0x0000083c   Code   RO         1269    .text               uart5.o
    0x800b5ca0   0x00000080   Code   RO         1288    .text               wdt.o
    0x800b5d20   0x00004fe0   Code   RO         1306    .text               fpga_app.o
    0x800bad00   0x00000328   Code   RO         1330    .text               uart1.o
    0x800bb028   0x0000004c   Code   RO         1347    .text               timer1.o
    0x800bb074   0x00000164   Code   RO         1362    .text               keyboard.o
    0x800bb1d8   0x00000584   Code   RO         1377    .text               lcdapp.o
    0x800bb75c   0x00001f94   Code   RO         1416    .text               w5300.o
    0x800bd6f0   0x000009ec   Code   RO         1437    .text               socket.o
    0x800be0dc   0x000019b8   Code   RO         1456    .text               w5300app.o
    0x800bfa94   0x00000b20   Code   RO         1487    .text               sdcmd.o
    0x800c05b4   0x00000ca8   Code   RO         1514    .text               sddriver.o
    0x800c125c   0x00000fb4   Code   RO         1529    .text               sdhal.o
    0x800c2210   0x00000638   Code   RO         1575    .text               gui_basic.o
    0x800c2848   0x00000060   Code   RO         1587    .text               gui_stockc.o
    0x800c28a8   0x0000061c   Code   RO         1631    .text               lcddrive.o
    0x800c2ec4   0x000003fc   Code   RO         1651    .text               loadbit.o
    0x800c32c0   0x00003b14   Code   RO         1687    .text               ui.o
    0x800c6dd4   0x00009850   Code   RO         1780    .text               prtclwj.o
    0x800d0624   0x00000bf8   Code   RO         1800    .text               prtclwjold.o
    0x800d121c   0x00003350   Code   RO         1818    .text               prtclfxc.o
    0x800d456c   0x00001558   Code   RO         1837    .text               prtclwjjd.o
    0x800d5ac4   0x00000004   Code   RO         1856    .text               c_5.l(use_no_semi.o)
    0x800d5ac8   0x0000002c   Code   RO         1858    .text               c_5.l(__2sprintf.o)
    0x800d5af4   0x0000004e   Code   RO         1864    .text               c_5.l(_printf_pad.o)
    0x800d5b42   0x0000002c   Code   RO         1866    .text               c_5.l(_printf_truncate.o)
    0x800d5b6e   0x00000052   Code   RO         1868    .text               c_5.l(_printf_str.o)
    0x800d5bc0   0x00000008   Ven    RO         1870    .text               c_5.l(_printf_dec.o)
    0x800d5bc8   0x0000006c   Code   RO         1870    .text               c_5.l(_printf_dec.o)
    0x800d5c34   0x000000bc   Code   RO         1872    .text               c_5.l(_printf_wctomb.o)
    0x800d5cf0   0x00000008   Ven    RO         1877    .text               c_5.l(_printf_oct_int.o)
    0x800d5cf8   0x00000050   Code   RO         1877    .text               c_5.l(_printf_oct_int.o)
    0x800d5d48   0x00000008   Ven    RO         1884    .text               c_5.l(_printf_hex_int.o)
    0x800d5d50   0x00000058   Code   RO         1884    .text               c_5.l(_printf_hex_int.o)
    0x800d5da8   0x00000188   Code   RO         1919    .text               c_5.l(__printf_flags_ss_wp.o)
    0x800d5f30   0x00000040   Code   RO         1931    .text               c_5.l(rand.o)
    0x800d5f70   0x00000044   Code   RO         1935    .text               c_5.l(strlen.o)
    0x800d5fb4   0x000000d4   Code   RO         1937    .text               c_5.l(rt_memcpy.o)
    0x800d6088   0x00000064   Code   RO         1939    .text               c_5.l(rt_memcpy_w.o)
    0x800d60ec   0x00000010   Code   RO         1941    .text               c_5.l(aeabi_memset.o)
    0x800d60fc   0x00000040   Code   RO         1943    .text               c_5.l(rt_memclr.o)
    0x800d613c   0x00000054   Code   RO         1945    .text               c_5.l(rt_memclr_w.o)
    0x800d6190   0x0000017c   Code   RO         1947    .text               c_5.l(aeabi_sdiv.o)
    0x800d630c   0x00000006   Code   RO         1963    .text               c_5.l(heapauxi.o)
    0x800d6312   0x00000016   Code   RO         2052    .text               c_5.l(_rserrno.o)
    0x800d6328   0x000000b0   Code   RO         2054    .text               c_5.l(_printf_intcommon.o)
    0x800d63d8   0x00000030   Code   RO         2056    .text               c_5.l(_printf_char_common.o)
    0x800d6408   0x0000000a   Code   RO         2058    .text               c_5.l(_sputc.o)
    0x800d6412   0x00000002   PAD
    0x800d6414   0x00000008   Ven    RO         2060    .text               c_5.l(_printf_char.o)
    0x800d641c   0x0000002e   Code   RO         2060    .text               c_5.l(_printf_char.o)
    0x800d644a   0x00000002   PAD
    0x800d644c   0x00000008   Ven    RO         2062    .text               c_5.l(_printf_wchar.o)
    0x800d6454   0x0000002e   Code   RO         2062    .text               c_5.l(_printf_wchar.o)
    0x800d6482   0x00000044   Code   RO         2066    .text               c_5.l(_wcrtomb.o)
    0x800d64c6   0x00000002   PAD
    0x800d64c8   0x0000002c   Code   RO         2068    .text               c_5.l(rtudiv10.o)
    0x800d64f4   0x00000014   Code   RO         2154    .text               c_5.l(rt_ctype_table.o)
    0x800d6508   0x0000000c   Code   RO         2159    .text               c_5.l(rt_errno_addr_intlibspace.o)
    0x800d6514   0x0000000c   Code   RO         2171    .text               c_5.l(libspace.o)
    0x800d6520   0x00000060   Code   RO         2174    .text               c_5.l(sys_stackheap_outer.o)
    0x800d6580   0x0000000c   Code   RO         2179    .text               c_5.l(rt_locale_intlibspace.o)
    0x800d658c   0x0000000c   Code   RO         2184    .text               c_5.l(exit.o)
    0x800d6598   0x000000a0   Code   RO         2206    .text               c_5.l(strcmp.o)
    0x800d6638   0x00000024   Code   RO         1948    .text_udiv          c_5.l(aeabi_sdiv.o)
    0x800d665c   0x00000bdc   Code   RO           11    RUNFIRST            viccontrol.o
    0x800d7238   0x00000030   Code   RO         2134    i.__ARM_fpclassify  m_5s.l(fpclassify.o)
    0x800d7268   0x000000f0   Code   RO         2136    i.__kernel_poly     m_5s.l(poly.o)
    0x800d7358   0x00000014   Code   RO         2132    i.__mathlib_dbl_underflow  m_5s.l(dunder.o)
    0x800d736c   0x0000000e   Code   RO         1912    i._is_digit         c_5.l(__printf_wp.o)
    0x800d737a   0x00000002   PAD
    0x800d737c   0x000003b4   Code   RO         2020    i.exp               m_5s.l(exp.o)
    0x800d7730   0x00000550   Code   RO         2030    i.log               m_5s.l(log.o)
    0x800d7c80   0x00000048   Code   RO         2182    locale$$code        c_5.l(lc_ctype_c.o)
    0x800d7cc8   0x0000021c   Code   RO          557    subr                os_cpu_a.o
    0x800d7ee4   0x00000154   Code   RO         1969    x$fpl$dadd          fz_5s.l(daddsub_clz.o)
    0x800d8038   0x00000010   Code   RO         2165    x$fpl$dcheck1       fz_5s.l(dcheck1.o)
    0x800d8048   0x0000001c   Code   RO         2167    x$fpl$dcmpinf       fz_5s.l(dcmpi.o)
    0x800d8064   0x000002d0   Code   RO         1976    x$fpl$ddiv          fz_5s.l(ddiv.o)
    0x800d8334   0x00000094   Code   RO         2113    x$fpl$deqf          fz_5s.l(deqf.o)
    0x800d83c8   0x00000070   Code   RO         1979    x$fpl$dfix          fz_5s.l(dfix.o)
    0x800d8438   0x00000070   Code   RO         1983    x$fpl$dfixu         fz_5s.l(dfixu.o)
    0x800d84a8   0x00000034   Code   RO         1988    x$fpl$dflt          fz_5s.l(dflt_clz.o)
    0x800d84dc   0x00000094   Code   RO         2115    x$fpl$dleqf         fz_5s.l(dleqf.o)
    0x800d8570   0x00000178   Code   RO         1993    x$fpl$dmul          fz_5s.l(dmul.o)
    0x800d86e8   0x000000b8   Code   RO         2117    x$fpl$dnaninf       fz_5s.l(dnaninf.o)
    0x800d87a0   0x00000010   Code   RO         2119    x$fpl$dretinf       fz_5s.l(dretinf.o)
    0x800d87b0   0x0000008c   Code   RO         2121    x$fpl$drleqf        fz_5s.l(drleqf.o)
    0x800d883c   0x00000018   Code   RO         1970    x$fpl$drsb          fz_5s.l(daddsub_clz.o)
    0x800d8854   0x00000200   Code   RO         1971    x$fpl$dsub          fz_5s.l(daddsub_clz.o)
    0x800d8a54   0x000000c4   Code   RO         1997    x$fpl$fadd          fz_5s.l(faddsub_clz.o)
    0x800d8b18   0x00000190   Code   RO         2004    x$fpl$fdiv          fz_5s.l(fdiv.o)
    0x800d8ca8   0x00000044   Code   RO         2007    x$fpl$ffix          fz_5s.l(ffix.o)
    0x800d8cec   0x00000030   Code   RO         2012    x$fpl$fflt          fz_5s.l(fflt_clz.o)
    0x800d8d1c   0x00000028   Code   RO         2011    x$fpl$ffltu         fz_5s.l(fflt_clz.o)
    0x800d8d44   0x00000100   Code   RO         2017    x$fpl$fmul          fz_5s.l(fmul.o)
    0x800d8e44   0x000000a0   Code   RO         2125    x$fpl$fnaninf       fz_5s.l(fnaninf.o)
    0x800d8ee4   0x00000010   Code   RO         2127    x$fpl$fretinf       fz_5s.l(fretinf.o)
    0x800d8ef4   0x00000014   Code   RO         1998    x$fpl$frsb          fz_5s.l(faddsub_clz.o)
    0x800d8f08   0x00000100   Code   RO         1999    x$fpl$fsub          fz_5s.l(faddsub_clz.o)
    0x800d9008   0x00000074   Code   RO         2196    x$fpl$retnan        fz_5s.l(retnan.o)
    0x800d907c   0x00000068   Code   RO         2129    x$fpl$scalbn        fz_5s.l(scalbn.o)
    0x800d90e4   0x0000003c   Code   RO         2208    x$fpl$trapveneer    fz_5s.l(trapv.o)
    0x800d9120   0x00000000   Code   RO         2131    x$fpl$usenofp       fz_5s.l(usenofp.o)
    0x800d9120   0x00000108   Data   RO          376    .constdata          os_core.o
    0x800d9228   0x00000158   Data   RO          408    .constdata          os_cpu_c.o
    0x800d9380   0x00000199   Data   RO          563    .constdata          wt_task.o
    0x800d9519   0x00000003   PAD
    0x800d951c   0x000001a7   Data   RO          662    .constdata          tasktimer.o
    0x800d96c3   0x00000001   PAD
    0x800d96c4   0x000001dd   Data   RO          683    .constdata          taskanalysis.o
    0x800d98a1   0x00000003   PAD
    0x800d98a4   0x00000191   Data   RO          727    .constdata          taskprotocol.o
    0x800d9a35   0x00000003   PAD
    0x800d9a38   0x00000263   Data   RO          750    .constdata          task_laser_interact.o
    0x800d9c9b   0x00000001   PAD
    0x800d9c9c   0x00000301   Data   RO          810    .constdata          wt_task_looplogicfunction.o
    0x800d9f9d   0x00000f00   Data   RO         1378    .constdata          lcdapp.o
    0x800dae9d   0x00000003   PAD
    0x800daea0   0x00000058   Data   RO         1515    .constdata          sddriver.o
    0x800daef8   0x00000008   Data   RO         1588    .constdata          gui_stockc.o
    0x800daf00   0x00000008   Data   RO         1633    .constdata          lcddrive.o
    0x800daf08   0x0000c816   Data   RO         1652    .constdata          loadbit.o
    0x800e771e   0x00000002   PAD
    0x800e7720   0x000005d0   Data   RO         1801    .constdata          prtclwjold.o
    0x800e7cf0   0x00000150   Data   RO         1820    .constdata          prtclfxc.o
    0x800e7e40   0x00000008   Data   RO         1873    .constdata          c_5.l(_printf_wctomb.o)
    0x800e7e48   0x00000028   Data   RO         1885    .constdata          c_5.l(_printf_hex_int.o)
    0x800e7e70   0x00000011   Data   RO         1920    .constdata          c_5.l(__printf_flags_ss_wp.o)
    0x800e7e81   0x00000007   PAD
    0x800e7e88   0x00000058   Data   RO         2021    .constdata          m_5s.l(exp.o)
    0x800e7ee0   0x00000038   Data   RO         2031    .constdata          m_5s.l(log.o)
    0x800e7f18   0x00000008   Data   RO         2138    .constdata          m_5s.l(qnan.o)
    0x800e7f20   0x00000030   Data   RO         2263    Region$$Table       anon$$obj.o
    0x800e7f50   0x00000110   Data   RO         2181    locale$$data        c_5.l(lc_ctype_c.o)


    Execution Region ERAM (Base: 0x800e8060, Size: 0x02dbcb58, Max: 0xffffffff, ABSOLUTE, COMPRESSED[0x000008ac])

    Base Addr    Size         Type   Attr      Idx    E Section Name        Object

    0x800e8060   0x00000040   Data   RW          377    .data               os_core.o
    0x800e80a0   0x00000004   Data   RW          409    .data               os_cpu_c.o
    0x800e80a4   0x00000004   PAD
    0x800e80a8   0x0000020b   Data   RW          564    .data               wt_task.o
    0x800e82b3   0x00000001   PAD
    0x800e82b4   0x00000400   Data   RW          640    .data               common.o
    0x800e86b4   0x00000001   Data   RW          663    .data               tasktimer.o
    0x800e86b5   0x00000003   PAD
    0x800e86b8   0x00000648   Data   RW          684    .data               taskanalysis.o
    0x800e8d00   0x00000004   Data   RW          704    .data               taskwave.o
    0x800e8d04   0x00000006   Data   RW          728    .data               taskprotocol.o
    0x800e8d0a   0x00000002   PAD
    0x800e8d0c   0x00000038   Data   RW          789    .data               tasksdcard.o
    0x800e8d44   0x00000004   Data   RW          811    .data               wt_task_looplogicfunction.o
    0x800e8d48   0x0000003a   Data   RW          829    .data               jdprocess.o
    0x800e8d82   0x00000004   Data   RW          887    .data               task_ui.o
    0x800e8d86   0x00000060   Data   RW          942    .data               ds2460.o
    0x800e8de6   0x00000002   PAD
    0x800e8de8   0x00000018   Data   RW         1045    .data               i2c1.o
    0x800e8e00   0x00000018   Data   RW         1071    .data               i2c2.o
    0x800e8e18   0x00000060   Data   RW         1116    .data               pcf8563.o
    0x800e8e78   0x00000002   Data   RW         1211    .data               timer0.o
    0x800e8e7a   0x00000005   Data   RW         1229    .data               uart2.o
    0x800e8e7f   0x00000001   PAD
    0x800e8e80   0x00000009   Data   RW         1248    .data               uart3.o
    0x800e8e89   0x00000001   PAD
    0x800e8e8a   0x00000007   Data   RW         1272    .data               uart5.o
    0x800e8e91   0x00000001   Data   RW         1289    .data               wdt.o
    0x800e8e92   0x00000002   PAD
    0x800e8e94   0x00000011   Data   RW         1333    .data               uart1.o
    0x800e8ea5   0x00000002   Data   RW         1379    .data               lcdapp.o
    0x800e8ea7   0x00000001   PAD
    0x800e8ea8   0x00000077   Data   RW         1418    .data               w5300.o
    0x800e8f1f   0x00000001   PAD
    0x800e8f20   0x0000000a   Data   RW         1438    .data               socket.o
    0x800e8f2a   0x00000002   PAD
    0x800e8f2c   0x00000004   Data   RW         1531    .data               sdhal.o
    0x800e8f30   0x00000002   Data   RW         1589    .data               gui_stockc.o
    0x800e8f32   0x00000002   Data   RW         1634    .data               lcddrive.o
    0x800e8f34   0x00000010   Data   RW         1783    .data               prtclwj.o
    0x800e8f44   0x00000004   Data   RW         1821    .data               prtclfxc.o
    0x800e8f48   0x00001a60   Zero   RW          375    .bss                os_core.o
    0x800ea9a8   0x0249e918   Zero   RW          562    .bss                wt_task.o
    0x825892c0   0x00003000   Zero   RW          661    .bss                tasktimer.o
    0x8258c2c0   0x00007000   Zero   RW          682    .bss                taskanalysis.o
    0x825932c0   0x008d55a4   Zero   RW          702    .bss                taskwave.o
    0x82e68864   0x00003000   Zero   RW          726    .bss                taskprotocol.o
    0x82e6b864   0x0000312c   Zero   RW          749    .bss                task_laser_interact.o
    0x82e6e990   0x00004000   Zero   RW          768    .bss                taskdebuginfo.o
    0x82e72990   0x00003400   Zero   RW          787    .bss                tasksdcard.o
    0x82e75d90   0x00003000   Zero   RW          847    .bss                taskjdinf.o
    0x82e78d90   0x00003000   Zero   RW          866    .bss                taskkb.o
    0x82e7bd90   0x0000301e   Zero   RW          885    .bss                task_ui.o
    0x82e7edae   0x00000002   PAD
    0x82e7edb0   0x0000002c   Zero   RW         1134    .bss                sdapp.o
    0x82e7eddc   0x00000100   Zero   RW         1246    .bss                uart3.o
    0x82e7eedc   0x00000800   Zero   RW         1270    .bss                uart5.o
    0x82e7f6dc   0x00000040   Zero   RW         1331    .bss                uart1.o
    0x82e7f71c   0x00000ba8   Zero   RW         1417    .bss                w5300.o
    0x82e802c4   0x00000024   Zero   RW         1457    .bss                w5300app.o
    0x82e802e8   0x0000001c   Zero   RW         1530    .bss                sdhal.o
    0x82e80304   0x00000f00   Zero   RW         1632    .bss                lcddrive.o
    0x82e81204   0x00011ad4   Zero   RW         1781    .bss                prtclwj.o
    0x82e92cd8   0x00011ad4   Zero   RW         1819    .bss                prtclfxc.o
    0x82ea47ac   0x000000e4   Zero   RW         1932    .bss                c_5.l(rand.o)
    0x82ea4890   0x00000060   Zero   RW         2172    .bss                c_5.l(libspace.o)
    0x82ea48f0   0x00000148   Zero   RW            2    MyStacks            startup.o
    0x82ea4a38   0x00000180   Zero   RW           12    VectStacks          viccontrol.o


    Execution Region HEAP_BOTTOM (Base: 0x82ea4bb8, Size: 0x00000004, Max: 0xffffffff, ABSOLUTE, UNINIT)

    Base Addr    Size         Type   Attr      Idx    E Section Name        Object

    0x82ea4bb8   0x00000001   Zero   RW            3    HeapBottom          startup.o


    Execution Region STACKS_BOTTOM (Base: 0x82ea4bbc, Size: 0x00000004, Max: 0xffffffff, ABSOLUTE, UNINIT)

    Base Addr    Size         Type   Attr      Idx    E Section Name        Object

    0x82ea4bbc   0x00000001   Zero   RW            4    StackBottom         startup.o


    Execution Region HEAPS (Base: 0x84000000, Size: 0x00000000, Max: 0xffffffff, ABSOLUTE, UNINIT)

    Base Addr    Size         Type   Attr      Idx    E Section Name        Object

    0x84000000   0x00000000   Zero   RW            5    HeapTop             startup.o
    0x84000000   0x00000000   Zero   RW            6    StacksTop           startup.o


==============================================================================

Image component sizes


      Code (inc. data)   RO Data    RW Data    ZI Data      Debug   Object Name

      9060       1120          0       1024          0      11654   common.o
       680         12          0          0          0       1785   ds18b20.o
         0          0          0         96          0      20689   ds2460.o
         0          0          0          0          0       2190   fat32app.o
     20448        264          0          0          0       7402   fpga_app.o
        68          8          0          0          0        627   gpio.o
      1592          0          0          0          0       4013   gui_basic.o
        96          8          8          2          0       1579   gui_stockc.o
      1764         52          0         24          0       4493   i2c1.o
      1676         48          0         24          0       3974   i2c2.o
       168          8          0          0          0        751   irq.o
     35360        508          0         58          0      25539   jdprocess.o
       356         28          0          0          0        803   keyboard.o
      1412         40       3840          2          0       4132   lcdapp.o
      1564         20          8          2       3840       5652   lcddrive.o
      1020         32      51222          0          0       3688   loadbit.o
       228          8          0          0          0      61550   main.o
       932         24          0          0          0       3067   nandflash.o
       704         20          0          0          0       3002   norflash.o
      2864        112        264         64       6752      11185   os_core.o
       540         88          0          0          0        380   os_cpu_a.o
       400          4        344          4          0       8873   os_cpu_c.o
         0          0          0          0          0       4551   os_flag.o
      1164         20          0          0          0       2741   os_q.o
       584         16          0          0          0       1658   os_sem.o
       672         24          0          0          0       1742   os_task.o
       232         16          0          0          0        820   os_time.o
      1900         44          0         96          0       3213   pcf8563.o
     13136        468        336          4      72404       8649   prtclfxc.o
     38992       1228          0         16      72404      22636   prtclwj.o
      5464        248          0          0          0       6830   prtclwjjd.o
      3064         48       1488          0          0       3792   prtclwjold.o
       388         16          0          0         44       4067   sdapp.o
      2848          8          0          0          0       8487   sdcmd.o
      3240         24         88          0          0       6785   sddriver.o
      4020         52          0          4         28       8528   sdhal.o
      2540         32          0         10          0       4682   socket.o
       276         76          0          0        330        372   startup.o
       180          4          0          0          0       1296   storageapp.o
       428         24          0          0          0       2716   target.o
      9848        264        611          0      12588       4247   task_laser_interact.o
      8652        128          0          4      12318       7127   task_ui.o
    126080       1620        477       1608      28672      46277   taskanalysis.o
       504         84          0          0      16384       1859   taskdebuginfo.o
       948        176          0          0      12288       1601   taskjdinf.o
      1136         28          0          0      12288       1665   taskkb.o
      4576        200        401          6      12288       4933   taskprotocol.o
     14820        444          0         56      13312      14149   tasksdcard.o
      7244        324        423          1      12288       5115   tasktimer.o
      6076        180          0          4    9262500       3615   taskwave.o
        88          0          0          0          0       1221   tdc256.o
       564         52          0          2          0       1244   timer0.o
        76          4          0          0          0        448   timer1.o
       808         28          0         17         64       2286   uart1.o
      1888         36          0          5          0       2362   uart2.o
      1928         96          0          9        256       2892   uart3.o
      2108         76          0          7       2048       2859   uart5.o
     15124       1804          0          0          0      13134   ui.o
      3036        268          0          0        384       1012   viccontrol.o
      8084        348          0        119       2984      20947   w5300.o
      6584        224          0          0         36       5091   w5300app.o
       128          8          0          1          0        692   wdt.o
    123816       1916        409        523   38398232      55618   wt_task.o
    374128       3320        769          4          0     100644   wt_task_looplogicfunction.o

    ----------------------------------------------------------------------
    878304      16380      60752       3816   47954740     581631   Object Totals
         0          0         48          0          0          0   (incl. Generated)
         0          0         16         20          8          0   (incl. Padding)

    ----------------------------------------------------------------------

      Code (inc. data)   RO Data    RW Data    ZI Data      Debug   Library Member Name

        44          4          0          0          0         84   __2sprintf.o
        92          0          0          0          0          0   __dczerorl2.o
         8          0          0          0          0         68   __main.o
       392          6         17          0          0         76   __printf_flags_ss_wp.o
        14          0          0          0          0         60   __printf_wp.o
        60          8          0          0          0          0   __scatter.o
        40          0          0          0          0          0   __scatter_copy.o
        44          0          0          0          0          0   __scatter_zi.o
         8          0          0          0          0          0   _printf_c.o
        54          0          0          0          0        100   _printf_char.o
        48          6          0          0          0         88   _printf_char_common.o
         8          0          0          0          0          0   _printf_d.o
       116         18          0          0          0         76   _printf_dec.o
        96          4         40          0          0         72   _printf_hex_int.o
         8          0          0          0          0          0   _printf_i.o
       176          0          0          0          0         80   _printf_intcommon.o
        12          0          0          0          0          0   _printf_l.o
         8          0          0          0          0          0   _printf_lc.o
         8          0          0          0          0          0   _printf_o.o
        88          8          0          0          0         72   _printf_oct_int.o
        78          0          0          0          0        100   _printf_pad.o
         0          0          0          0          0          0   _printf_percent.o
         8          0          0          0          0          0   _printf_percent_end.o
        82          0          0          0          0         72   _printf_str.o
        44          0          0          0          0         76   _printf_truncate.o
         8          0          0          0          0          0   _printf_u.o
        54          0          0          0          0        100   _printf_wchar.o
       188          6          8          0          0         80   _printf_wctomb.o
         8          0          0          0          0          0   _printf_x.o
        22          0          0          0          0         92   _rserrno.o
        10          0          0          0          0         60   _sputc.o
        68          0          0          0          0         72   _wcrtomb.o
        16          0          0          0          0         68   aeabi_memset.o
       416          0          0          0          0        144   aeabi_sdiv.o
        12          0          0          0          0         64   exit.o
         6          0          0          0          0        136   heapauxi.o
        72          8        272          0          0         76   lc_ctype_c.o
         2          0          0          0          0          0   libinit.o
        24          0          0          0          0          0   libinit2.o
         2          0          0          0          0          0   libshutdown.o
         2          0          0          0          0          0   libshutdown2.o
        12          4          0          0         96         68   libspace.o
       120         18          0          0        228        156   rand.o
        20          4          0          0          0         76   rt_ctype_table.o
        12          4          0          0          0         68   rt_errno_addr_intlibspace.o
        12          4          0          0          0         68   rt_locale_intlibspace.o
        64          0          0          0          0         68   rt_memclr.o
        84          0          0          0          0         80   rt_memclr_w.o
       212          0          0          0          0         68   rt_memcpy.o
       100          0          0          0          0         80   rt_memcpy_w.o
         0          0          0          0          0          0   rtentry.o
        44          4          0          0          0          0   rtentry2.o
         8          0          0          0          0          0   rtentry4.o
         4          0          0          0          0          0   rtexit.o
        12          0          0          0          0          0   rtexit2.o
        44          0          0          0          0         68   rtudiv10.o
       160          4          0          0          0         80   strcmp.o
        68          6          0          0          0         72   strlen.o
        96          0          0          0          0         80   sys_stackheap_outer.o
         4          0          0          0          0         68   use_no_semi.o
       876         16          0          0          0        356   daddsub_clz.o
        16          4          0          0          0         68   dcheck1.o
        28          0          0          0          0         68   dcmpi.o
       720        140          0          0          0        212   ddiv.o
       148          4          0          0          0         92   deqf.o
       112          4          0          0          0         92   dfix.o
       112          4          0          0          0         92   dfixu.o
        52          0          0          0          0         68   dflt_clz.o
       148          4          0          0          0         92   dleqf.o
       376         16          0          0          0        104   dmul.o
       184          0          0          0          0         92   dnaninf.o
        16          0          0          0          0         68   dretinf.o
       140          0          0          0          0         80   drleqf.o
       472          8          0          0          0        236   faddsub_clz.o
       400         76          0          0          0         96   fdiv.o
        68          4          0          0          0         84   ffix.o
        88          0          0          0          0        136   fflt_clz.o
       256          4          0          0          0         84   fmul.o
       160          0          0          0          0         84   fnaninf.o
        16          0          0          0          0         68   fretinf.o
       116          0          0          0          0         68   retnan.o
       104          0          0          0          0         68   scalbn.o
        60          0          0          0          0         68   trapv.o
         0          0          0          0          0          0   usenofp.o
        20          4          0          0          0         68   dunder.o
       948         92         88          0          0        184   exp.o
        48          4          0          0          0         68   fpclassify.o
      1360         60         56          0          0        276   log.o
       240          0          0          0          0         92   poly.o
         0          0          8          0          0          0   qnan.o

    ----------------------------------------------------------------------
     10816        560        496          0        324       6180   Library Totals
        10          0          7          0          0          0   (incl. Padding)

    ----------------------------------------------------------------------

      Code (inc. data)   RO Data    RW Data    ZI Data      Debug   Library Name

      3522        116        337          0        324       3016   c_5.l
      4668        284          0          0          0       2476   fz_5s.l
      2616        160        152          0          0        688   m_5s.l

    ----------------------------------------------------------------------
     10816        560        496          0        324       6180   Library Totals

    ----------------------------------------------------------------------

==============================================================================


      Code (inc. data)   RO Data    RW Data    ZI Data      Debug   

    889120      16940      61248       3816   47955064     580067   Grand Totals
    889120      16940      61248       2220   47955064     580067   ELF Image Totals (compressed)
    889120      16940      61248       2220          0          0   ROM Totals

==============================================================================

    Total RO  Size (Code + RO Data)               950368 ( 928.09kB)
    Total RW  Size (RW Data + ZI Data)          47958880 (46834.84kB)
    Total ROM Size (Code + RO Data + RW Data)     952588 ( 930.26kB)

==============================================================================

