<html>
<body>
<pre>
<h1>µVision Build Log</h1>
<h2>Project:</h2>
D:\wanji\0.Off-Site\anticheat\AntiCheatUtilityLogic20181212£¨AntiCheatUtilityLogic20181210£©\PROJECT\FXC_AntiCheatUtulityLogic.uvproj
Project File Date:  12/12/2018

<h2>Output:</h2>
Build target 'AntiCheatUtulityLogic'
compiling WT_Task.c...
linking...
Program Size: Code=885572 RO-data=61244 RW-data=3816 ZI-data=47953940  
FromELF: creating hex file...
After Build - User command #1: D:\Keil_V474\ARM\ARMCC\bin\fromelf.exe --bin -o ..\PROJECT\WJ-WIM-1800.bin ..\OBJ\FXC-Logic1800.axf
"..\OBJ\FXC-Logic1800.axf" - 0 Error(s), 0 Warning(s).
</pre>
</body>
</html>
