<!doctype html public "-//w3c//dtd html 4.0 transitional//en">
<html><head>
<title>Static Call Graph - [..\OBJ\FXC-NewLogic.axf]</title></head>
<body><HR>
<H1>Static Call Graph for image ..\OBJ\FXC-NewLogic.axf</H1><HR>
<BR><P>#&#060CALLGRAPH&#062# ARM Linker, 5.03 [Build 24]: Last Updated: Mon Jun 04 11:25:32 2018
<BR><P>
<H3>Maximum Stack Usage =       4952 bytes + Unknown(Functions without stacksize, Cycles, Untraceable Function Pointers)</H3><H3>
Call chain for Maximum Stack Depth:</H3>
TaskRec6 &rArr; FPostVehForLoop &rArr; __2sprintf &rArr; _printf_char_common &rArr; __printf
<P>
<H3>
Functions with no stack information
</H3><UL>
 <LI><a href="#[b]">Reset</a>
 <LI><a href="#[5]">SoftwareInterruptAdd</a>
 <LI><a href="#[49]">InitStack</a>
 <LI><a href="#[4a]">__user_initial_stackheap</a>
 <LI><a href="#[4b]">_sys_exit</a>
 <LI><a href="#[4c]">__rt_div0</a>
 <LI><a href="#[4d]">_sys_close</a>
 <LI><a href="#[4e]">_sys_command_string</a>
 <LI><a href="#[4f]">_sys_ensure</a>
 <LI><a href="#[50]">_sys_flen</a>
 <LI><a href="#[51]">_sys_istty</a>
 <LI><a href="#[52]">_sys_read</a>
 <LI><a href="#[53]">_sys_seek</a>
 <LI><a href="#[54]">_sys_tmpnam</a>
 <LI><a href="#[55]">_sys_write</a>
 <LI><a href="#[56]">fgetc</a>
 <LI><a href="#[7d]">vicInitial</a>
 <LI><a href="#[9]">FIQ_Handler</a>
 <LI><a href="#[8]">IRQ_Handler</a>
 <LI><a href="#[58]">vicControl</a>
 <LI><a href="#[57]">SoftwareInterrupt</a>
 <LI><a href="#[3a]">OSIntCtxSw</a>
 <LI><a href="#[293]">__OSStartHighRdy</a>
 <LI><a href="#[4]">Undefined</a>
 <LI><a href="#[6]">PrefetchAbort</a>
 <LI><a href="#[7]">DataAbort</a>
 <LI><a href="#[3]">ResetInit</a>
 <LI><a href="#[37]">IRQ_SCI1_Func</a>
 <LI><a href="#[38]">IRQ_SCI2_Func</a>
 <LI><a href="#[25]">SetmicIrqFunc</a>
 <LI><a href="#[26]">ClrmicIrqFunc</a>
 <LI><a href="#[27]">EnablemicIrq</a>
 <LI><a href="#[28]">DisablemicIrq</a>
 <LI><a href="#[29]">SetmicFiq</a>
 <LI><a href="#[2a]">ClrmicFiq</a>
 <LI><a href="#[2b]">Setsic1IrqFunc</a>
 <LI><a href="#[2c]">Clrsic1IrqFunc</a>
 <LI><a href="#[2d]">Enablesic1Irq</a>
 <LI><a href="#[2e]">Disablesic1Irq</a>
 <LI><a href="#[2f]">Setsic1Fiq</a>
 <LI><a href="#[30]">Clrsic1Fiq</a>
 <LI><a href="#[31]">Setsic2IrqFunc</a>
 <LI><a href="#[32]">Clrsic2IrqFunc</a>
 <LI><a href="#[33]">Enablesic2Irq</a>
 <LI><a href="#[34]">Disablesic2Irq</a>
 <LI><a href="#[35]">Setsic2Fiq</a>
 <LI><a href="#[36]">Clrsic2Fiq</a>
 <LI><a href="#[3b]">TASK_SW</a>
 <LI><a href="#[3c]">ENTER_CRITICAL</a>
 <LI><a href="#[3d]">EXIT_CRITICAL</a>
 <LI><a href="#[3e]">ISRBegin</a>
 <LI><a href="#[3f]">ChangeToSYSMode</a>
 <LI><a href="#[40]">ChangeToUSRMode</a>
 <LI><a href="#[41]">_OSStartHighRdy</a>
 <LI><a href="#[42]">TaskIsARM</a>
 <LI><a href="#[43]">TaskIsTHUMB</a>
 <LI><a href="#[44]">OSISRNeedSwap</a>
 <LI><a href="#[45]">GetOSFunctionAddr</a>
 <LI><a href="#[46]">GetUsrFunctionAddr</a>
 <LI><a href="#[47]">EnableIRQ</a>
</UL>
</UL>
<P>
<H3>
Mutually Recursive functions
</H3> <LI><a href="#[4]">Undefined</a>&nbsp;&nbsp;&nbsp;&rArr;&nbsp;&nbsp;&nbsp;<a href="#[4]">Undefined</a><BR>
 <LI><a href="#[6]">PrefetchAbort</a>&nbsp;&nbsp;&nbsp;&rArr;&nbsp;&nbsp;&nbsp;<a href="#[6]">PrefetchAbort</a><BR>
 <LI><a href="#[7]">DataAbort</a>&nbsp;&nbsp;&nbsp;&rArr;&nbsp;&nbsp;&nbsp;<a href="#[7]">DataAbort</a><BR>
 <LI><a href="#[4b]">_sys_exit</a>&nbsp;&nbsp;&nbsp;&rArr;&nbsp;&nbsp;&nbsp;<a href="#[4b]">_sys_exit</a><BR>
</UL>
<P>
<H3>
Function Pointers
</H3><UL>
 <LI><a href="#[3f]">ChangeToSYSMode</a> from os_cpu_a.o(subr) referenced from os_cpu_a.o(subr)
 <LI><a href="#[40]">ChangeToUSRMode</a> from os_cpu_a.o(subr) referenced from os_cpu_a.o(subr)
 <LI><a href="#[2a]">ClrmicFiq</a> from viccontrol.o(RUNFIRST) referenced from viccontrol.o(RUNFIRST)
 <LI><a href="#[26]">ClrmicIrqFunc</a> from viccontrol.o(RUNFIRST) referenced from viccontrol.o(RUNFIRST)
 <LI><a href="#[30]">Clrsic1Fiq</a> from viccontrol.o(RUNFIRST) referenced from viccontrol.o(RUNFIRST)
 <LI><a href="#[2c]">Clrsic1IrqFunc</a> from viccontrol.o(RUNFIRST) referenced from viccontrol.o(RUNFIRST)
 <LI><a href="#[36]">Clrsic2Fiq</a> from viccontrol.o(RUNFIRST) referenced from viccontrol.o(RUNFIRST)
 <LI><a href="#[32]">Clrsic2IrqFunc</a> from viccontrol.o(RUNFIRST) referenced from viccontrol.o(RUNFIRST)
 <LI><a href="#[7]">DataAbort</a> from startup.o(vectors) referenced from startup.o(vectors)
 <LI><a href="#[28]">DisablemicIrq</a> from viccontrol.o(RUNFIRST) referenced from viccontrol.o(RUNFIRST)
 <LI><a href="#[2e]">Disablesic1Irq</a> from viccontrol.o(RUNFIRST) referenced from viccontrol.o(RUNFIRST)
 <LI><a href="#[34]">Disablesic2Irq</a> from viccontrol.o(RUNFIRST) referenced from viccontrol.o(RUNFIRST)
 <LI><a href="#[3c]">ENTER_CRITICAL</a> from os_cpu_a.o(subr) referenced from os_cpu_a.o(subr)
 <LI><a href="#[3d]">EXIT_CRITICAL</a> from os_cpu_a.o(subr) referenced from os_cpu_a.o(subr)
 <LI><a href="#[47]">EnableIRQ</a> from os_cpu_a.o(subr) referenced from os_cpu_a.o(subr)
 <LI><a href="#[27]">EnablemicIrq</a> from viccontrol.o(RUNFIRST) referenced from viccontrol.o(RUNFIRST)
 <LI><a href="#[2d]">Enablesic1Irq</a> from viccontrol.o(RUNFIRST) referenced from viccontrol.o(RUNFIRST)
 <LI><a href="#[33]">Enablesic2Irq</a> from viccontrol.o(RUNFIRST) referenced from viccontrol.o(RUNFIRST)
 <LI><a href="#[39]">FIQ_Exception</a> from target.o(.text) referenced from viccontrol.o(RUNFIRST)
 <LI><a href="#[9]">FIQ_Handler</a> from viccontrol.o(RUNFIRST) referenced from startup.o(vectors)
 <LI><a href="#[45]">GetOSFunctionAddr</a> from os_cpu_a.o(subr) referenced from os_cpu_a.o(subr)
 <LI><a href="#[46]">GetUsrFunctionAddr</a> from os_cpu_a.o(subr) referenced from os_cpu_a.o(subr)
 <LI><a href="#[19]">I2C1_Excetion</a> from i2c1.o(.text) referenced from i2c1.o(.text)
 <LI><a href="#[1a]">I2C2_Excetion</a> from i2c2.o(.text) referenced from i2c2.o(.text)
 <LI><a href="#[20]">IRQ_FPGA</a> from fpga_app.o(.text) referenced from fpga_app.o(.text)
 <LI><a href="#[8]">IRQ_Handler</a> from viccontrol.o(RUNFIRST) referenced from startup.o(vectors)
 <LI><a href="#[21]">IRQ_Keyboard</a> from keyboard.o(.text) referenced from keyboard.o(.text)
 <LI><a href="#[37]">IRQ_SCI1_Func</a> from viccontrol.o(RUNFIRST) referenced from viccontrol.o(RUNFIRST)
 <LI><a href="#[38]">IRQ_SCI2_Func</a> from viccontrol.o(RUNFIRST) referenced from viccontrol.o(RUNFIRST)
 <LI><a href="#[1c]">IRQ_Timer0</a> from timer0.o(.text) referenced from timer0.o(.text)
 <LI><a href="#[1f9]">IRQ_UART1</a> from uart1.o(.text) referenced from uart1.o(.text)
 <LI><a href="#[1d]">IRQ_UART2</a> from uart2.o(.text) referenced from uart2.o(.text)
 <LI><a href="#[1e]">IRQ_UART5</a> from uart5.o(.text) referenced from uart5.o(.text)
 <LI><a href="#[1e6]">IRQ_Uart3</a> from uart3.o(.text) referenced from uart3.o(.text)
 <LI><a href="#[1f]">IRQ_W5100</a> from w5100app.o(.text) referenced from w5100app.o(.text)
 <LI><a href="#[3e]">ISRBegin</a> from os_cpu_a.o(subr) referenced from os_cpu_a.o(subr)
 <LI><a href="#[1b]">MCI_Handler</a> from sdhal.o(.text) referenced from sdapp.o(.text)
 <LI><a href="#[44]">OSISRNeedSwap</a> from os_cpu_a.o(subr) referenced from os_cpu_a.o(subr)
 <LI><a href="#[3a]">OSIntCtxSw</a> from os_cpu_a.o(subr) referenced from viccontrol.o(RUNFIRST)
 <LI><a href="#[84]">OS_TaskIdle</a> from os_core.o(.text) referenced from os_core.o(.text)
 <LI><a href="#[7e]">OS_TaskStat</a> from os_core.o(.text) referenced from os_core.o(.text)
 <LI><a href="#[6]">PrefetchAbort</a> from startup.o(vectors) referenced from startup.o(vectors)
 <LI><a href="#[b]">Reset</a> from startup.o(vectors) referenced from target.o(.text)
 <LI><a href="#[3]">ResetInit</a> from startup.o(vectors) referenced from startup.o(vectors)
 <LI><a href="#[29]">SetmicFiq</a> from viccontrol.o(RUNFIRST) referenced from viccontrol.o(RUNFIRST)
 <LI><a href="#[25]">SetmicIrqFunc</a> from viccontrol.o(RUNFIRST) referenced from viccontrol.o(RUNFIRST)
 <LI><a href="#[2f]">Setsic1Fiq</a> from viccontrol.o(RUNFIRST) referenced from viccontrol.o(RUNFIRST)
 <LI><a href="#[2b]">Setsic1IrqFunc</a> from viccontrol.o(RUNFIRST) referenced from viccontrol.o(RUNFIRST)
 <LI><a href="#[35]">Setsic2Fiq</a> from viccontrol.o(RUNFIRST) referenced from viccontrol.o(RUNFIRST)
 <LI><a href="#[31]">Setsic2IrqFunc</a> from viccontrol.o(RUNFIRST) referenced from viccontrol.o(RUNFIRST)
 <LI><a href="#[5]">SoftwareInterruptAdd</a> from startup.o(vectors) referenced from startup.o(vectors)
 <LI><a href="#[3b]">TASK_SW</a> from os_cpu_a.o(subr) referenced from os_cpu_a.o(subr)
 <LI><a href="#[16]">TaskDebugInfo</a> from taskdebuginfo.o(.text) referenced from common.o(.text)
 <LI><a href="#[42]">TaskIsARM</a> from os_cpu_a.o(subr) referenced from os_cpu_a.o(subr)
 <LI><a href="#[43]">TaskIsTHUMB</a> from os_cpu_a.o(subr) referenced from os_cpu_a.o(subr)
 <LI><a href="#[e]">TaskRec1</a> from wt_task.o(.text) referenced from common.o(.text)
 <LI><a href="#[d]">TaskRec2</a> from tasktimer.o(.text) referenced from common.o(.text)
 <LI><a href="#[f]">TaskRec3</a> from taskkb.o(.text) referenced from common.o(.text)
 <LI><a href="#[10]">TaskRec4</a> from taskanalysis.o(.text) referenced from common.o(.text)
 <LI><a href="#[11]">TaskRec6</a> from taskanalysis.o(.text) referenced from common.o(.text)
 <LI><a href="#[12]">TaskRec7</a> from taskprotocol.o(.text) referenced from common.o(.text)
 <LI><a href="#[14]">TaskRec9</a> from taskjdinf.o(.text) referenced from common.o(.text)
 <LI><a href="#[18]">TaskRecWave</a> from taskwave.o(.text) referenced from common.o(.text)
 <LI><a href="#[17]">TaskSDCard</a> from tasksdcard.o(.text) referenced from common.o(.text)
 <LI><a href="#[c]">TaskStart</a> from wt_task.o(.text) referenced from wt_task.o(.text)
 <LI><a href="#[13]">Task_Laser_Interact</a> from task_laser_interact.o(.text) referenced from common.o(.text)
 <LI><a href="#[15]">Task_UI</a> from task_ui.o(.text) referenced from common.o(.text)
 <LI><a href="#[4]">Undefined</a> from startup.o(vectors) referenced from startup.o(vectors)
 <LI><a href="#[41]">_OSStartHighRdy</a> from os_cpu_a.o(subr) referenced from os_cpu_a.o(subr)
 <LI><a href="#[24]">_get_lc_ctype</a> from lc_ctype_c.o(locale$$code) referenced from rt_ctype_table.o(.text)
 <LI><a href="#[23]">_printf_input_char</a> from _printf_char_common.o(.text) referenced from _printf_char_common.o(.text)
 <LI><a href="#[22]">_sputc</a> from _sputc.o(.text) referenced from __2sprintf.o(.text)
 <LI><a href="#[a]">main</a> from main.o(.text) referenced from rtentry2.o(.ARM.Collect$$rtentry$$0000000D)
</UL>
<P>
<H3>
Global Symbols
</H3>
<P><STRONG><a name="[b]"></a>Reset</STRONG> (ARM, 0 bytes, Stack size unknown bytes, startup.o(vectors))
<BR>[Address Reference Count : 1]<UL><LI> target.o(.text)
</UL>
<P><STRONG><a name="[5]"></a>SoftwareInterruptAdd</STRONG> (ARM, 0 bytes, Stack size unknown bytes, startup.o(vectors))
<BR><BR>[Calls]<UL><LI><a href="#[58]">&gt;&gt;</a>&nbsp;&nbsp;&nbsp;vicControl
<LI><a href="#[57]">&gt;&gt;</a>&nbsp;&nbsp;&nbsp;SoftwareInterrupt
</UL>
<BR>[Address Reference Count : 1]<UL><LI> startup.o(vectors)
</UL>
<P><STRONG><a name="[49]"></a>InitStack</STRONG> (ARM, 0 bytes, Stack size unknown bytes, startup.o(vectors))
<BR><BR>[Called By]<UL><LI><a href="#[3]">&gt;&gt;</a>&nbsp;&nbsp;&nbsp;ResetInit
</UL>

<P><STRONG><a name="[4a]"></a>__user_initial_stackheap</STRONG> (ARM, 0 bytes, Stack size unknown bytes, startup.o(vectors))
<BR><BR>[Called By]<UL><LI><a href="#[70]">&gt;&gt;</a>&nbsp;&nbsp;&nbsp;__user_setup_stackheap
</UL>

<P><STRONG><a name="[4b]"></a>_sys_exit</STRONG> (ARM, 0 bytes, Stack size unknown bytes, startup.o(vectors))
<BR><BR>[Calls]<UL><LI><a href="#[4b]">&gt;&gt;</a>&nbsp;&nbsp;&nbsp;_sys_exit
</UL>
<BR>[Called By]<UL><LI><a href="#[4b]">&gt;&gt;</a>&nbsp;&nbsp;&nbsp;_sys_exit
<LI><a href="#[77]">&gt;&gt;</a>&nbsp;&nbsp;&nbsp;__rt_exit_exit
</UL>

<P><STRONG><a name="[4c]"></a>__rt_div0</STRONG> (ARM, 0 bytes, Stack size unknown bytes, startup.o(vectors), UNUSED, KEPT)

<P><STRONG><a name="[4d]"></a>_sys_close</STRONG> (ARM, 0 bytes, Stack size unknown bytes, startup.o(vectors), UNUSED, KEPT)

<P><STRONG><a name="[4e]"></a>_sys_command_string</STRONG> (ARM, 0 bytes, Stack size unknown bytes, startup.o(vectors), UNUSED, KEPT)

<P><STRONG><a name="[4f]"></a>_sys_ensure</STRONG> (ARM, 0 bytes, Stack size unknown bytes, startup.o(vectors), UNUSED, KEPT)

<P><STRONG><a name="[50]"></a>_sys_flen</STRONG> (ARM, 0 bytes, Stack size unknown bytes, startup.o(vectors), UNUSED, KEPT)

<P><STRONG><a name="[51]"></a>_sys_istty</STRONG> (ARM, 0 bytes, Stack size unknown bytes, startup.o(vectors), UNUSED, KEPT)

<P><STRONG><a name="[52]"></a>_sys_read</STRONG> (ARM, 0 bytes, Stack size unknown bytes, startup.o(vectors), UNUSED, KEPT)

<P><STRONG><a name="[53]"></a>_sys_seek</STRONG> (ARM, 0 bytes, Stack size unknown bytes, startup.o(vectors), UNUSED, KEPT)

<P><STRONG><a name="[54]"></a>_sys_tmpnam</STRONG> (ARM, 0 bytes, Stack size unknown bytes, startup.o(vectors), UNUSED, KEPT)

<P><STRONG><a name="[55]"></a>_sys_write</STRONG> (ARM, 0 bytes, Stack size unknown bytes, startup.o(vectors), UNUSED, KEPT)

<P><STRONG><a name="[56]"></a>fgetc</STRONG> (ARM, 0 bytes, Stack size unknown bytes, startup.o(vectors), UNUSED, KEPT)

<P><STRONG><a name="[48]"></a>__main</STRONG> (ARM, 8 bytes, Stack size 0 bytes, __main.o(!!!main))
<BR><BR>[Calls]<UL><LI><a href="#[5a]">&gt;&gt;</a>&nbsp;&nbsp;&nbsp;__scatterload
<LI><a href="#[5b]">&gt;&gt;</a>&nbsp;&nbsp;&nbsp;__rt_entry
</UL>
<BR>[Called By]<UL><LI><a href="#[3]">&gt;&gt;</a>&nbsp;&nbsp;&nbsp;ResetInit
</UL>

<P><STRONG><a name="[5a]"></a>__scatterload</STRONG> (ARM, 0 bytes, Stack size unknown bytes, __scatter.o(!!!scatter))
<BR><BR>[Called By]<UL><LI><a href="#[48]">&gt;&gt;</a>&nbsp;&nbsp;&nbsp;__main
</UL>

<P><STRONG><a name="[5c]"></a>__scatterload_rt2</STRONG> (ARM, 52 bytes, Stack size unknown bytes, __scatter.o(!!!scatter), UNUSED)
<BR><BR>[Calls]<UL><LI><a href="#[5b]">&gt;&gt;</a>&nbsp;&nbsp;&nbsp;__rt_entry
</UL>

<P><STRONG><a name="[2b4]"></a>__scatterload_null</STRONG> (ARM, 0 bytes, Stack size unknown bytes, __scatter.o(!!!scatter), UNUSED)

<P><STRONG><a name="[2b5]"></a>__decompress</STRONG> (ARM, 92 bytes, Stack size unknown bytes, __dczerorl2.o(!!dczerorl2), UNUSED)

<P><STRONG><a name="[2b6]"></a>__decompress1</STRONG> (ARM, 0 bytes, Stack size unknown bytes, __dczerorl2.o(!!dczerorl2), UNUSED)

<P><STRONG><a name="[5d]"></a>__scatterload_copy</STRONG> (ARM, 40 bytes, Stack size unknown bytes, __scatter_copy.o(!!handler_copy), UNUSED)
<BR><BR>[Calls]<UL><LI><a href="#[5d]">&gt;&gt;</a>&nbsp;&nbsp;&nbsp;__scatterload_copy
</UL>
<BR>[Called By]<UL><LI><a href="#[5d]">&gt;&gt;</a>&nbsp;&nbsp;&nbsp;__scatterload_copy
</UL>

<P><STRONG><a name="[2b7]"></a>__scatterload_zeroinit</STRONG> (ARM, 44 bytes, Stack size unknown bytes, __scatter_zi.o(!!handler_zi), UNUSED)

<P><STRONG><a name="[5e]"></a>_printf_i</STRONG> (ARM, 0 bytes, Stack size unknown bytes, _printf_i.o(.ARM.Collect$$_printf_percent$$00000008))
<BR><BR>[Stack]<UL><LI>Max Depth = 88 + Unknown Stack Size
<LI>Call Chain = _printf_i &rArr; _printf_int_dec &rArr; _printf_int_common &rArr; _printf_post_padding
</UL>
<BR>[Calls]<UL><LI><a href="#[5f]">&gt;&gt;</a>&nbsp;&nbsp;&nbsp;_printf_int_dec (via Veneer)
</UL>

<P><STRONG><a name="[271]"></a>_printf_percent</STRONG> (ARM, 0 bytes, Stack size unknown bytes, _printf_percent.o(.ARM.Collect$$_printf_percent$$00000000))
<BR><BR>[Called By]<UL><LI><a href="#[26f]">&gt;&gt;</a>&nbsp;&nbsp;&nbsp;__printf (via BLX)
</UL>

<P><STRONG><a name="[60]"></a>_printf_d</STRONG> (ARM, 0 bytes, Stack size unknown bytes, _printf_d.o(.ARM.Collect$$_printf_percent$$00000009))
<BR><BR>[Stack]<UL><LI>Max Depth = 88 + Unknown Stack Size
<LI>Call Chain = _printf_d &rArr; _printf_int_dec &rArr; _printf_int_common &rArr; _printf_post_padding
</UL>
<BR>[Calls]<UL><LI><a href="#[5f]">&gt;&gt;</a>&nbsp;&nbsp;&nbsp;_printf_int_dec (via Veneer)
</UL>

<P><STRONG><a name="[61]"></a>_printf_u</STRONG> (ARM, 0 bytes, Stack size unknown bytes, _printf_u.o(.ARM.Collect$$_printf_percent$$0000000A))
<BR><BR>[Stack]<UL><LI>Max Depth = 88 + Unknown Stack Size
<LI>Call Chain = _printf_u &rArr; _printf_int_dec &rArr; _printf_int_common &rArr; _printf_post_padding
</UL>
<BR>[Calls]<UL><LI><a href="#[5f]">&gt;&gt;</a>&nbsp;&nbsp;&nbsp;_printf_int_dec (via Veneer)
</UL>

<P><STRONG><a name="[62]"></a>_printf_o</STRONG> (ARM, 0 bytes, Stack size unknown bytes, _printf_o.o(.ARM.Collect$$_printf_percent$$0000000B))
<BR><BR>[Stack]<UL><LI>Max Depth = 72 + Unknown Stack Size
<LI>Call Chain = _printf_o &rArr; _printf_int_oct &rArr; _printf_int_common &rArr; _printf_post_padding
</UL>
<BR>[Calls]<UL><LI><a href="#[63]">&gt;&gt;</a>&nbsp;&nbsp;&nbsp;_printf_int_oct (via Veneer)
</UL>

<P><STRONG><a name="[64]"></a>_printf_x</STRONG> (ARM, 0 bytes, Stack size unknown bytes, _printf_x.o(.ARM.Collect$$_printf_percent$$0000000C))
<BR><BR>[Stack]<UL><LI>Max Depth = 72 + Unknown Stack Size
<LI>Call Chain = _printf_x &rArr; _printf_int_hex &rArr; _printf_int_common &rArr; _printf_post_padding
</UL>
<BR>[Calls]<UL><LI><a href="#[65]">&gt;&gt;</a>&nbsp;&nbsp;&nbsp;_printf_int_hex (via Veneer)
</UL>

<P><STRONG><a name="[2b8]"></a>_printf_l</STRONG> (ARM, 0 bytes, Stack size unknown bytes, _printf_l.o(.ARM.Collect$$_printf_percent$$00000012))

<P><STRONG><a name="[66]"></a>_printf_c</STRONG> (ARM, 0 bytes, Stack size unknown bytes, _printf_c.o(.ARM.Collect$$_printf_percent$$00000013))
<BR><BR>[Stack]<UL><LI>Max Depth = 40 + Unknown Stack Size
<LI>Call Chain = _printf_c &rArr; _printf_char &rArr; _printf_cs_common &rArr; _printf_str &rArr; _printf_post_padding
</UL>
<BR>[Calls]<UL><LI><a href="#[67]">&gt;&gt;</a>&nbsp;&nbsp;&nbsp;_printf_char (via Veneer)
</UL>

<P><STRONG><a name="[68]"></a>_printf_lc</STRONG> (ARM, 0 bytes, Stack size unknown bytes, _printf_lc.o(.ARM.Collect$$_printf_percent$$00000015))
<BR><BR>[Stack]<UL><LI>Max Depth = 88 + Unknown Stack Size
<LI>Call Chain = _printf_lc &rArr; _printf_wchar &rArr; _printf_lcs_common &rArr; _printf_wctomb &rArr; _wcrtomb &rArr; __rt_ctype_table
</UL>
<BR>[Calls]<UL><LI><a href="#[69]">&gt;&gt;</a>&nbsp;&nbsp;&nbsp;_printf_wchar (via Veneer)
</UL>

<P><STRONG><a name="[2b9]"></a>_printf_percent_end</STRONG> (ARM, 0 bytes, Stack size unknown bytes, _printf_percent_end.o(.ARM.Collect$$_printf_percent$$00000017))

<P><STRONG><a name="[72]"></a>__rt_lib_init</STRONG> (Thumb, 0 bytes, Stack size unknown bytes, libinit.o(.ARM.Collect$$libinit$$00000000))
<BR><BR>[Called By]<UL><LI><a href="#[71]">&gt;&gt;</a>&nbsp;&nbsp;&nbsp;__rt_entry_li (via BLX)
</UL>

<P><STRONG><a name="[2ba]"></a>__rt_lib_init_fp_1</STRONG> (Thumb, 0 bytes, Stack size unknown bytes, libinit2.o(.ARM.Collect$$libinit$$00000002))

<P><STRONG><a name="[2bb]"></a>__rt_lib_init_heap_1</STRONG> (Thumb, 0 bytes, Stack size unknown bytes, libinit2.o(.ARM.Collect$$libinit$$00000008))

<P><STRONG><a name="[6a]"></a>__rt_lib_init_rand_2</STRONG> (Thumb, 0 bytes, Stack size unknown bytes, libinit2.o(.ARM.Collect$$libinit$$0000000B))
<BR><BR>[Stack]<UL><LI>Max Depth = 12 + Unknown Stack Size
<LI>Call Chain = __rt_lib_init_rand_2 &rArr; _rand_init &rArr; srand
</UL>
<BR>[Calls]<UL><LI><a href="#[6b]">&gt;&gt;</a>&nbsp;&nbsp;&nbsp;_rand_init
</UL>

<P><STRONG><a name="[2bc]"></a>__rt_lib_init_user_alloc_1</STRONG> (Thumb, 0 bytes, Stack size unknown bytes, libinit2.o(.ARM.Collect$$libinit$$0000000A))

<P><STRONG><a name="[6c]"></a>__rt_lib_init_lc_common</STRONG> (Thumb, 0 bytes, Stack size unknown bytes, libinit2.o(.ARM.Collect$$libinit$$0000000D))
<BR><BR>[Calls]<UL><LI><a href="#[6d]">&gt;&gt;</a>&nbsp;&nbsp;&nbsp;__rt_locale (via BLX)
</UL>

<P><STRONG><a name="[2bd]"></a>__rt_lib_init_rand_1</STRONG> (Thumb, 0 bytes, Stack size unknown bytes, libinit2.o(.ARM.Collect$$libinit$$0000000C))

<P><STRONG><a name="[2be]"></a>__rt_lib_init_lc_collate_1</STRONG> (Thumb, 0 bytes, Stack size unknown bytes, libinit2.o(.ARM.Collect$$libinit$$0000000F))

<P><STRONG><a name="[6e]"></a>__rt_lib_init_lc_ctype_2</STRONG> (Thumb, 0 bytes, Stack size unknown bytes, libinit2.o(.ARM.Collect$$libinit$$00000010))
<BR><BR>[Stack]<UL><LI>Max Depth = 12 + Unknown Stack Size
<LI>Call Chain = __rt_lib_init_lc_ctype_2 &rArr; _get_lc_ctype &rArr; strcmp
</UL>
<BR>[Calls]<UL><LI><a href="#[24]">&gt;&gt;</a>&nbsp;&nbsp;&nbsp;_get_lc_ctype (via BLX)
</UL>

<P><STRONG><a name="[2bf]"></a>__rt_lib_init_alloca_1</STRONG> (Thumb, 0 bytes, Stack size unknown bytes, libinit2.o(.ARM.Collect$$libinit$$0000002C))

<P><STRONG><a name="[2c0]"></a>__rt_lib_init_argv_1</STRONG> (Thumb, 0 bytes, Stack size unknown bytes, libinit2.o(.ARM.Collect$$libinit$$0000002A))

<P><STRONG><a name="[2c1]"></a>__rt_lib_init_atexit_1</STRONG> (Thumb, 0 bytes, Stack size unknown bytes, libinit2.o(.ARM.Collect$$libinit$$00000019))

<P><STRONG><a name="[2c2]"></a>__rt_lib_init_clock_1</STRONG> (Thumb, 0 bytes, Stack size unknown bytes, libinit2.o(.ARM.Collect$$libinit$$0000001F))

<P><STRONG><a name="[2c3]"></a>__rt_lib_init_cpp_1</STRONG> (Thumb, 0 bytes, Stack size unknown bytes, libinit2.o(.ARM.Collect$$libinit$$00000030))

<P><STRONG><a name="[2c4]"></a>__rt_lib_init_exceptions_1</STRONG> (Thumb, 0 bytes, Stack size unknown bytes, libinit2.o(.ARM.Collect$$libinit$$0000002E))

<P><STRONG><a name="[2c5]"></a>__rt_lib_init_fp_trap_1</STRONG> (Thumb, 0 bytes, Stack size unknown bytes, libinit2.o(.ARM.Collect$$libinit$$0000001D))

<P><STRONG><a name="[2c6]"></a>__rt_lib_init_getenv_1</STRONG> (Thumb, 0 bytes, Stack size unknown bytes, libinit2.o(.ARM.Collect$$libinit$$00000021))

<P><STRONG><a name="[2c7]"></a>__rt_lib_init_lc_ctype_1</STRONG> (Thumb, 0 bytes, Stack size unknown bytes, libinit2.o(.ARM.Collect$$libinit$$00000011))

<P><STRONG><a name="[2c8]"></a>__rt_lib_init_lc_monetary_1</STRONG> (Thumb, 0 bytes, Stack size unknown bytes, libinit2.o(.ARM.Collect$$libinit$$00000013))

<P><STRONG><a name="[2c9]"></a>__rt_lib_init_lc_numeric_1</STRONG> (Thumb, 0 bytes, Stack size unknown bytes, libinit2.o(.ARM.Collect$$libinit$$00000015))

<P><STRONG><a name="[2ca]"></a>__rt_lib_init_lc_time_1</STRONG> (Thumb, 0 bytes, Stack size unknown bytes, libinit2.o(.ARM.Collect$$libinit$$00000017))

<P><STRONG><a name="[2cb]"></a>__rt_lib_init_return</STRONG> (Thumb, 0 bytes, Stack size unknown bytes, libinit2.o(.ARM.Collect$$libinit$$00000031))

<P><STRONG><a name="[2cc]"></a>__rt_lib_init_signal_1</STRONG> (Thumb, 0 bytes, Stack size unknown bytes, libinit2.o(.ARM.Collect$$libinit$$0000001B))

<P><STRONG><a name="[2cd]"></a>__rt_lib_init_stdio_1</STRONG> (Thumb, 0 bytes, Stack size unknown bytes, libinit2.o(.ARM.Collect$$libinit$$00000023))

<P><STRONG><a name="[76]"></a>__rt_lib_shutdown</STRONG> (Thumb, 0 bytes, Stack size unknown bytes, libshutdown.o(.ARM.Collect$$libshutdown$$00000000))
<BR><BR>[Called By]<UL><LI><a href="#[75]">&gt;&gt;</a>&nbsp;&nbsp;&nbsp;__rt_exit_ls (via BLX)
</UL>

<P><STRONG><a name="[2ce]"></a>__rt_lib_shutdown_fp_trap_1</STRONG> (Thumb, 0 bytes, Stack size unknown bytes, libshutdown2.o(.ARM.Collect$$libshutdown$$00000006))

<P><STRONG><a name="[2cf]"></a>__rt_lib_shutdown_heap_1</STRONG> (Thumb, 0 bytes, Stack size unknown bytes, libshutdown2.o(.ARM.Collect$$libshutdown$$0000000E))

<P><STRONG><a name="[2d0]"></a>__rt_lib_shutdown_return</STRONG> (Thumb, 0 bytes, Stack size unknown bytes, libshutdown2.o(.ARM.Collect$$libshutdown$$0000000F))

<P><STRONG><a name="[2d1]"></a>__rt_lib_shutdown_signal_1</STRONG> (Thumb, 0 bytes, Stack size unknown bytes, libshutdown2.o(.ARM.Collect$$libshutdown$$00000009))

<P><STRONG><a name="[2d2]"></a>__rt_lib_shutdown_stdio_1</STRONG> (Thumb, 0 bytes, Stack size unknown bytes, libshutdown2.o(.ARM.Collect$$libshutdown$$00000003))

<P><STRONG><a name="[2d3]"></a>__rt_lib_shutdown_user_alloc_1</STRONG> (Thumb, 0 bytes, Stack size unknown bytes, libshutdown2.o(.ARM.Collect$$libshutdown$$0000000B))

<P><STRONG><a name="[5b]"></a>__rt_entry</STRONG> (ARM, 0 bytes, Stack size unknown bytes, rtentry.o(.ARM.Collect$$rtentry$$00000000))
<BR><BR>[Called By]<UL><LI><a href="#[48]">&gt;&gt;</a>&nbsp;&nbsp;&nbsp;__main
<LI><a href="#[5c]">&gt;&gt;</a>&nbsp;&nbsp;&nbsp;__scatterload_rt2
</UL>

<P><STRONG><a name="[2d4]"></a>__rt_entry_presh_1</STRONG> (ARM, 0 bytes, Stack size unknown bytes, rtentry2.o(.ARM.Collect$$rtentry$$00000002))

<P><STRONG><a name="[6f]"></a>__rt_entry_sh</STRONG> (ARM, 0 bytes, Stack size unknown bytes, rtentry4.o(.ARM.Collect$$rtentry$$00000004))
<BR><BR>[Stack]<UL><LI>Max Depth = 8 + Unknown Stack Size
<LI>Call Chain = __rt_entry_sh &rArr; __user_setup_stackheap
</UL>
<BR>[Calls]<UL><LI><a href="#[70]">&gt;&gt;</a>&nbsp;&nbsp;&nbsp;__user_setup_stackheap
</UL>

<P><STRONG><a name="[71]"></a>__rt_entry_li</STRONG> (ARM, 0 bytes, Stack size unknown bytes, rtentry2.o(.ARM.Collect$$rtentry$$0000000A))
<BR><BR>[Calls]<UL><LI><a href="#[72]">&gt;&gt;</a>&nbsp;&nbsp;&nbsp;__rt_lib_init (via BLX)
</UL>

<P><STRONG><a name="[2d5]"></a>__rt_entry_postsh_1</STRONG> (ARM, 0 bytes, Stack size unknown bytes, rtentry2.o(.ARM.Collect$$rtentry$$00000009))

<P><STRONG><a name="[73]"></a>__rt_entry_main</STRONG> (ARM, 0 bytes, Stack size unknown bytes, rtentry2.o(.ARM.Collect$$rtentry$$0000000D))
<BR><BR>[Calls]<UL><LI><a href="#[74]">&gt;&gt;</a>&nbsp;&nbsp;&nbsp;exit (via BX)
</UL>

<P><STRONG><a name="[2d6]"></a>__rt_entry_postli_1</STRONG> (ARM, 0 bytes, Stack size unknown bytes, rtentry2.o(.ARM.Collect$$rtentry$$0000000C))

<P><STRONG><a name="[283]"></a>__rt_exit</STRONG> (ARM, 0 bytes, Stack size unknown bytes, rtexit.o(.ARM.Collect$$rtexit$$00000000))
<BR><BR>[Called By]<UL><LI><a href="#[74]">&gt;&gt;</a>&nbsp;&nbsp;&nbsp;exit (via BLX)
</UL>

<P><STRONG><a name="[75]"></a>__rt_exit_ls</STRONG> (ARM, 0 bytes, Stack size unknown bytes, rtexit2.o(.ARM.Collect$$rtexit$$00000003))
<BR><BR>[Calls]<UL><LI><a href="#[76]">&gt;&gt;</a>&nbsp;&nbsp;&nbsp;__rt_lib_shutdown (via BLX)
</UL>

<P><STRONG><a name="[2d7]"></a>__rt_exit_prels_1</STRONG> (ARM, 0 bytes, Stack size unknown bytes, rtexit2.o(.ARM.Collect$$rtexit$$00000002))

<P><STRONG><a name="[77]"></a>__rt_exit_exit</STRONG> (ARM, 0 bytes, Stack size unknown bytes, rtexit2.o(.ARM.Collect$$rtexit$$00000004))
<BR><BR>[Calls]<UL><LI><a href="#[4b]">&gt;&gt;</a>&nbsp;&nbsp;&nbsp;_sys_exit
</UL>

<P><STRONG><a name="[10d]"></a>rand</STRONG> (Thumb, 52 bytes, Stack size 0 bytes, rand.o(.emb_text))
<BR><BR>[Called By]<UL><LI><a href="#[10c]">&gt;&gt;</a>&nbsp;&nbsp;&nbsp;FStudyAlg (via BLX)
</UL>

<P><STRONG><a name="[a]"></a>main</STRONG> (ARM, 220 bytes, Stack size 8 bytes, main.o(.text))
<BR><BR>[Stack]<UL><LI>Max Depth = 104 + Unknown Stack Size
<LI>Call Chain = main &rArr; OSInit &rArr; OS_InitTaskIdle &rArr; OSTaskCreate &rArr; OS_TCBInit
</UL>
<BR>[Calls]<UL><LI><a href="#[7a]">&gt;&gt;</a>&nbsp;&nbsp;&nbsp;RunStartTask
<LI><a href="#[7b]">&gt;&gt;</a>&nbsp;&nbsp;&nbsp;OSStart
<LI><a href="#[78]">&gt;&gt;</a>&nbsp;&nbsp;&nbsp;OSInit
<LI><a href="#[79]">&gt;&gt;</a>&nbsp;&nbsp;&nbsp;JZInit
</UL>
<BR>[Address Reference Count : 1]<UL><LI> rtentry2.o(.ARM.Collect$$rtentry$$0000000D)
</UL>
<P><STRONG><a name="[39]"></a>FIQ_Exception</STRONG> (ARM, 8 bytes, Stack size 0 bytes, target.o(.text))
<BR>[Address Reference Count : 1]<UL><LI> viccontrol.o(RUNFIRST)
</UL>
<P><STRONG><a name="[7c]"></a>TargetInit</STRONG> (ARM, 28 bytes, Stack size 8 bytes, target.o(.text))
<BR><BR>[Stack]<UL><LI>Max Depth = 8 + Unknown Stack Size
<LI>Call Chain = TargetInit
</UL>
<BR>[Calls]<UL><LI><a href="#[7d]">&gt;&gt;</a>&nbsp;&nbsp;&nbsp;vicInitial
</UL>
<BR>[Called By]<UL><LI><a href="#[c]">&gt;&gt;</a>&nbsp;&nbsp;&nbsp;TaskStart
</UL>

<P><STRONG><a name="[59]"></a>TargetResetInit</STRONG> (ARM, 360 bytes, Stack size 0 bytes, target.o(.text))
<BR><BR>[Called By]<UL><LI><a href="#[3]">&gt;&gt;</a>&nbsp;&nbsp;&nbsp;ResetInit
</UL>

<P><STRONG><a name="[2d8]"></a>_ttywrch</STRONG> (ARM, 8 bytes, Stack size 0 bytes, target.o(.text), UNUSED)

<P><STRONG><a name="[7e]"></a>OS_TaskStat</STRONG> (ARM, 224 bytes, Stack size 0 bytes, os_core.o(.text))
<BR><BR>[Stack]<UL><LI>Max Depth = 16 + Unknown Stack Size
<LI>Call Chain = OS_TaskStat &rArr; OSTimeDly &rArr; OS_Sched
</UL>
<BR>[Calls]<UL><LI><a href="#[7f]">&gt;&gt;</a>&nbsp;&nbsp;&nbsp;OSTimeDly
<LI><a href="#[81]">&gt;&gt;</a>&nbsp;&nbsp;&nbsp;OSTaskStatHook
<LI><a href="#[80]">&gt;&gt;</a>&nbsp;&nbsp;&nbsp;__aeabi_uidivmod
</UL>
<BR>[Address Reference Count : 1]<UL><LI> os_core.o(.text)
</UL>
<P><STRONG><a name="[84]"></a>OS_TaskIdle</STRONG> (ARM, 52 bytes, Stack size 0 bytes, os_core.o(.text))
<BR><BR>[Calls]<UL><LI><a href="#[85]">&gt;&gt;</a>&nbsp;&nbsp;&nbsp;OSTaskIdleHook
</UL>
<BR>[Address Reference Count : 1]<UL><LI> os_core.o(.text)
</UL>
<P><STRONG><a name="[78]"></a>OSInit</STRONG> (ARM, 44 bytes, Stack size 8 bytes, os_core.o(.text))
<BR><BR>[Stack]<UL><LI>Max Depth = 96<LI>Call Chain = OSInit &rArr; OS_InitTaskIdle &rArr; OSTaskCreate &rArr; OS_TCBInit
</UL>
<BR>[Calls]<UL><LI><a href="#[8c]">&gt;&gt;</a>&nbsp;&nbsp;&nbsp;OS_QInit
<LI><a href="#[8d]">&gt;&gt;</a>&nbsp;&nbsp;&nbsp;OSInitHookEnd
<LI><a href="#[87]">&gt;&gt;</a>&nbsp;&nbsp;&nbsp;OSInitHookBegin
<LI><a href="#[88]">&gt;&gt;</a>&nbsp;&nbsp;&nbsp;OS_InitMisc
<LI><a href="#[89]">&gt;&gt;</a>&nbsp;&nbsp;&nbsp;OS_InitRdyList
<LI><a href="#[8a]">&gt;&gt;</a>&nbsp;&nbsp;&nbsp;OS_InitTCBList
<LI><a href="#[8b]">&gt;&gt;</a>&nbsp;&nbsp;&nbsp;OS_InitEventList
<LI><a href="#[86]">&gt;&gt;</a>&nbsp;&nbsp;&nbsp;OS_InitTaskIdle
<LI><a href="#[82]">&gt;&gt;</a>&nbsp;&nbsp;&nbsp;OS_InitTaskStat
</UL>
<BR>[Called By]<UL><LI><a href="#[a]">&gt;&gt;</a>&nbsp;&nbsp;&nbsp;main
</UL>

<P><STRONG><a name="[2d9]"></a>OSIntEnter</STRONG> (ARM, 56 bytes, Stack size 0 bytes, os_core.o(.text), UNUSED)

<P><STRONG><a name="[1fa]"></a>OSIntExit</STRONG> (ARM, 248 bytes, Stack size 8 bytes, os_core.o(.text))
<BR><BR>[Stack]<UL><LI>Max Depth = 8<LI>Call Chain = OSIntExit
</UL>
<BR>[Called By]<UL><LI><a href="#[8]">&gt;&gt;</a>&nbsp;&nbsp;&nbsp;IRQ_Handler
<LI><a href="#[21]">&gt;&gt;</a>&nbsp;&nbsp;&nbsp;IRQ_Keyboard
</UL>

<P><STRONG><a name="[c8]"></a>OSSchedLock</STRONG> (ARM, 76 bytes, Stack size 8 bytes, os_core.o(.text))
<BR><BR>[Stack]<UL><LI>Max Depth = 8<LI>Call Chain = OSSchedLock
</UL>
<BR>[Called By]<UL><LI><a href="#[18]">&gt;&gt;</a>&nbsp;&nbsp;&nbsp;TaskRecWave
<LI><a href="#[12]">&gt;&gt;</a>&nbsp;&nbsp;&nbsp;TaskRec7
<LI><a href="#[c7]">&gt;&gt;</a>&nbsp;&nbsp;&nbsp;FLogicForLoop
</UL>

<P><STRONG><a name="[8f]"></a>OS_Sched</STRONG> (ARM, 176 bytes, Stack size 8 bytes, os_core.o(.text))
<BR><BR>[Stack]<UL><LI>Max Depth = 8<LI>Call Chain = OS_Sched
</UL>
<BR>[Called By]<UL><LI><a href="#[a3]">&gt;&gt;</a>&nbsp;&nbsp;&nbsp;OSTaskSuspend
<LI><a href="#[a2]">&gt;&gt;</a>&nbsp;&nbsp;&nbsp;OSTaskResume
<LI><a href="#[a0]">&gt;&gt;</a>&nbsp;&nbsp;&nbsp;OSSemPost
<LI><a href="#[9f]">&gt;&gt;</a>&nbsp;&nbsp;&nbsp;OSSemPend
<LI><a href="#[9c]">&gt;&gt;</a>&nbsp;&nbsp;&nbsp;OSQPost
<LI><a href="#[99]">&gt;&gt;</a>&nbsp;&nbsp;&nbsp;OSQPend
<LI><a href="#[7f]">&gt;&gt;</a>&nbsp;&nbsp;&nbsp;OSTimeDly
<LI><a href="#[83]">&gt;&gt;</a>&nbsp;&nbsp;&nbsp;OSTaskCreate
<LI><a href="#[8e]">&gt;&gt;</a>&nbsp;&nbsp;&nbsp;OSSchedUnlock
</UL>

<P><STRONG><a name="[8e]"></a>OSSchedUnlock</STRONG> (ARM, 136 bytes, Stack size 8 bytes, os_core.o(.text))
<BR><BR>[Stack]<UL><LI>Max Depth = 16<LI>Call Chain = OSSchedUnlock &rArr; OS_Sched
</UL>
<BR>[Calls]<UL><LI><a href="#[8f]">&gt;&gt;</a>&nbsp;&nbsp;&nbsp;OS_Sched
</UL>
<BR>[Called By]<UL><LI><a href="#[18]">&gt;&gt;</a>&nbsp;&nbsp;&nbsp;TaskRecWave
<LI><a href="#[12]">&gt;&gt;</a>&nbsp;&nbsp;&nbsp;TaskRec7
<LI><a href="#[c7]">&gt;&gt;</a>&nbsp;&nbsp;&nbsp;FLogicForLoop
</UL>

<P><STRONG><a name="[7b]"></a>OSStart</STRONG> (ARM, 128 bytes, Stack size 16 bytes, os_core.o(.text))
<BR><BR>[Stack]<UL><LI>Max Depth = 24<LI>Call Chain = OSStart &rArr; OSStartHighRdy
</UL>
<BR>[Calls]<UL><LI><a href="#[90]">&gt;&gt;</a>&nbsp;&nbsp;&nbsp;OSStartHighRdy
</UL>
<BR>[Called By]<UL><LI><a href="#[a]">&gt;&gt;</a>&nbsp;&nbsp;&nbsp;main
</UL>

<P><STRONG><a name="[91]"></a>OSStatInit</STRONG> (ARM, 96 bytes, Stack size 8 bytes, os_core.o(.text))
<BR><BR>[Stack]<UL><LI>Max Depth = 24<LI>Call Chain = OSStatInit &rArr; OSTimeDly &rArr; OS_Sched
</UL>
<BR>[Calls]<UL><LI><a href="#[7f]">&gt;&gt;</a>&nbsp;&nbsp;&nbsp;OSTimeDly
</UL>
<BR>[Called By]<UL><LI><a href="#[c]">&gt;&gt;</a>&nbsp;&nbsp;&nbsp;TaskStart
</UL>

<P><STRONG><a name="[92]"></a>OSTimeTick</STRONG> (ARM, 224 bytes, Stack size 8 bytes, os_core.o(.text))
<BR><BR>[Stack]<UL><LI>Max Depth = 8<LI>Call Chain = OSTimeTick
</UL>
<BR>[Calls]<UL><LI><a href="#[93]">&gt;&gt;</a>&nbsp;&nbsp;&nbsp;OSTimeTickHook
</UL>
<BR>[Called By]<UL><LI><a href="#[1c]">&gt;&gt;</a>&nbsp;&nbsp;&nbsp;IRQ_Timer0
</UL>

<P><STRONG><a name="[2da]"></a>OSVersion</STRONG> (ARM, 8 bytes, Stack size 0 bytes, os_core.o(.text), UNUSED)

<P><STRONG><a name="[9d]"></a>OS_EventTaskRdy</STRONG> (ARM, 192 bytes, Stack size 28 bytes, os_core.o(.text))
<BR><BR>[Stack]<UL><LI>Max Depth = 28<LI>Call Chain = OS_EventTaskRdy
</UL>
<BR>[Called By]<UL><LI><a href="#[a0]">&gt;&gt;</a>&nbsp;&nbsp;&nbsp;OSSemPost
<LI><a href="#[9c]">&gt;&gt;</a>&nbsp;&nbsp;&nbsp;OSQPost
</UL>

<P><STRONG><a name="[9a]"></a>OS_EventTaskWait</STRONG> (ARM, 188 bytes, Stack size 0 bytes, os_core.o(.text))
<BR><BR>[Called By]<UL><LI><a href="#[9f]">&gt;&gt;</a>&nbsp;&nbsp;&nbsp;OSSemPend
<LI><a href="#[99]">&gt;&gt;</a>&nbsp;&nbsp;&nbsp;OSQPend
</UL>

<P><STRONG><a name="[9b]"></a>OS_EventTO</STRONG> (ARM, 116 bytes, Stack size 0 bytes, os_core.o(.text))
<BR><BR>[Called By]<UL><LI><a href="#[9f]">&gt;&gt;</a>&nbsp;&nbsp;&nbsp;OSSemPend
<LI><a href="#[99]">&gt;&gt;</a>&nbsp;&nbsp;&nbsp;OSQPend
</UL>

<P><STRONG><a name="[98]"></a>OS_EventWaitListInit</STRONG> (ARM, 40 bytes, Stack size 0 bytes, os_core.o(.text))
<BR><BR>[Called By]<UL><LI><a href="#[9e]">&gt;&gt;</a>&nbsp;&nbsp;&nbsp;OSSemCreate
<LI><a href="#[97]">&gt;&gt;</a>&nbsp;&nbsp;&nbsp;OSQCreate
</UL>

<P><STRONG><a name="[94]"></a>OS_TCBInit</STRONG> (ARM, 344 bytes, Stack size 40 bytes, os_core.o(.text))
<BR><BR>[Stack]<UL><LI>Max Depth = 40<LI>Call Chain = OS_TCBInit
</UL>
<BR>[Calls]<UL><LI><a href="#[96]">&gt;&gt;</a>&nbsp;&nbsp;&nbsp;OSTaskCreateHook
<LI><a href="#[95]">&gt;&gt;</a>&nbsp;&nbsp;&nbsp;OSTCBInitHook
</UL>
<BR>[Called By]<UL><LI><a href="#[83]">&gt;&gt;</a>&nbsp;&nbsp;&nbsp;OSTaskCreate
</UL>

<P><STRONG><a name="[a1]"></a>OSTaskStkInit</STRONG> (ARM, 228 bytes, Stack size 12 bytes, os_cpu_c.o(.text))
<BR><BR>[Stack]<UL><LI>Max Depth = 12<LI>Call Chain = OSTaskStkInit
</UL>
<BR>[Called By]<UL><LI><a href="#[83]">&gt;&gt;</a>&nbsp;&nbsp;&nbsp;OSTaskCreate
</UL>

<P><STRONG><a name="[90]"></a>OSStartHighRdy</STRONG> (ARM, 16 bytes, Stack size 8 bytes, os_cpu_c.o(.text))
<BR><BR>[Stack]<UL><LI>Max Depth = 8<LI>Call Chain = OSStartHighRdy
</UL>
<BR>[Called By]<UL><LI><a href="#[7b]">&gt;&gt;</a>&nbsp;&nbsp;&nbsp;OSStart
</UL>

<P><STRONG><a name="[294]"></a>_TaskIsARM</STRONG> (ARM, 52 bytes, Stack size 0 bytes, os_cpu_c.o(.text))
<BR><BR>[Called By]<UL><LI><a href="#[42]">&gt;&gt;</a>&nbsp;&nbsp;&nbsp;TaskIsARM
</UL>

<P><STRONG><a name="[295]"></a>_TaskIsTHUMB</STRONG> (ARM, 52 bytes, Stack size 0 bytes, os_cpu_c.o(.text))
<BR><BR>[Called By]<UL><LI><a href="#[43]">&gt;&gt;</a>&nbsp;&nbsp;&nbsp;TaskIsTHUMB
</UL>

<P><STRONG><a name="[87]"></a>OSInitHookBegin</STRONG> (ARM, 4 bytes, Stack size 0 bytes, os_cpu_c.o(.text))
<BR><BR>[Called By]<UL><LI><a href="#[78]">&gt;&gt;</a>&nbsp;&nbsp;&nbsp;OSInit
</UL>

<P><STRONG><a name="[8d]"></a>OSInitHookEnd</STRONG> (ARM, 4 bytes, Stack size 0 bytes, os_cpu_c.o(.text))
<BR><BR>[Called By]<UL><LI><a href="#[78]">&gt;&gt;</a>&nbsp;&nbsp;&nbsp;OSInit
</UL>

<P><STRONG><a name="[96]"></a>OSTaskCreateHook</STRONG> (ARM, 8 bytes, Stack size 0 bytes, os_cpu_c.o(.text))
<BR><BR>[Called By]<UL><LI><a href="#[94]">&gt;&gt;</a>&nbsp;&nbsp;&nbsp;OS_TCBInit
</UL>

<P><STRONG><a name="[2db]"></a>OSTaskDelHook</STRONG> (ARM, 8 bytes, Stack size 0 bytes, os_cpu_c.o(.text), UNUSED)

<P><STRONG><a name="[296]"></a>OSTaskSwHook</STRONG> (ARM, 4 bytes, Stack size 0 bytes, os_cpu_c.o(.text))
<BR><BR>[Called By]<UL><LI><a href="#[293]">&gt;&gt;</a>&nbsp;&nbsp;&nbsp;__OSStartHighRdy
<LI><a href="#[3a]">&gt;&gt;</a>&nbsp;&nbsp;&nbsp;OSIntCtxSw
</UL>

<P><STRONG><a name="[81]"></a>OSTaskStatHook</STRONG> (ARM, 4 bytes, Stack size 0 bytes, os_cpu_c.o(.text))
<BR><BR>[Called By]<UL><LI><a href="#[7e]">&gt;&gt;</a>&nbsp;&nbsp;&nbsp;OS_TaskStat
</UL>

<P><STRONG><a name="[95]"></a>OSTCBInitHook</STRONG> (ARM, 8 bytes, Stack size 0 bytes, os_cpu_c.o(.text))
<BR><BR>[Called By]<UL><LI><a href="#[94]">&gt;&gt;</a>&nbsp;&nbsp;&nbsp;OS_TCBInit
</UL>

<P><STRONG><a name="[93]"></a>OSTimeTickHook</STRONG> (ARM, 4 bytes, Stack size 0 bytes, os_cpu_c.o(.text))
<BR><BR>[Called By]<UL><LI><a href="#[92]">&gt;&gt;</a>&nbsp;&nbsp;&nbsp;OSTimeTick
</UL>

<P><STRONG><a name="[85]"></a>OSTaskIdleHook</STRONG> (ARM, 4 bytes, Stack size 0 bytes, os_cpu_c.o(.text))
<BR><BR>[Called By]<UL><LI><a href="#[84]">&gt;&gt;</a>&nbsp;&nbsp;&nbsp;OS_TaskIdle
</UL>

<P><STRONG><a name="[cc]"></a>OSQAccept</STRONG> (ARM, 108 bytes, Stack size 16 bytes, os_q.o(.text))
<BR><BR>[Stack]<UL><LI>Max Depth = 16<LI>Call Chain = OSQAccept
</UL>
<BR>[Called By]<UL><LI><a href="#[15]">&gt;&gt;</a>&nbsp;&nbsp;&nbsp;Task_UI
<LI><a href="#[17]">&gt;&gt;</a>&nbsp;&nbsp;&nbsp;TaskSDCard
<LI><a href="#[18]">&gt;&gt;</a>&nbsp;&nbsp;&nbsp;TaskRecWave
<LI><a href="#[12]">&gt;&gt;</a>&nbsp;&nbsp;&nbsp;TaskRec7
<LI><a href="#[11]">&gt;&gt;</a>&nbsp;&nbsp;&nbsp;TaskRec6
<LI><a href="#[16]">&gt;&gt;</a>&nbsp;&nbsp;&nbsp;TaskDebugInfo
<LI><a href="#[c7]">&gt;&gt;</a>&nbsp;&nbsp;&nbsp;FLogicForLoop
</UL>

<P><STRONG><a name="[97]"></a>OSQCreate</STRONG> (ARM, 252 bytes, Stack size 24 bytes, os_q.o(.text))
<BR><BR>[Stack]<UL><LI>Max Depth = 24<LI>Call Chain = OSQCreate
</UL>
<BR>[Calls]<UL><LI><a href="#[98]">&gt;&gt;</a>&nbsp;&nbsp;&nbsp;OS_EventWaitListInit
</UL>
<BR>[Called By]<UL><LI><a href="#[a5]">&gt;&gt;</a>&nbsp;&nbsp;&nbsp;LogicMem_init
<LI><a href="#[a6]">&gt;&gt;</a>&nbsp;&nbsp;&nbsp;External_Equipment_init
</UL>

<P><STRONG><a name="[2dc]"></a>OSQFlush</STRONG> (ARM, 60 bytes, Stack size 16 bytes, os_q.o(.text), UNUSED)

<P><STRONG><a name="[99]"></a>OSQPend</STRONG> (ARM, 332 bytes, Stack size 24 bytes, os_q.o(.text))
<BR><BR>[Stack]<UL><LI>Max Depth = 32<LI>Call Chain = OSQPend &rArr; OS_Sched
</UL>
<BR>[Calls]<UL><LI><a href="#[9b]">&gt;&gt;</a>&nbsp;&nbsp;&nbsp;OS_EventTO
<LI><a href="#[9a]">&gt;&gt;</a>&nbsp;&nbsp;&nbsp;OS_EventTaskWait
<LI><a href="#[8f]">&gt;&gt;</a>&nbsp;&nbsp;&nbsp;OS_Sched
</UL>
<BR>[Called By]<UL><LI><a href="#[13]">&gt;&gt;</a>&nbsp;&nbsp;&nbsp;Task_Laser_Interact
<LI><a href="#[10]">&gt;&gt;</a>&nbsp;&nbsp;&nbsp;TaskRec4
</UL>

<P><STRONG><a name="[9c]"></a>OSQPost</STRONG> (ARM, 176 bytes, Stack size 16 bytes, os_q.o(.text))
<BR><BR>[Stack]<UL><LI>Max Depth = 44<LI>Call Chain = OSQPost &rArr; OS_EventTaskRdy
</UL>
<BR>[Calls]<UL><LI><a href="#[9d]">&gt;&gt;</a>&nbsp;&nbsp;&nbsp;OS_EventTaskRdy
<LI><a href="#[8f]">&gt;&gt;</a>&nbsp;&nbsp;&nbsp;OS_Sched
</UL>
<BR>[Called By]<UL><LI><a href="#[162]">&gt;&gt;</a>&nbsp;&nbsp;&nbsp;DetailedUnionWgtAlg
<LI><a href="#[15b]">&gt;&gt;</a>&nbsp;&nbsp;&nbsp;FProPostAxle
<LI><a href="#[156]">&gt;&gt;</a>&nbsp;&nbsp;&nbsp;FMatchRuleFunc
<LI><a href="#[155]">&gt;&gt;</a>&nbsp;&nbsp;&nbsp;DetailedMatchRule
<LI><a href="#[14f]">&gt;&gt;</a>&nbsp;&nbsp;&nbsp;SpanColumnTimeMatch
<LI><a href="#[14d]">&gt;&gt;</a>&nbsp;&nbsp;&nbsp;MoveColumElem
<LI><a href="#[129]">&gt;&gt;</a>&nbsp;&nbsp;&nbsp;WJ_ProcessCmd
<LI><a href="#[128]">&gt;&gt;</a>&nbsp;&nbsp;&nbsp;WJJD_ProcessCmd
<LI><a href="#[124]">&gt;&gt;</a>&nbsp;&nbsp;&nbsp;ToBuff_FXC
<LI><a href="#[121]">&gt;&gt;</a>&nbsp;&nbsp;&nbsp;ToBuff1
<LI><a href="#[122]">&gt;&gt;</a>&nbsp;&nbsp;&nbsp;ToBuff0ForBD
<LI><a href="#[123]">&gt;&gt;</a>&nbsp;&nbsp;&nbsp;ToBuff0
<LI><a href="#[126]">&gt;&gt;</a>&nbsp;&nbsp;&nbsp;SendCommandToPC_FXC
<LI><a href="#[125]">&gt;&gt;</a>&nbsp;&nbsp;&nbsp;SendCommandToPC0
<LI><a href="#[12a]">&gt;&gt;</a>&nbsp;&nbsp;&nbsp;ProcessCmd_FXC
<LI><a href="#[115]">&gt;&gt;</a>&nbsp;&nbsp;&nbsp;FJDProcess
<LI><a href="#[113]">&gt;&gt;</a>&nbsp;&nbsp;&nbsp;FPreDeal
<LI><a href="#[112]">&gt;&gt;</a>&nbsp;&nbsp;&nbsp;SevenAxleCtl
<LI><a href="#[10c]">&gt;&gt;</a>&nbsp;&nbsp;&nbsp;FStudyAlg
<LI><a href="#[13]">&gt;&gt;</a>&nbsp;&nbsp;&nbsp;Task_Laser_Interact
<LI><a href="#[17]">&gt;&gt;</a>&nbsp;&nbsp;&nbsp;TaskSDCard
<LI><a href="#[18]">&gt;&gt;</a>&nbsp;&nbsp;&nbsp;TaskRecWave
<LI><a href="#[14]">&gt;&gt;</a>&nbsp;&nbsp;&nbsp;TaskRec9
<LI><a href="#[12]">&gt;&gt;</a>&nbsp;&nbsp;&nbsp;TaskRec7
<LI><a href="#[11]">&gt;&gt;</a>&nbsp;&nbsp;&nbsp;TaskRec6
<LI><a href="#[10]">&gt;&gt;</a>&nbsp;&nbsp;&nbsp;TaskRec4
<LI><a href="#[d]">&gt;&gt;</a>&nbsp;&nbsp;&nbsp;TaskRec2
<LI><a href="#[16]">&gt;&gt;</a>&nbsp;&nbsp;&nbsp;TaskDebugInfo
<LI><a href="#[d2]">&gt;&gt;</a>&nbsp;&nbsp;&nbsp;SpeedMatchThirdRow
<LI><a href="#[d5]">&gt;&gt;</a>&nbsp;&nbsp;&nbsp;SpeedMatchSecondRow
<LI><a href="#[b5]">&gt;&gt;</a>&nbsp;&nbsp;&nbsp;FPostVehForLoop
<LI><a href="#[d3]">&gt;&gt;</a>&nbsp;&nbsp;&nbsp;FMatchThirdRow
<LI><a href="#[d6]">&gt;&gt;</a>&nbsp;&nbsp;&nbsp;FMatchSecondRow
<LI><a href="#[d8]">&gt;&gt;</a>&nbsp;&nbsp;&nbsp;FMatchHideFristRow
<LI><a href="#[d4]">&gt;&gt;</a>&nbsp;&nbsp;&nbsp;FMatchFristRow
<LI><a href="#[db]">&gt;&gt;</a>&nbsp;&nbsp;&nbsp;FMatchColumAndCloum
<LI><a href="#[da]">&gt;&gt;</a>&nbsp;&nbsp;&nbsp;FHideZTPostVehForNormal
<LI><a href="#[d9]">&gt;&gt;</a>&nbsp;&nbsp;&nbsp;FHideZTPostAxle
<LI><a href="#[de]">&gt;&gt;</a>&nbsp;&nbsp;&nbsp;FCapture
<LI><a href="#[dd]">&gt;&gt;</a>&nbsp;&nbsp;&nbsp;FVehXieZouStatus
<LI><a href="#[e]">&gt;&gt;</a>&nbsp;&nbsp;&nbsp;TaskRec1
<LI><a href="#[c7]">&gt;&gt;</a>&nbsp;&nbsp;&nbsp;FLogicForLoop
<LI><a href="#[c6]">&gt;&gt;</a>&nbsp;&nbsp;&nbsp;FSendWaveBE
<LI><a href="#[be]">&gt;&gt;</a>&nbsp;&nbsp;&nbsp;FDeleteValidZTOrColum
<LI><a href="#[20]">&gt;&gt;</a>&nbsp;&nbsp;&nbsp;IRQ_FPGA
<LI><a href="#[1e6]">&gt;&gt;</a>&nbsp;&nbsp;&nbsp;IRQ_Uart3
<LI><a href="#[260]">&gt;&gt;</a>&nbsp;&nbsp;&nbsp;FCompleteData
</UL>

<P><STRONG><a name="[130]"></a>OSQQuery</STRONG> (ARM, 148 bytes, Stack size 24 bytes, os_q.o(.text))
<BR><BR>[Stack]<UL><LI>Max Depth = 24<LI>Call Chain = OSQQuery
</UL>
<BR>[Called By]<UL><LI><a href="#[17]">&gt;&gt;</a>&nbsp;&nbsp;&nbsp;TaskSDCard
<LI><a href="#[12]">&gt;&gt;</a>&nbsp;&nbsp;&nbsp;TaskRec7
</UL>

<P><STRONG><a name="[8c]"></a>OS_QInit</STRONG> (ARM, 68 bytes, Stack size 0 bytes, os_q.o(.text))
<BR><BR>[Called By]<UL><LI><a href="#[78]">&gt;&gt;</a>&nbsp;&nbsp;&nbsp;OSInit
</UL>

<P><STRONG><a name="[119]"></a>OSSemAccept</STRONG> (ARM, 56 bytes, Stack size 16 bytes, os_sem.o(.text))
<BR><BR>[Stack]<UL><LI>Max Depth = 16<LI>Call Chain = OSSemAccept
</UL>
<BR>[Called By]<UL><LI><a href="#[1a5]">&gt;&gt;</a>&nbsp;&nbsp;&nbsp;DoKey_F11
<LI><a href="#[15]">&gt;&gt;</a>&nbsp;&nbsp;&nbsp;Task_UI
<LI><a href="#[17]">&gt;&gt;</a>&nbsp;&nbsp;&nbsp;TaskSDCard
<LI><a href="#[11]">&gt;&gt;</a>&nbsp;&nbsp;&nbsp;TaskRec6
<LI><a href="#[f]">&gt;&gt;</a>&nbsp;&nbsp;&nbsp;TaskRec3
</UL>

<P><STRONG><a name="[9e]"></a>OSSemCreate</STRONG> (ARM, 132 bytes, Stack size 16 bytes, os_sem.o(.text))
<BR><BR>[Stack]<UL><LI>Max Depth = 16<LI>Call Chain = OSSemCreate
</UL>
<BR>[Calls]<UL><LI><a href="#[98]">&gt;&gt;</a>&nbsp;&nbsp;&nbsp;OS_EventWaitListInit
</UL>
<BR>[Called By]<UL><LI><a href="#[a5]">&gt;&gt;</a>&nbsp;&nbsp;&nbsp;LogicMem_init
<LI><a href="#[a6]">&gt;&gt;</a>&nbsp;&nbsp;&nbsp;External_Equipment_init
</UL>

<P><STRONG><a name="[9f]"></a>OSSemPend</STRONG> (ARM, 252 bytes, Stack size 16 bytes, os_sem.o(.text))
<BR><BR>[Stack]<UL><LI>Max Depth = 24<LI>Call Chain = OSSemPend &rArr; OS_Sched
</UL>
<BR>[Calls]<UL><LI><a href="#[9b]">&gt;&gt;</a>&nbsp;&nbsp;&nbsp;OS_EventTO
<LI><a href="#[9a]">&gt;&gt;</a>&nbsp;&nbsp;&nbsp;OS_EventTaskWait
<LI><a href="#[8f]">&gt;&gt;</a>&nbsp;&nbsp;&nbsp;OS_Sched
</UL>
<BR>[Called By]<UL><LI><a href="#[162]">&gt;&gt;</a>&nbsp;&nbsp;&nbsp;DetailedUnionWgtAlg
<LI><a href="#[15b]">&gt;&gt;</a>&nbsp;&nbsp;&nbsp;FProPostAxle
<LI><a href="#[156]">&gt;&gt;</a>&nbsp;&nbsp;&nbsp;FMatchRuleFunc
<LI><a href="#[155]">&gt;&gt;</a>&nbsp;&nbsp;&nbsp;DetailedMatchRule
<LI><a href="#[14f]">&gt;&gt;</a>&nbsp;&nbsp;&nbsp;SpanColumnTimeMatch
<LI><a href="#[14d]">&gt;&gt;</a>&nbsp;&nbsp;&nbsp;MoveColumElem
<LI><a href="#[129]">&gt;&gt;</a>&nbsp;&nbsp;&nbsp;WJ_ProcessCmd
<LI><a href="#[128]">&gt;&gt;</a>&nbsp;&nbsp;&nbsp;WJJD_ProcessCmd
<LI><a href="#[125]">&gt;&gt;</a>&nbsp;&nbsp;&nbsp;SendCommandToPC0
<LI><a href="#[12a]">&gt;&gt;</a>&nbsp;&nbsp;&nbsp;ProcessCmd_FXC
<LI><a href="#[115]">&gt;&gt;</a>&nbsp;&nbsp;&nbsp;FJDProcess
<LI><a href="#[113]">&gt;&gt;</a>&nbsp;&nbsp;&nbsp;FPreDeal
<LI><a href="#[112]">&gt;&gt;</a>&nbsp;&nbsp;&nbsp;SevenAxleCtl
<LI><a href="#[10c]">&gt;&gt;</a>&nbsp;&nbsp;&nbsp;FStudyAlg
<LI><a href="#[13]">&gt;&gt;</a>&nbsp;&nbsp;&nbsp;Task_Laser_Interact
<LI><a href="#[17]">&gt;&gt;</a>&nbsp;&nbsp;&nbsp;TaskSDCard
<LI><a href="#[18]">&gt;&gt;</a>&nbsp;&nbsp;&nbsp;TaskRecWave
<LI><a href="#[14]">&gt;&gt;</a>&nbsp;&nbsp;&nbsp;TaskRec9
<LI><a href="#[12]">&gt;&gt;</a>&nbsp;&nbsp;&nbsp;TaskRec7
<LI><a href="#[11]">&gt;&gt;</a>&nbsp;&nbsp;&nbsp;TaskRec6
<LI><a href="#[10]">&gt;&gt;</a>&nbsp;&nbsp;&nbsp;TaskRec4
<LI><a href="#[f]">&gt;&gt;</a>&nbsp;&nbsp;&nbsp;TaskRec3
<LI><a href="#[d]">&gt;&gt;</a>&nbsp;&nbsp;&nbsp;TaskRec2
<LI><a href="#[16]">&gt;&gt;</a>&nbsp;&nbsp;&nbsp;TaskDebugInfo
<LI><a href="#[d2]">&gt;&gt;</a>&nbsp;&nbsp;&nbsp;SpeedMatchThirdRow
<LI><a href="#[d5]">&gt;&gt;</a>&nbsp;&nbsp;&nbsp;SpeedMatchSecondRow
<LI><a href="#[b5]">&gt;&gt;</a>&nbsp;&nbsp;&nbsp;FPostVehForLoop
<LI><a href="#[d3]">&gt;&gt;</a>&nbsp;&nbsp;&nbsp;FMatchThirdRow
<LI><a href="#[d6]">&gt;&gt;</a>&nbsp;&nbsp;&nbsp;FMatchSecondRow
<LI><a href="#[d8]">&gt;&gt;</a>&nbsp;&nbsp;&nbsp;FMatchHideFristRow
<LI><a href="#[d4]">&gt;&gt;</a>&nbsp;&nbsp;&nbsp;FMatchFristRow
<LI><a href="#[db]">&gt;&gt;</a>&nbsp;&nbsp;&nbsp;FMatchColumAndCloum
<LI><a href="#[da]">&gt;&gt;</a>&nbsp;&nbsp;&nbsp;FHideZTPostVehForNormal
<LI><a href="#[d9]">&gt;&gt;</a>&nbsp;&nbsp;&nbsp;FHideZTPostAxle
<LI><a href="#[de]">&gt;&gt;</a>&nbsp;&nbsp;&nbsp;FCapture
<LI><a href="#[dd]">&gt;&gt;</a>&nbsp;&nbsp;&nbsp;FVehXieZouStatus
<LI><a href="#[e]">&gt;&gt;</a>&nbsp;&nbsp;&nbsp;TaskRec1
<LI><a href="#[c7]">&gt;&gt;</a>&nbsp;&nbsp;&nbsp;FLogicForLoop
<LI><a href="#[c6]">&gt;&gt;</a>&nbsp;&nbsp;&nbsp;FSendWaveBE
<LI><a href="#[be]">&gt;&gt;</a>&nbsp;&nbsp;&nbsp;FDeleteValidZTOrColum
</UL>

<P><STRONG><a name="[a0]"></a>OSSemPost</STRONG> (ARM, 128 bytes, Stack size 8 bytes, os_sem.o(.text))
<BR><BR>[Stack]<UL><LI>Max Depth = 36<LI>Call Chain = OSSemPost &rArr; OS_EventTaskRdy
</UL>
<BR>[Calls]<UL><LI><a href="#[9d]">&gt;&gt;</a>&nbsp;&nbsp;&nbsp;OS_EventTaskRdy
<LI><a href="#[8f]">&gt;&gt;</a>&nbsp;&nbsp;&nbsp;OS_Sched
</UL>
<BR>[Called By]<UL><LI><a href="#[162]">&gt;&gt;</a>&nbsp;&nbsp;&nbsp;DetailedUnionWgtAlg
<LI><a href="#[15b]">&gt;&gt;</a>&nbsp;&nbsp;&nbsp;FProPostAxle
<LI><a href="#[156]">&gt;&gt;</a>&nbsp;&nbsp;&nbsp;FMatchRuleFunc
<LI><a href="#[155]">&gt;&gt;</a>&nbsp;&nbsp;&nbsp;DetailedMatchRule
<LI><a href="#[14f]">&gt;&gt;</a>&nbsp;&nbsp;&nbsp;SpanColumnTimeMatch
<LI><a href="#[14d]">&gt;&gt;</a>&nbsp;&nbsp;&nbsp;MoveColumElem
<LI><a href="#[129]">&gt;&gt;</a>&nbsp;&nbsp;&nbsp;WJ_ProcessCmd
<LI><a href="#[128]">&gt;&gt;</a>&nbsp;&nbsp;&nbsp;WJJD_ProcessCmd
<LI><a href="#[125]">&gt;&gt;</a>&nbsp;&nbsp;&nbsp;SendCommandToPC0
<LI><a href="#[12a]">&gt;&gt;</a>&nbsp;&nbsp;&nbsp;ProcessCmd_FXC
<LI><a href="#[115]">&gt;&gt;</a>&nbsp;&nbsp;&nbsp;FJDProcess
<LI><a href="#[113]">&gt;&gt;</a>&nbsp;&nbsp;&nbsp;FPreDeal
<LI><a href="#[112]">&gt;&gt;</a>&nbsp;&nbsp;&nbsp;SevenAxleCtl
<LI><a href="#[10c]">&gt;&gt;</a>&nbsp;&nbsp;&nbsp;FStudyAlg
<LI><a href="#[13]">&gt;&gt;</a>&nbsp;&nbsp;&nbsp;Task_Laser_Interact
<LI><a href="#[17]">&gt;&gt;</a>&nbsp;&nbsp;&nbsp;TaskSDCard
<LI><a href="#[18]">&gt;&gt;</a>&nbsp;&nbsp;&nbsp;TaskRecWave
<LI><a href="#[14]">&gt;&gt;</a>&nbsp;&nbsp;&nbsp;TaskRec9
<LI><a href="#[12]">&gt;&gt;</a>&nbsp;&nbsp;&nbsp;TaskRec7
<LI><a href="#[11]">&gt;&gt;</a>&nbsp;&nbsp;&nbsp;TaskRec6
<LI><a href="#[10]">&gt;&gt;</a>&nbsp;&nbsp;&nbsp;TaskRec4
<LI><a href="#[f]">&gt;&gt;</a>&nbsp;&nbsp;&nbsp;TaskRec3
<LI><a href="#[d]">&gt;&gt;</a>&nbsp;&nbsp;&nbsp;TaskRec2
<LI><a href="#[16]">&gt;&gt;</a>&nbsp;&nbsp;&nbsp;TaskDebugInfo
<LI><a href="#[d2]">&gt;&gt;</a>&nbsp;&nbsp;&nbsp;SpeedMatchThirdRow
<LI><a href="#[d5]">&gt;&gt;</a>&nbsp;&nbsp;&nbsp;SpeedMatchSecondRow
<LI><a href="#[b5]">&gt;&gt;</a>&nbsp;&nbsp;&nbsp;FPostVehForLoop
<LI><a href="#[d3]">&gt;&gt;</a>&nbsp;&nbsp;&nbsp;FMatchThirdRow
<LI><a href="#[d6]">&gt;&gt;</a>&nbsp;&nbsp;&nbsp;FMatchSecondRow
<LI><a href="#[d8]">&gt;&gt;</a>&nbsp;&nbsp;&nbsp;FMatchHideFristRow
<LI><a href="#[d4]">&gt;&gt;</a>&nbsp;&nbsp;&nbsp;FMatchFristRow
<LI><a href="#[db]">&gt;&gt;</a>&nbsp;&nbsp;&nbsp;FMatchColumAndCloum
<LI><a href="#[da]">&gt;&gt;</a>&nbsp;&nbsp;&nbsp;FHideZTPostVehForNormal
<LI><a href="#[d9]">&gt;&gt;</a>&nbsp;&nbsp;&nbsp;FHideZTPostAxle
<LI><a href="#[de]">&gt;&gt;</a>&nbsp;&nbsp;&nbsp;FCapture
<LI><a href="#[dd]">&gt;&gt;</a>&nbsp;&nbsp;&nbsp;FVehXieZouStatus
<LI><a href="#[e]">&gt;&gt;</a>&nbsp;&nbsp;&nbsp;TaskRec1
<LI><a href="#[c7]">&gt;&gt;</a>&nbsp;&nbsp;&nbsp;FLogicForLoop
<LI><a href="#[c6]">&gt;&gt;</a>&nbsp;&nbsp;&nbsp;FSendWaveBE
<LI><a href="#[be]">&gt;&gt;</a>&nbsp;&nbsp;&nbsp;FDeleteValidZTOrColum
<LI><a href="#[21]">&gt;&gt;</a>&nbsp;&nbsp;&nbsp;IRQ_Keyboard
<LI><a href="#[1c]">&gt;&gt;</a>&nbsp;&nbsp;&nbsp;IRQ_Timer0
</UL>

<P><STRONG><a name="[83]"></a>OSTaskCreate</STRONG> (ARM, 248 bytes, Stack size 40 bytes, os_task.o(.text))
<BR><BR>[Stack]<UL><LI>Max Depth = 80<LI>Call Chain = OSTaskCreate &rArr; OS_TCBInit
</UL>
<BR>[Calls]<UL><LI><a href="#[a1]">&gt;&gt;</a>&nbsp;&nbsp;&nbsp;OSTaskStkInit
<LI><a href="#[94]">&gt;&gt;</a>&nbsp;&nbsp;&nbsp;OS_TCBInit
<LI><a href="#[8f]">&gt;&gt;</a>&nbsp;&nbsp;&nbsp;OS_Sched
</UL>
<BR>[Called By]<UL><LI><a href="#[86]">&gt;&gt;</a>&nbsp;&nbsp;&nbsp;OS_InitTaskIdle
<LI><a href="#[82]">&gt;&gt;</a>&nbsp;&nbsp;&nbsp;OS_InitTaskStat
<LI><a href="#[7a]">&gt;&gt;</a>&nbsp;&nbsp;&nbsp;RunStartTask
<LI><a href="#[ae]">&gt;&gt;</a>&nbsp;&nbsp;&nbsp;FTaskBuild
</UL>

<P><STRONG><a name="[a2]"></a>OSTaskResume</STRONG> (ARM, 192 bytes, Stack size 16 bytes, os_task.o(.text), UNUSED)
<BR><BR>[Calls]<UL><LI><a href="#[8f]">&gt;&gt;</a>&nbsp;&nbsp;&nbsp;OS_Sched
</UL>

<P><STRONG><a name="[a3]"></a>OSTaskSuspend</STRONG> (ARM, 208 bytes, Stack size 16 bytes, os_task.o(.text))
<BR><BR>[Stack]<UL><LI>Max Depth = 24<LI>Call Chain = OSTaskSuspend &rArr; OS_Sched
</UL>
<BR>[Calls]<UL><LI><a href="#[8f]">&gt;&gt;</a>&nbsp;&nbsp;&nbsp;OS_Sched
</UL>
<BR>[Called By]<UL><LI><a href="#[ae]">&gt;&gt;</a>&nbsp;&nbsp;&nbsp;FTaskBuild
</UL>

<P><STRONG><a name="[7f]"></a>OSTimeDly</STRONG> (ARM, 144 bytes, Stack size 8 bytes, os_time.o(.text))
<BR><BR>[Stack]<UL><LI>Max Depth = 16<LI>Call Chain = OSTimeDly &rArr; OS_Sched
</UL>
<BR>[Calls]<UL><LI><a href="#[8f]">&gt;&gt;</a>&nbsp;&nbsp;&nbsp;OS_Sched
</UL>
<BR>[Called By]<UL><LI><a href="#[91]">&gt;&gt;</a>&nbsp;&nbsp;&nbsp;OSStatInit
<LI><a href="#[7e]">&gt;&gt;</a>&nbsp;&nbsp;&nbsp;OS_TaskStat
<LI><a href="#[1a5]">&gt;&gt;</a>&nbsp;&nbsp;&nbsp;DoKey_F11
<LI><a href="#[180]">&gt;&gt;</a>&nbsp;&nbsp;&nbsp;FReSenddata
<LI><a href="#[181]">&gt;&gt;</a>&nbsp;&nbsp;&nbsp;FReSend39data
<LI><a href="#[17f]">&gt;&gt;</a>&nbsp;&nbsp;&nbsp;FSend6FInfo
<LI><a href="#[17a]">&gt;&gt;</a>&nbsp;&nbsp;&nbsp;FSend39Info
<LI><a href="#[177]">&gt;&gt;</a>&nbsp;&nbsp;&nbsp;FSend01Info
<LI><a href="#[129]">&gt;&gt;</a>&nbsp;&nbsp;&nbsp;WJ_ProcessCmd
<LI><a href="#[125]">&gt;&gt;</a>&nbsp;&nbsp;&nbsp;SendCommandToPC0
<LI><a href="#[12a]">&gt;&gt;</a>&nbsp;&nbsp;&nbsp;ProcessCmd_FXC
<LI><a href="#[15]">&gt;&gt;</a>&nbsp;&nbsp;&nbsp;Task_UI
<LI><a href="#[13]">&gt;&gt;</a>&nbsp;&nbsp;&nbsp;Task_Laser_Interact
<LI><a href="#[17]">&gt;&gt;</a>&nbsp;&nbsp;&nbsp;TaskSDCard
<LI><a href="#[18]">&gt;&gt;</a>&nbsp;&nbsp;&nbsp;TaskRecWave
<LI><a href="#[14]">&gt;&gt;</a>&nbsp;&nbsp;&nbsp;TaskRec9
<LI><a href="#[12]">&gt;&gt;</a>&nbsp;&nbsp;&nbsp;TaskRec7
<LI><a href="#[11]">&gt;&gt;</a>&nbsp;&nbsp;&nbsp;TaskRec6
<LI><a href="#[10]">&gt;&gt;</a>&nbsp;&nbsp;&nbsp;TaskRec4
<LI><a href="#[f]">&gt;&gt;</a>&nbsp;&nbsp;&nbsp;TaskRec3
<LI><a href="#[d]">&gt;&gt;</a>&nbsp;&nbsp;&nbsp;TaskRec2
<LI><a href="#[16]">&gt;&gt;</a>&nbsp;&nbsp;&nbsp;TaskDebugInfo
<LI><a href="#[ab]">&gt;&gt;</a>&nbsp;&nbsp;&nbsp;FReadFromTDC
<LI><a href="#[b0]">&gt;&gt;</a>&nbsp;&nbsp;&nbsp;AddStartupCnt
<LI><a href="#[de]">&gt;&gt;</a>&nbsp;&nbsp;&nbsp;FCapture
<LI><a href="#[e]">&gt;&gt;</a>&nbsp;&nbsp;&nbsp;TaskRec1
<LI><a href="#[c7]">&gt;&gt;</a>&nbsp;&nbsp;&nbsp;FLogicForLoop
<LI><a href="#[b2]">&gt;&gt;</a>&nbsp;&nbsp;&nbsp;CheckStackTaskUse
<LI><a href="#[c]">&gt;&gt;</a>&nbsp;&nbsp;&nbsp;TaskStart
</UL>

<P><STRONG><a name="[e9]"></a>OSTimeGet</STRONG> (ARM, 36 bytes, Stack size 8 bytes, os_time.o(.text))
<BR><BR>[Stack]<UL><LI>Max Depth = 8<LI>Call Chain = OSTimeGet
</UL>
<BR>[Called By]<UL><LI><a href="#[eb]">&gt;&gt;</a>&nbsp;&nbsp;&nbsp;timer_expired
<LI><a href="#[ea]">&gt;&gt;</a>&nbsp;&nbsp;&nbsp;timer_restart
<LI><a href="#[e8]">&gt;&gt;</a>&nbsp;&nbsp;&nbsp;timer_set
</UL>

<P><STRONG><a name="[2dd]"></a>OSTimeSet</STRONG> (ARM, 36 bytes, Stack size 8 bytes, os_time.o(.text), UNUSED)

<P><STRONG><a name="[79]"></a>JZInit</STRONG> (ARM, 36 bytes, Stack size 8 bytes, wt_task.o(.text))
<BR><BR>[Stack]<UL><LI>Max Depth = 48 + Unknown Stack Size
<LI>Call Chain = JZInit &rArr; LogicMem_init &rArr; OSQCreate
</UL>
<BR>[Calls]<UL><LI><a href="#[a4]">&gt;&gt;</a>&nbsp;&nbsp;&nbsp;Sys_init
<LI><a href="#[a5]">&gt;&gt;</a>&nbsp;&nbsp;&nbsp;LogicMem_init
<LI><a href="#[a7]">&gt;&gt;</a>&nbsp;&nbsp;&nbsp;Fault_diagnosis_init
<LI><a href="#[a6]">&gt;&gt;</a>&nbsp;&nbsp;&nbsp;External_Equipment_init
<LI><a href="#[a8]">&gt;&gt;</a>&nbsp;&nbsp;&nbsp;__aeabi_memclr4
</UL>
<BR>[Called By]<UL><LI><a href="#[a]">&gt;&gt;</a>&nbsp;&nbsp;&nbsp;main
</UL>

<P><STRONG><a name="[c]"></a>TaskStart</STRONG> (ARM, 1288 bytes, Stack size 0 bytes, wt_task.o(.text))
<BR><BR>[Stack]<UL><LI>Max Depth = 256 + Unknown Stack Size
<LI>Call Chain = TaskStart &rArr; FSendCmd2PC_ZONG &rArr; SendCommandToPC0 &rArr; __2sprintf &rArr; _printf_char_common &rArr; __printf
</UL>
<BR>[Calls]<UL><LI><a href="#[7f]">&gt;&gt;</a>&nbsp;&nbsp;&nbsp;OSTimeDly
<LI><a href="#[91]">&gt;&gt;</a>&nbsp;&nbsp;&nbsp;OSStatInit
<LI><a href="#[7c]">&gt;&gt;</a>&nbsp;&nbsp;&nbsp;TargetInit
<LI><a href="#[ac]">&gt;&gt;</a>&nbsp;&nbsp;&nbsp;InitializeW5100
<LI><a href="#[a9]">&gt;&gt;</a>&nbsp;&nbsp;&nbsp;InitAllIRQ
<LI><a href="#[aa]">&gt;&gt;</a>&nbsp;&nbsp;&nbsp;IOInit
<LI><a href="#[ae]">&gt;&gt;</a>&nbsp;&nbsp;&nbsp;FTaskBuild
<LI><a href="#[b1]">&gt;&gt;</a>&nbsp;&nbsp;&nbsp;FSendCmd2PC_ZONG
<LI><a href="#[ab]">&gt;&gt;</a>&nbsp;&nbsp;&nbsp;FReadFromTDC
<LI><a href="#[ad]">&gt;&gt;</a>&nbsp;&nbsp;&nbsp;FPGAInitParam
<LI><a href="#[af]">&gt;&gt;</a>&nbsp;&nbsp;&nbsp;FIOStatusInt
<LI><a href="#[b0]">&gt;&gt;</a>&nbsp;&nbsp;&nbsp;AddStartupCnt
</UL>
<BR>[Address Reference Count : 1]<UL><LI> wt_task.o(.text)
</UL>
<P><STRONG><a name="[7a]"></a>RunStartTask</STRONG> (ARM, 40 bytes, Stack size 8 bytes, wt_task.o(.text))
<BR><BR>[Stack]<UL><LI>Max Depth = 88<LI>Call Chain = RunStartTask &rArr; OSTaskCreate &rArr; OS_TCBInit
</UL>
<BR>[Calls]<UL><LI><a href="#[83]">&gt;&gt;</a>&nbsp;&nbsp;&nbsp;OSTaskCreate
</UL>
<BR>[Called By]<UL><LI><a href="#[a]">&gt;&gt;</a>&nbsp;&nbsp;&nbsp;main
</UL>

<P><STRONG><a name="[b2]"></a>CheckStackTaskUse</STRONG> (ARM, 48 bytes, Stack size 0 bytes, wt_task.o(.text), UNUSED)
<BR><BR>[Calls]<UL><LI><a href="#[7f]">&gt;&gt;</a>&nbsp;&nbsp;&nbsp;OSTimeDly
</UL>

<P><STRONG><a name="[b3]"></a>FPostVehForNormal</STRONG> (ARM, 2856 bytes, Stack size 64 bytes, wt_task.o(.text))
<BR><BR>[Stack]<UL><LI>Max Depth = 344 + Unknown Stack Size
<LI>Call Chain = FPostVehForNormal &rArr; FPostVehForLoop &rArr; __2sprintf &rArr; _printf_char_common &rArr; __printf
</UL>
<BR>[Calls]<UL><LI><a href="#[b4]">&gt;&gt;</a>&nbsp;&nbsp;&nbsp;FindWaitingForMatchColumNum
<LI><a href="#[b5]">&gt;&gt;</a>&nbsp;&nbsp;&nbsp;FPostVehForLoop
<LI><a href="#[80]">&gt;&gt;</a>&nbsp;&nbsp;&nbsp;__aeabi_uidivmod
<LI><a href="#[b6]">&gt;&gt;</a>&nbsp;&nbsp;&nbsp;__aeabi_idivmod
</UL>
<BR>[Called By]<UL><LI><a href="#[c7]">&gt;&gt;</a>&nbsp;&nbsp;&nbsp;FLogicForLoop
</UL>

<P><STRONG><a name="[b7]"></a>FPostVehForAbNormal</STRONG> (ARM, 3200 bytes, Stack size 48 bytes, wt_task.o(.text))
<BR><BR>[Stack]<UL><LI>Max Depth = 328 + Unknown Stack Size
<LI>Call Chain = FPostVehForAbNormal &rArr; FPostVehForLoop &rArr; __2sprintf &rArr; _printf_char_common &rArr; __printf
</UL>
<BR>[Calls]<UL><LI><a href="#[b8]">&gt;&gt;</a>&nbsp;&nbsp;&nbsp;F_FindVehEnd
<LI><a href="#[b5]">&gt;&gt;</a>&nbsp;&nbsp;&nbsp;FPostVehForLoop
</UL>
<BR>[Called By]<UL><LI><a href="#[c7]">&gt;&gt;</a>&nbsp;&nbsp;&nbsp;FLogicForLoop
</UL>

<P><STRONG><a name="[b9]"></a>IsHaveFlag</STRONG> (ARM, 3616 bytes, Stack size 40 bytes, wt_task.o(.text))
<BR><BR>[Stack]<UL><LI>Max Depth = 72<LI>Call Chain = IsHaveFlag &rArr; FTransLocation &rArr; __aeabi_idivmod
</UL>
<BR>[Calls]<UL><LI><a href="#[ba]">&gt;&gt;</a>&nbsp;&nbsp;&nbsp;FTransLocation
</UL>
<BR>[Called By]<UL><LI><a href="#[c7]">&gt;&gt;</a>&nbsp;&nbsp;&nbsp;FLogicForLoop
</UL>

<P><STRONG><a name="[cf]"></a>FCheckZTDevice</STRONG> (ARM, 1916 bytes, Stack size 36 bytes, wt_task.o(.text))
<BR><BR>[Stack]<UL><LI>Max Depth = 36<LI>Call Chain = FCheckZTDevice
</UL>
<BR>[Called By]<UL><LI><a href="#[c7]">&gt;&gt;</a>&nbsp;&nbsp;&nbsp;FLogicForLoop
</UL>

<P><STRONG><a name="[cd]"></a>FCheckIODevice</STRONG> (ARM, 1408 bytes, Stack size 12 bytes, wt_task.o(.text))
<BR><BR>[Stack]<UL><LI>Max Depth = 12<LI>Call Chain = FCheckIODevice
</UL>
<BR>[Called By]<UL><LI><a href="#[c7]">&gt;&gt;</a>&nbsp;&nbsp;&nbsp;FLogicForLoop
</UL>

<P><STRONG><a name="[bb]"></a>FInitVehStr</STRONG> (ARM, 540 bytes, Stack size 16 bytes, wt_task.o(.text))
<BR><BR>[Stack]<UL><LI>Max Depth = 20 + Unknown Stack Size
<LI>Call Chain = FInitVehStr &rArr; __aeabi_memclr4
</UL>
<BR>[Calls]<UL><LI><a href="#[a8]">&gt;&gt;</a>&nbsp;&nbsp;&nbsp;__aeabi_memclr4
<LI><a href="#[bd]">&gt;&gt;</a>&nbsp;&nbsp;&nbsp;__aeabi_memclr
<LI><a href="#[bc]">&gt;&gt;</a>&nbsp;&nbsp;&nbsp;__aeabi_memset
</UL>
<BR>[Called By]<UL><LI><a href="#[15c]">&gt;&gt;</a>&nbsp;&nbsp;&nbsp;FMatchAxleAndAxle
<LI><a href="#[129]">&gt;&gt;</a>&nbsp;&nbsp;&nbsp;WJ_ProcessCmd
<LI><a href="#[a5]">&gt;&gt;</a>&nbsp;&nbsp;&nbsp;LogicMem_init
<LI><a href="#[b5]">&gt;&gt;</a>&nbsp;&nbsp;&nbsp;FPostVehForLoop
<LI><a href="#[d7]">&gt;&gt;</a>&nbsp;&nbsp;&nbsp;FMatchHideSecondRow
<LI><a href="#[da]">&gt;&gt;</a>&nbsp;&nbsp;&nbsp;FHideZTPostVehForNormal
<LI><a href="#[be]">&gt;&gt;</a>&nbsp;&nbsp;&nbsp;FDeleteValidZTOrColum
</UL>

<P><STRONG><a name="[be]"></a>FDeleteValidZTOrColum</STRONG> (ARM, 3408 bytes, Stack size 56 bytes, wt_task.o(.text))
<BR><BR>[Stack]<UL><LI>Max Depth = 184 + Unknown Stack Size
<LI>Call Chain = FDeleteValidZTOrColum &rArr; __2sprintf &rArr; _printf_char_common &rArr; __printf
</UL>
<BR>[Calls]<UL><LI><a href="#[a0]">&gt;&gt;</a>&nbsp;&nbsp;&nbsp;OSSemPost
<LI><a href="#[9f]">&gt;&gt;</a>&nbsp;&nbsp;&nbsp;OSSemPend
<LI><a href="#[9c]">&gt;&gt;</a>&nbsp;&nbsp;&nbsp;OSQPost
<LI><a href="#[c0]">&gt;&gt;</a>&nbsp;&nbsp;&nbsp;MoveAndInitWonder
<LI><a href="#[c1]">&gt;&gt;</a>&nbsp;&nbsp;&nbsp;MoveAndInitColum
<LI><a href="#[bb]">&gt;&gt;</a>&nbsp;&nbsp;&nbsp;FInitVehStr
<LI><a href="#[b6]">&gt;&gt;</a>&nbsp;&nbsp;&nbsp;__aeabi_idivmod
<LI><a href="#[a8]">&gt;&gt;</a>&nbsp;&nbsp;&nbsp;__aeabi_memclr4
<LI><a href="#[bd]">&gt;&gt;</a>&nbsp;&nbsp;&nbsp;__aeabi_memclr
<LI><a href="#[bc]">&gt;&gt;</a>&nbsp;&nbsp;&nbsp;__aeabi_memset
<LI><a href="#[bf]">&gt;&gt;</a>&nbsp;&nbsp;&nbsp;__2sprintf (via BLX)
</UL>
<BR>[Called By]<UL><LI><a href="#[c7]">&gt;&gt;</a>&nbsp;&nbsp;&nbsp;FLogicForLoop
</UL>

<P><STRONG><a name="[c2]"></a>FVehPassStatus</STRONG> (ARM, 2528 bytes, Stack size 64 bytes, wt_task.o(.text))
<BR><BR>[Stack]<UL><LI>Max Depth = 124<LI>Call Chain = FVehPassStatus &rArr; SendDataNet &rArr; S_tx_process
</UL>
<BR>[Calls]<UL><LI><a href="#[c3]">&gt;&gt;</a>&nbsp;&nbsp;&nbsp;SendDataNet
<LI><a href="#[c5]">&gt;&gt;</a>&nbsp;&nbsp;&nbsp;FReConnect
<LI><a href="#[c4]">&gt;&gt;</a>&nbsp;&nbsp;&nbsp;AddCrc16
</UL>
<BR>[Called By]<UL><LI><a href="#[c7]">&gt;&gt;</a>&nbsp;&nbsp;&nbsp;FLogicForLoop
</UL>

<P><STRONG><a name="[c6]"></a>FSendWaveBE</STRONG> (ARM, 2220 bytes, Stack size 136 bytes, wt_task.o(.text))
<BR><BR>[Stack]<UL><LI>Max Depth = 264 + Unknown Stack Size
<LI>Call Chain = FSendWaveBE &rArr; __2sprintf &rArr; _printf_char_common &rArr; __printf
</UL>
<BR>[Calls]<UL><LI><a href="#[a0]">&gt;&gt;</a>&nbsp;&nbsp;&nbsp;OSSemPost
<LI><a href="#[9f]">&gt;&gt;</a>&nbsp;&nbsp;&nbsp;OSSemPend
<LI><a href="#[9c]">&gt;&gt;</a>&nbsp;&nbsp;&nbsp;OSQPost
<LI><a href="#[c4]">&gt;&gt;</a>&nbsp;&nbsp;&nbsp;AddCrc16
<LI><a href="#[b6]">&gt;&gt;</a>&nbsp;&nbsp;&nbsp;__aeabi_idivmod
<LI><a href="#[bd]">&gt;&gt;</a>&nbsp;&nbsp;&nbsp;__aeabi_memclr
<LI><a href="#[bf]">&gt;&gt;</a>&nbsp;&nbsp;&nbsp;__2sprintf (via BLX)
</UL>
<BR>[Called By]<UL><LI><a href="#[c7]">&gt;&gt;</a>&nbsp;&nbsp;&nbsp;FLogicForLoop
</UL>

<P><STRONG><a name="[cb]"></a>FRecordIO</STRONG> (ARM, 716 bytes, Stack size 28 bytes, wt_task.o(.text))
<BR><BR>[Stack]<UL><LI>Max Depth = 28<LI>Call Chain = FRecordIO
</UL>
<BR>[Called By]<UL><LI><a href="#[c7]">&gt;&gt;</a>&nbsp;&nbsp;&nbsp;FLogicForLoop
</UL>

<P><STRONG><a name="[ca]"></a>FRecordIO_Laser</STRONG> (ARM, 1476 bytes, Stack size 60 bytes, wt_task.o(.text))
<BR><BR>[Stack]<UL><LI>Max Depth = 60<LI>Call Chain = FRecordIO_Laser
</UL>
<BR>[Called By]<UL><LI><a href="#[c7]">&gt;&gt;</a>&nbsp;&nbsp;&nbsp;FLogicForLoop
</UL>

<P><STRONG><a name="[c9]"></a>FCheckDeviceERR</STRONG> (ARM, 428 bytes, Stack size 0 bytes, wt_task.o(.text))
<BR><BR>[Called By]<UL><LI><a href="#[c7]">&gt;&gt;</a>&nbsp;&nbsp;&nbsp;FLogicForLoop
</UL>

<P><STRONG><a name="[c7]"></a>FLogicForLoop</STRONG> (ARM, 6192 bytes, Stack size 368 bytes, wt_task.o(.text))
<BR><BR>[Stack]<UL><LI>Max Depth = 1228 + Unknown Stack Size
<LI>Call Chain = FLogicForLoop &rArr; FMatchColumAndCloum &rArr; FMatchRuleFunc &rArr; DetailedMatchRule &rArr; FindFirstRowZT &rArr; ColumInitSolo &rArr; ColumInit &rArr; __aeabi_memclr4
</UL>
<BR>[Calls]<UL><LI><a href="#[a0]">&gt;&gt;</a>&nbsp;&nbsp;&nbsp;OSSemPost
<LI><a href="#[9f]">&gt;&gt;</a>&nbsp;&nbsp;&nbsp;OSSemPend
<LI><a href="#[9c]">&gt;&gt;</a>&nbsp;&nbsp;&nbsp;OSQPost
<LI><a href="#[cc]">&gt;&gt;</a>&nbsp;&nbsp;&nbsp;OSQAccept
<LI><a href="#[7f]">&gt;&gt;</a>&nbsp;&nbsp;&nbsp;OSTimeDly
<LI><a href="#[8e]">&gt;&gt;</a>&nbsp;&nbsp;&nbsp;OSSchedUnlock
<LI><a href="#[c8]">&gt;&gt;</a>&nbsp;&nbsp;&nbsp;OSSchedLock
<LI><a href="#[d2]">&gt;&gt;</a>&nbsp;&nbsp;&nbsp;SpeedMatchThirdRow
<LI><a href="#[d5]">&gt;&gt;</a>&nbsp;&nbsp;&nbsp;SpeedMatchSecondRow
<LI><a href="#[d0]">&gt;&gt;</a>&nbsp;&nbsp;&nbsp;FZTWheelCnt
<LI><a href="#[d1]">&gt;&gt;</a>&nbsp;&nbsp;&nbsp;FZTMatch2Whel
<LI><a href="#[ba]">&gt;&gt;</a>&nbsp;&nbsp;&nbsp;FTransLocation
<LI><a href="#[b1]">&gt;&gt;</a>&nbsp;&nbsp;&nbsp;FSendCmd2PC_ZONG
<LI><a href="#[d3]">&gt;&gt;</a>&nbsp;&nbsp;&nbsp;FMatchThirdRow
<LI><a href="#[d6]">&gt;&gt;</a>&nbsp;&nbsp;&nbsp;FMatchSecondRow
<LI><a href="#[d7]">&gt;&gt;</a>&nbsp;&nbsp;&nbsp;FMatchHideSecondRow
<LI><a href="#[d8]">&gt;&gt;</a>&nbsp;&nbsp;&nbsp;FMatchHideFristRow
<LI><a href="#[d4]">&gt;&gt;</a>&nbsp;&nbsp;&nbsp;FMatchFristRow
<LI><a href="#[db]">&gt;&gt;</a>&nbsp;&nbsp;&nbsp;FMatchColumAndCloum
<LI><a href="#[da]">&gt;&gt;</a>&nbsp;&nbsp;&nbsp;FHideZTPostVehForNormal
<LI><a href="#[d9]">&gt;&gt;</a>&nbsp;&nbsp;&nbsp;FHideZTPostAxle
<LI><a href="#[c9]">&gt;&gt;</a>&nbsp;&nbsp;&nbsp;FCheckDeviceERR
<LI><a href="#[ca]">&gt;&gt;</a>&nbsp;&nbsp;&nbsp;FRecordIO_Laser
<LI><a href="#[cb]">&gt;&gt;</a>&nbsp;&nbsp;&nbsp;FRecordIO
<LI><a href="#[c6]">&gt;&gt;</a>&nbsp;&nbsp;&nbsp;FSendWaveBE
<LI><a href="#[c2]">&gt;&gt;</a>&nbsp;&nbsp;&nbsp;FVehPassStatus
<LI><a href="#[be]">&gt;&gt;</a>&nbsp;&nbsp;&nbsp;FDeleteValidZTOrColum
<LI><a href="#[cd]">&gt;&gt;</a>&nbsp;&nbsp;&nbsp;FCheckIODevice
<LI><a href="#[cf]">&gt;&gt;</a>&nbsp;&nbsp;&nbsp;FCheckZTDevice
<LI><a href="#[b9]">&gt;&gt;</a>&nbsp;&nbsp;&nbsp;IsHaveFlag
<LI><a href="#[b7]">&gt;&gt;</a>&nbsp;&nbsp;&nbsp;FPostVehForAbNormal
<LI><a href="#[b3]">&gt;&gt;</a>&nbsp;&nbsp;&nbsp;FPostVehForNormal
<LI><a href="#[b6]">&gt;&gt;</a>&nbsp;&nbsp;&nbsp;__aeabi_idivmod
<LI><a href="#[bd]">&gt;&gt;</a>&nbsp;&nbsp;&nbsp;__aeabi_memclr
<LI><a href="#[ce]">&gt;&gt;</a>&nbsp;&nbsp;&nbsp;__aeabi_memcpy4
<LI><a href="#[bf]">&gt;&gt;</a>&nbsp;&nbsp;&nbsp;__2sprintf (via BLX)
</UL>
<BR>[Called By]<UL><LI><a href="#[e]">&gt;&gt;</a>&nbsp;&nbsp;&nbsp;TaskRec1
</UL>

<P><STRONG><a name="[e]"></a>TaskRec1</STRONG> (ARM, 360 bytes, Stack size 24 bytes, wt_task.o(.text))
<BR><BR>[Stack]<UL><LI>Max Depth = 1252 + Unknown Stack Size
<LI>Call Chain = TaskRec1 &rArr; FLogicForLoop &rArr; FMatchColumAndCloum &rArr; FMatchRuleFunc &rArr; DetailedMatchRule &rArr; FindFirstRowZT &rArr; ColumInitSolo &rArr; ColumInit &rArr; __aeabi_memclr4
</UL>
<BR>[Calls]<UL><LI><a href="#[a0]">&gt;&gt;</a>&nbsp;&nbsp;&nbsp;OSSemPost
<LI><a href="#[9f]">&gt;&gt;</a>&nbsp;&nbsp;&nbsp;OSSemPend
<LI><a href="#[9c]">&gt;&gt;</a>&nbsp;&nbsp;&nbsp;OSQPost
<LI><a href="#[7f]">&gt;&gt;</a>&nbsp;&nbsp;&nbsp;OSTimeDly
<LI><a href="#[c7]">&gt;&gt;</a>&nbsp;&nbsp;&nbsp;FLogicForLoop
<LI><a href="#[b6]">&gt;&gt;</a>&nbsp;&nbsp;&nbsp;__aeabi_idivmod
<LI><a href="#[bd]">&gt;&gt;</a>&nbsp;&nbsp;&nbsp;__aeabi_memclr
<LI><a href="#[bf]">&gt;&gt;</a>&nbsp;&nbsp;&nbsp;__2sprintf (via BLX)
</UL>
<BR>[Address Reference Count : 1]<UL><LI> common.o(.text)
</UL>
<P><STRONG><a name="[dc]"></a>FIO2ZT4Wave</STRONG> (ARM, 3232 bytes, Stack size 24 bytes, wt_task.o(.text), UNUSED)
<BR><BR>[Calls]<UL><LI><a href="#[c4]">&gt;&gt;</a>&nbsp;&nbsp;&nbsp;AddCrc16
<LI><a href="#[a8]">&gt;&gt;</a>&nbsp;&nbsp;&nbsp;__aeabi_memclr4
</UL>

<P><STRONG><a name="[2de]"></a>FLaserProcess</STRONG> (ARM, 5440 bytes, Stack size 84 bytes, wt_task.o(.text), UNUSED)

<P><STRONG><a name="[dd]"></a>FVehXieZouStatus</STRONG> (ARM, 4120 bytes, Stack size 136 bytes, wt_task.o(.text))
<BR><BR>[Stack]<UL><LI>Max Depth = 264 + Unknown Stack Size
<LI>Call Chain = FVehXieZouStatus &rArr; __2sprintf &rArr; _printf_char_common &rArr; __printf
</UL>
<BR>[Calls]<UL><LI><a href="#[a0]">&gt;&gt;</a>&nbsp;&nbsp;&nbsp;OSSemPost
<LI><a href="#[9f]">&gt;&gt;</a>&nbsp;&nbsp;&nbsp;OSSemPend
<LI><a href="#[9c]">&gt;&gt;</a>&nbsp;&nbsp;&nbsp;OSQPost
<LI><a href="#[b6]">&gt;&gt;</a>&nbsp;&nbsp;&nbsp;__aeabi_idivmod
<LI><a href="#[bd]">&gt;&gt;</a>&nbsp;&nbsp;&nbsp;__aeabi_memclr
<LI><a href="#[bf]">&gt;&gt;</a>&nbsp;&nbsp;&nbsp;__2sprintf (via BLX)
</UL>
<BR>[Called By]<UL><LI><a href="#[13]">&gt;&gt;</a>&nbsp;&nbsp;&nbsp;Task_Laser_Interact
</UL>

<P><STRONG><a name="[2df]"></a>FIOOutput</STRONG> (ARM, 1028 bytes, Stack size 20 bytes, wt_task.o(.text), UNUSED)

<P><STRONG><a name="[de]"></a>FCapture</STRONG> (ARM, 844 bytes, Stack size 40 bytes, wt_task.o(.text))
<BR><BR>[Stack]<UL><LI>Max Depth = 168 + Unknown Stack Size
<LI>Call Chain = FCapture &rArr; __2sprintf &rArr; _printf_char_common &rArr; __printf
</UL>
<BR>[Calls]<UL><LI><a href="#[a0]">&gt;&gt;</a>&nbsp;&nbsp;&nbsp;OSSemPost
<LI><a href="#[9f]">&gt;&gt;</a>&nbsp;&nbsp;&nbsp;OSSemPend
<LI><a href="#[9c]">&gt;&gt;</a>&nbsp;&nbsp;&nbsp;OSQPost
<LI><a href="#[7f]">&gt;&gt;</a>&nbsp;&nbsp;&nbsp;OSTimeDly
<LI><a href="#[e0]">&gt;&gt;</a>&nbsp;&nbsp;&nbsp;U3SendBytes
<LI><a href="#[df]">&gt;&gt;</a>&nbsp;&nbsp;&nbsp;U2SendBytes
<LI><a href="#[b6]">&gt;&gt;</a>&nbsp;&nbsp;&nbsp;__aeabi_idivmod
<LI><a href="#[bd]">&gt;&gt;</a>&nbsp;&nbsp;&nbsp;__aeabi_memclr
<LI><a href="#[bf]">&gt;&gt;</a>&nbsp;&nbsp;&nbsp;__2sprintf (via BLX)
</UL>
<BR>[Called By]<UL><LI><a href="#[15c]">&gt;&gt;</a>&nbsp;&nbsp;&nbsp;FMatchAxleAndAxle
<LI><a href="#[11a]">&gt;&gt;</a>&nbsp;&nbsp;&nbsp;BuildNewVeh
<LI><a href="#[11]">&gt;&gt;</a>&nbsp;&nbsp;&nbsp;TaskRec6
</UL>

<P><STRONG><a name="[e1]"></a>ScaleUp</STRONG> (ARM, 68 bytes, Stack size 16 bytes, common.o(.text), UNUSED)
<BR><BR>[Calls]<UL><LI><a href="#[b6]">&gt;&gt;</a>&nbsp;&nbsp;&nbsp;__aeabi_idivmod
</UL>

<P><STRONG><a name="[c4]"></a>AddCrc16</STRONG> (ARM, 92 bytes, Stack size 12 bytes, common.o(.text))
<BR><BR>[Stack]<UL><LI>Max Depth = 12<LI>Call Chain = AddCrc16
</UL>
<BR>[Called By]<UL><LI><a href="#[147]">&gt;&gt;</a>&nbsp;&nbsp;&nbsp;FJDInfToSaveSend
<LI><a href="#[129]">&gt;&gt;</a>&nbsp;&nbsp;&nbsp;WJ_ProcessCmd
<LI><a href="#[124]">&gt;&gt;</a>&nbsp;&nbsp;&nbsp;ToBuff_FXC
<LI><a href="#[122]">&gt;&gt;</a>&nbsp;&nbsp;&nbsp;ToBuff0ForBD
<LI><a href="#[123]">&gt;&gt;</a>&nbsp;&nbsp;&nbsp;ToBuff0
<LI><a href="#[126]">&gt;&gt;</a>&nbsp;&nbsp;&nbsp;SendCommandToPC_FXC
<LI><a href="#[125]">&gt;&gt;</a>&nbsp;&nbsp;&nbsp;SendCommandToPC0
<LI><a href="#[115]">&gt;&gt;</a>&nbsp;&nbsp;&nbsp;FJDProcess
<LI><a href="#[113]">&gt;&gt;</a>&nbsp;&nbsp;&nbsp;FPreDeal
<LI><a href="#[10c]">&gt;&gt;</a>&nbsp;&nbsp;&nbsp;FStudyAlg
<LI><a href="#[13]">&gt;&gt;</a>&nbsp;&nbsp;&nbsp;Task_Laser_Interact
<LI><a href="#[17]">&gt;&gt;</a>&nbsp;&nbsp;&nbsp;TaskSDCard
<LI><a href="#[18]">&gt;&gt;</a>&nbsp;&nbsp;&nbsp;TaskRecWave
<LI><a href="#[d]">&gt;&gt;</a>&nbsp;&nbsp;&nbsp;TaskRec2
<LI><a href="#[fb]">&gt;&gt;</a>&nbsp;&nbsp;&nbsp;ProModInit
<LI><a href="#[fd]">&gt;&gt;</a>&nbsp;&nbsp;&nbsp;InitSystem
<LI><a href="#[ff]">&gt;&gt;</a>&nbsp;&nbsp;&nbsp;InitJDParam
<LI><a href="#[f0]">&gt;&gt;</a>&nbsp;&nbsp;&nbsp;Crc3_create
<LI><a href="#[dc]">&gt;&gt;</a>&nbsp;&nbsp;&nbsp;FIO2ZT4Wave
<LI><a href="#[c6]">&gt;&gt;</a>&nbsp;&nbsp;&nbsp;FSendWaveBE
<LI><a href="#[c2]">&gt;&gt;</a>&nbsp;&nbsp;&nbsp;FVehPassStatus
<LI><a href="#[25e]">&gt;&gt;</a>&nbsp;&nbsp;&nbsp;FProcessPrt
<LI><a href="#[258]">&gt;&gt;</a>&nbsp;&nbsp;&nbsp;InitNonWeight
<LI><a href="#[257]">&gt;&gt;</a>&nbsp;&nbsp;&nbsp;InitThreshold
<LI><a href="#[256]">&gt;&gt;</a>&nbsp;&nbsp;&nbsp;SaveNetInfo
<LI><a href="#[254]">&gt;&gt;</a>&nbsp;&nbsp;&nbsp;SaveParams
</UL>

<P><STRONG><a name="[fa]"></a>CheckCrc</STRONG> (ARM, 124 bytes, Stack size 12 bytes, common.o(.text))
<BR><BR>[Stack]<UL><LI>Max Depth = 12<LI>Call Chain = CheckCrc
</UL>
<BR>[Called By]<UL><LI><a href="#[129]">&gt;&gt;</a>&nbsp;&nbsp;&nbsp;WJ_ProcessCmd
<LI><a href="#[12a]">&gt;&gt;</a>&nbsp;&nbsp;&nbsp;ProcessCmd_FXC
<LI><a href="#[ab]">&gt;&gt;</a>&nbsp;&nbsp;&nbsp;FReadFromTDC
<LI><a href="#[1f]">&gt;&gt;</a>&nbsp;&nbsp;&nbsp;IRQ_W5100
</UL>

<P><STRONG><a name="[e2]"></a>bcd</STRONG> (ARM, 88 bytes, Stack size 24 bytes, common.o(.text), UNUSED)
<BR><BR>[Calls]<UL><LI><a href="#[80]">&gt;&gt;</a>&nbsp;&nbsp;&nbsp;__aeabi_uidivmod
</UL>

<P><STRONG><a name="[e3]"></a>StaticXiuZhengIndex</STRONG> (ARM, 92 bytes, Stack size 16 bytes, common.o(.text), UNUSED)
<BR><BR>[Calls]<UL><LI><a href="#[b6]">&gt;&gt;</a>&nbsp;&nbsp;&nbsp;__aeabi_idivmod
</UL>

<P><STRONG><a name="[e4]"></a>RootFloat</STRONG> (ARM, 132 bytes, Stack size 40 bytes, common.o(.text))
<BR><BR>[Stack]<UL><LI>Max Depth = 56<LI>Call Chain = RootFloat &rArr; __aeabi_fmul
</UL>
<BR>[Calls]<UL><LI><a href="#[e5]">&gt;&gt;</a>&nbsp;&nbsp;&nbsp;__aeabi_fmul
<LI><a href="#[e7]">&gt;&gt;</a>&nbsp;&nbsp;&nbsp;__aeabi_f2iz
<LI><a href="#[e6]">&gt;&gt;</a>&nbsp;&nbsp;&nbsp;__aeabi_frsub
</UL>
<BR>[Called By]<UL><LI><a href="#[11c]">&gt;&gt;</a>&nbsp;&nbsp;&nbsp;getjdlen
<LI><a href="#[ab]">&gt;&gt;</a>&nbsp;&nbsp;&nbsp;FReadFromTDC
</UL>

<P><STRONG><a name="[e8]"></a>timer_set</STRONG> (ARM, 36 bytes, Stack size 16 bytes, common.o(.text))
<BR><BR>[Stack]<UL><LI>Max Depth = 24<LI>Call Chain = timer_set &rArr; OSTimeGet
</UL>
<BR>[Calls]<UL><LI><a href="#[e9]">&gt;&gt;</a>&nbsp;&nbsp;&nbsp;OSTimeGet
</UL>
<BR>[Called By]<UL><LI><a href="#[d]">&gt;&gt;</a>&nbsp;&nbsp;&nbsp;TaskRec2
</UL>

<P><STRONG><a name="[2e0]"></a>timer_reset</STRONG> (ARM, 20 bytes, Stack size 0 bytes, common.o(.text), UNUSED)

<P><STRONG><a name="[ea]"></a>timer_restart</STRONG> (ARM, 20 bytes, Stack size 8 bytes, common.o(.text))
<BR><BR>[Stack]<UL><LI>Max Depth = 16<LI>Call Chain = timer_restart &rArr; OSTimeGet
</UL>
<BR>[Calls]<UL><LI><a href="#[e9]">&gt;&gt;</a>&nbsp;&nbsp;&nbsp;OSTimeGet
</UL>
<BR>[Called By]<UL><LI><a href="#[d]">&gt;&gt;</a>&nbsp;&nbsp;&nbsp;TaskRec2
</UL>

<P><STRONG><a name="[eb]"></a>timer_expired</STRONG> (ARM, 84 bytes, Stack size 16 bytes, common.o(.text))
<BR><BR>[Stack]<UL><LI>Max Depth = 24<LI>Call Chain = timer_expired &rArr; OSTimeGet
</UL>
<BR>[Calls]<UL><LI><a href="#[e9]">&gt;&gt;</a>&nbsp;&nbsp;&nbsp;OSTimeGet
</UL>
<BR>[Called By]<UL><LI><a href="#[d]">&gt;&gt;</a>&nbsp;&nbsp;&nbsp;TaskRec2
</UL>

<P><STRONG><a name="[c5]"></a>FReConnect</STRONG> (ARM, 304 bytes, Stack size 16 bytes, common.o(.text))
<BR><BR>[Stack]<UL><LI>Max Depth = 24<LI>Call Chain = FReConnect &rArr; Socket_Listen
</UL>
<BR>[Calls]<UL><LI><a href="#[ec]">&gt;&gt;</a>&nbsp;&nbsp;&nbsp;Socket_Listen
<LI><a href="#[ed]">&gt;&gt;</a>&nbsp;&nbsp;&nbsp;Socket_Connect
</UL>
<BR>[Called By]<UL><LI><a href="#[13]">&gt;&gt;</a>&nbsp;&nbsp;&nbsp;Task_Laser_Interact
<LI><a href="#[12]">&gt;&gt;</a>&nbsp;&nbsp;&nbsp;TaskRec7
<LI><a href="#[c2]">&gt;&gt;</a>&nbsp;&nbsp;&nbsp;FVehPassStatus
</UL>

<P><STRONG><a name="[ee]"></a>FFendu</STRONG> (ARM, 112 bytes, Stack size 24 bytes, common.o(.text))
<BR><BR>[Stack]<UL><LI>Max Depth = 24 + Unknown Stack Size
<LI>Call Chain = FFendu
</UL>
<BR>[Calls]<UL><LI><a href="#[80]">&gt;&gt;</a>&nbsp;&nbsp;&nbsp;__aeabi_uidivmod
</UL>
<BR>[Called By]<UL><LI><a href="#[113]">&gt;&gt;</a>&nbsp;&nbsp;&nbsp;FPreDeal
<LI><a href="#[10c]">&gt;&gt;</a>&nbsp;&nbsp;&nbsp;FStudyAlg
</UL>

<P><STRONG><a name="[ef]"></a>Nm2Bcd</STRONG> (ARM, 100 bytes, Stack size 24 bytes, common.o(.text))
<BR><BR>[Stack]<UL><LI>Max Depth = 24 + Unknown Stack Size
<LI>Call Chain = Nm2Bcd
</UL>
<BR>[Calls]<UL><LI><a href="#[80]">&gt;&gt;</a>&nbsp;&nbsp;&nbsp;__aeabi_uidivmod
</UL>
<BR>[Called By]<UL><LI><a href="#[121]">&gt;&gt;</a>&nbsp;&nbsp;&nbsp;ToBuff1
<LI><a href="#[f0]">&gt;&gt;</a>&nbsp;&nbsp;&nbsp;Crc3_create
</UL>

<P><STRONG><a name="[f0]"></a>Crc3_create</STRONG> (ARM, 112 bytes, Stack size 24 bytes, common.o(.text))
<BR><BR>[Stack]<UL><LI>Max Depth = 48 + Unknown Stack Size
<LI>Call Chain = Crc3_create &rArr; Nm2Bcd
</UL>
<BR>[Calls]<UL><LI><a href="#[ef]">&gt;&gt;</a>&nbsp;&nbsp;&nbsp;Nm2Bcd
<LI><a href="#[c4]">&gt;&gt;</a>&nbsp;&nbsp;&nbsp;AddCrc16
</UL>
<BR>[Called By]<UL><LI><a href="#[121]">&gt;&gt;</a>&nbsp;&nbsp;&nbsp;ToBuff1
</UL>

<P><STRONG><a name="[f1]"></a>FIsRunYear</STRONG> (ARM, 108 bytes, Stack size 16 bytes, common.o(.text))
<BR><BR>[Stack]<UL><LI>Max Depth = 24<LI>Call Chain = FIsRunYear &rArr; __aeabi_idivmod
</UL>
<BR>[Calls]<UL><LI><a href="#[b6]">&gt;&gt;</a>&nbsp;&nbsp;&nbsp;__aeabi_idivmod
</UL>
<BR>[Called By]<UL><LI><a href="#[174]">&gt;&gt;</a>&nbsp;&nbsp;&nbsp;FGetNextSDNum
<LI><a href="#[171]">&gt;&gt;</a>&nbsp;&nbsp;&nbsp;FTime_Process
<LI><a href="#[170]">&gt;&gt;</a>&nbsp;&nbsp;&nbsp;FGetLastSaveNum
</UL>

<P><STRONG><a name="[f2]"></a>FDaysOneYear</STRONG> (ARM, 84 bytes, Stack size 16 bytes, common.o(.text))
<BR><BR>[Stack]<UL><LI>Max Depth = 24<LI>Call Chain = FDaysOneYear &rArr; __aeabi_idivmod
</UL>
<BR>[Calls]<UL><LI><a href="#[b6]">&gt;&gt;</a>&nbsp;&nbsp;&nbsp;__aeabi_idivmod
</UL>
<BR>[Called By]<UL><LI><a href="#[16f]">&gt;&gt;</a>&nbsp;&nbsp;&nbsp;FGetDateFromNum
<LI><a href="#[f3]">&gt;&gt;</a>&nbsp;&nbsp;&nbsp;FDaysOneMon
</UL>

<P><STRONG><a name="[f3]"></a>FDaysOneMon</STRONG> (ARM, 204 bytes, Stack size 16 bytes, common.o(.text))
<BR><BR>[Stack]<UL><LI>Max Depth = 40<LI>Call Chain = FDaysOneMon &rArr; FDaysOneYear &rArr; __aeabi_idivmod
</UL>
<BR>[Calls]<UL><LI><a href="#[f2]">&gt;&gt;</a>&nbsp;&nbsp;&nbsp;FDaysOneYear
</UL>
<BR>[Called By]<UL><LI><a href="#[16f]">&gt;&gt;</a>&nbsp;&nbsp;&nbsp;FGetDateFromNum
</UL>

<P><STRONG><a name="[261]"></a>JDCRC16</STRONG> (ARM, 80 bytes, Stack size 12 bytes, common.o(.text))
<BR><BR>[Stack]<UL><LI>Max Depth = 12<LI>Call Chain = JDCRC16
</UL>
<BR>[Called By]<UL><LI><a href="#[128]">&gt;&gt;</a>&nbsp;&nbsp;&nbsp;WJJD_ProcessCmd
<LI><a href="#[260]">&gt;&gt;</a>&nbsp;&nbsp;&nbsp;FCompleteData
</UL>

<P><STRONG><a name="[a4]"></a>Sys_init</STRONG> (ARM, 208 bytes, Stack size 8 bytes, common.o(.text))
<BR><BR>[Stack]<UL><LI>Max Depth = 12<LI>Call Chain = Sys_init &rArr; __aeabi_memclr4
</UL>
<BR>[Calls]<UL><LI><a href="#[a8]">&gt;&gt;</a>&nbsp;&nbsp;&nbsp;__aeabi_memclr4
<LI><a href="#[bd]">&gt;&gt;</a>&nbsp;&nbsp;&nbsp;__aeabi_memclr
</UL>
<BR>[Called By]<UL><LI><a href="#[79]">&gt;&gt;</a>&nbsp;&nbsp;&nbsp;JZInit
</UL>

<P><STRONG><a name="[a5]"></a>LogicMem_init</STRONG> (ARM, 2460 bytes, Stack size 16 bytes, common.o(.text))
<BR><BR>[Stack]<UL><LI>Max Depth = 40 + Unknown Stack Size
<LI>Call Chain = LogicMem_init &rArr; OSQCreate
</UL>
<BR>[Calls]<UL><LI><a href="#[9e]">&gt;&gt;</a>&nbsp;&nbsp;&nbsp;OSSemCreate
<LI><a href="#[97]">&gt;&gt;</a>&nbsp;&nbsp;&nbsp;OSQCreate
<LI><a href="#[bb]">&gt;&gt;</a>&nbsp;&nbsp;&nbsp;FInitVehStr
<LI><a href="#[a8]">&gt;&gt;</a>&nbsp;&nbsp;&nbsp;__aeabi_memclr4
<LI><a href="#[bd]">&gt;&gt;</a>&nbsp;&nbsp;&nbsp;__aeabi_memclr
<LI><a href="#[bc]">&gt;&gt;</a>&nbsp;&nbsp;&nbsp;__aeabi_memset
</UL>
<BR>[Called By]<UL><LI><a href="#[79]">&gt;&gt;</a>&nbsp;&nbsp;&nbsp;JZInit
</UL>

<P><STRONG><a name="[a6]"></a>External_Equipment_init</STRONG> (ARM, 340 bytes, Stack size 8 bytes, common.o(.text))
<BR><BR>[Stack]<UL><LI>Max Depth = 32<LI>Call Chain = External_Equipment_init &rArr; OSQCreate
</UL>
<BR>[Calls]<UL><LI><a href="#[9e]">&gt;&gt;</a>&nbsp;&nbsp;&nbsp;OSSemCreate
<LI><a href="#[97]">&gt;&gt;</a>&nbsp;&nbsp;&nbsp;OSQCreate
<LI><a href="#[a8]">&gt;&gt;</a>&nbsp;&nbsp;&nbsp;__aeabi_memclr4
<LI><a href="#[bd]">&gt;&gt;</a>&nbsp;&nbsp;&nbsp;__aeabi_memclr
</UL>
<BR>[Called By]<UL><LI><a href="#[79]">&gt;&gt;</a>&nbsp;&nbsp;&nbsp;JZInit
</UL>

<P><STRONG><a name="[a7]"></a>Fault_diagnosis_init</STRONG> (ARM, 84 bytes, Stack size 8 bytes, common.o(.text))
<BR><BR>[Stack]<UL><LI>Max Depth = 8<LI>Call Chain = Fault_diagnosis_init
</UL>
<BR>[Calls]<UL><LI><a href="#[bd]">&gt;&gt;</a>&nbsp;&nbsp;&nbsp;__aeabi_memclr
</UL>
<BR>[Called By]<UL><LI><a href="#[79]">&gt;&gt;</a>&nbsp;&nbsp;&nbsp;JZInit
</UL>

<P><STRONG><a name="[ab]"></a>FReadFromTDC</STRONG> (ARM, 2488 bytes, Stack size 32 bytes, common.o(.text))
<BR><BR>[Stack]<UL><LI>Max Depth = 120 + Unknown Stack Size
<LI>Call Chain = FReadFromTDC &rArr; InitSystem &rArr; InitNetParam &rArr; SaveNetInfo &rArr; WriteC256 &rArr; I2C1_WriteNByte
</UL>
<BR>[Calls]<UL><LI><a href="#[7f]">&gt;&gt;</a>&nbsp;&nbsp;&nbsp;OSTimeDly
<LI><a href="#[f4]">&gt;&gt;</a>&nbsp;&nbsp;&nbsp;ReadC256
<LI><a href="#[fb]">&gt;&gt;</a>&nbsp;&nbsp;&nbsp;ProModInit
<LI><a href="#[fd]">&gt;&gt;</a>&nbsp;&nbsp;&nbsp;InitSystem
<LI><a href="#[fe]">&gt;&gt;</a>&nbsp;&nbsp;&nbsp;InitNetParam
<LI><a href="#[ff]">&gt;&gt;</a>&nbsp;&nbsp;&nbsp;InitJDParam
<LI><a href="#[100]">&gt;&gt;</a>&nbsp;&nbsp;&nbsp;InitAllSP
<LI><a href="#[f9]">&gt;&gt;</a>&nbsp;&nbsp;&nbsp;FRead68FromTDC
<LI><a href="#[f8]">&gt;&gt;</a>&nbsp;&nbsp;&nbsp;FRead62FromTDC
<LI><a href="#[f7]">&gt;&gt;</a>&nbsp;&nbsp;&nbsp;FRead61FromTDC
<LI><a href="#[f6]">&gt;&gt;</a>&nbsp;&nbsp;&nbsp;FRead39FromTDC
<LI><a href="#[f5]">&gt;&gt;</a>&nbsp;&nbsp;&nbsp;FRead01FromTDC
<LI><a href="#[fc]">&gt;&gt;</a>&nbsp;&nbsp;&nbsp;ClearStartupCnt
<LI><a href="#[e4]">&gt;&gt;</a>&nbsp;&nbsp;&nbsp;RootFloat
<LI><a href="#[fa]">&gt;&gt;</a>&nbsp;&nbsp;&nbsp;CheckCrc
[...]
</UL>

<P><STRONG><a name="[2a9]"></a>_fadd</STRONG> (ARM, 196 bytes, Stack size 16 bytes, faddsub_clz.o(x$fpl$fadd), UNUSED)
<BR><BR>[Calls]<UL><LI><a href="#[2ab]">&gt;&gt;</a>&nbsp;&nbsp;&nbsp;__fpl_fretinf
<LI><a href="#[2ac]">&gt;&gt;</a>&nbsp;&nbsp;&nbsp;__fpl_fnaninf
<LI><a href="#[2aa]">&gt;&gt;</a>&nbsp;&nbsp;&nbsp;_fsub1
</UL>

<P><STRONG><a name="[1f6]"></a>__aeabi_fdiv</STRONG> (ARM, 0 bytes, Stack size 16 bytes, fdiv.o(x$fpl$fdiv), UNUSED)
<BR><BR>[Called By]<UL><LI><a href="#[1f5]">&gt;&gt;</a>&nbsp;&nbsp;&nbsp;FPGA_Temperature
</UL>

<P><STRONG><a name="[2ad]"></a>_fdiv</STRONG> (ARM, 396 bytes, Stack size 16 bytes, fdiv.o(x$fpl$fdiv), UNUSED)
<BR><BR>[Calls]<UL><LI><a href="#[2ab]">&gt;&gt;</a>&nbsp;&nbsp;&nbsp;__fpl_fretinf
<LI><a href="#[2ac]">&gt;&gt;</a>&nbsp;&nbsp;&nbsp;__fpl_fnaninf
</UL>

<P><STRONG><a name="[e7]"></a>__aeabi_f2iz</STRONG> (ARM, 0 bytes, Stack size 16 bytes, ffix.o(x$fpl$ffix))
<BR><BR>[Stack]<UL><LI>Max Depth = 16<LI>Call Chain = __aeabi_f2iz
</UL>
<BR>[Called By]<UL><LI><a href="#[e4]">&gt;&gt;</a>&nbsp;&nbsp;&nbsp;RootFloat
</UL>

<P><STRONG><a name="[2ae]"></a>_ffix</STRONG> (ARM, 68 bytes, Stack size 16 bytes, ffix.o(x$fpl$ffix), UNUSED)
<BR><BR>[Calls]<UL><LI><a href="#[2ac]">&gt;&gt;</a>&nbsp;&nbsp;&nbsp;__fpl_fnaninf
</UL>

<P><STRONG><a name="[101]"></a>__aeabi_i2f</STRONG> (ARM, 0 bytes, Stack size 0 bytes, fflt_clz.o(x$fpl$fflt))
<BR><BR>[Called By]<UL><LI><a href="#[ab]">&gt;&gt;</a>&nbsp;&nbsp;&nbsp;FReadFromTDC
<LI><a href="#[1f5]">&gt;&gt;</a>&nbsp;&nbsp;&nbsp;FPGA_Temperature
</UL>

<P><STRONG><a name="[312]"></a>_fflt</STRONG> (ARM, 48 bytes, Stack size 0 bytes, fflt_clz.o(x$fpl$fflt), UNUSED)

<P><STRONG><a name="[11d]"></a>__aeabi_ui2f</STRONG> (ARM, 0 bytes, Stack size 0 bytes, fflt_clz.o(x$fpl$ffltu), UNUSED)
<BR><BR>[Called By]<UL><LI><a href="#[11c]">&gt;&gt;</a>&nbsp;&nbsp;&nbsp;getjdlen
</UL>

<P><STRONG><a name="[313]"></a>_ffltu</STRONG> (ARM, 40 bytes, Stack size 0 bytes, fflt_clz.o(x$fpl$ffltu), UNUSED)

<P><STRONG><a name="[e5]"></a>__aeabi_fmul</STRONG> (ARM, 0 bytes, Stack size 16 bytes, fmul.o(x$fpl$fmul))
<BR><BR>[Stack]<UL><LI>Max Depth = 16<LI>Call Chain = __aeabi_fmul
</UL>
<BR>[Called By]<UL><LI><a href="#[e4]">&gt;&gt;</a>&nbsp;&nbsp;&nbsp;RootFloat
</UL>

<P><STRONG><a name="[2af]"></a>_fmul</STRONG> (ARM, 256 bytes, Stack size 16 bytes, fmul.o(x$fpl$fmul), UNUSED)
<BR><BR>[Calls]<UL><LI><a href="#[2ab]">&gt;&gt;</a>&nbsp;&nbsp;&nbsp;__fpl_fretinf
<LI><a href="#[2ac]">&gt;&gt;</a>&nbsp;&nbsp;&nbsp;__fpl_fnaninf
</UL>

<P><STRONG><a name="[2ac]"></a>__fpl_fnaninf</STRONG> (ARM, 160 bytes, Stack size 8 bytes, fnaninf.o(x$fpl$fnaninf), UNUSED)
<BR><BR>[Called By]<UL><LI><a href="#[2af]">&gt;&gt;</a>&nbsp;&nbsp;&nbsp;_fmul
<LI><a href="#[2ae]">&gt;&gt;</a>&nbsp;&nbsp;&nbsp;_ffix
<LI><a href="#[2ad]">&gt;&gt;</a>&nbsp;&nbsp;&nbsp;_fdiv
<LI><a href="#[2b2]">&gt;&gt;</a>&nbsp;&nbsp;&nbsp;_fsub
<LI><a href="#[2a9]">&gt;&gt;</a>&nbsp;&nbsp;&nbsp;_fadd
</UL>

<P><STRONG><a name="[2ab]"></a>__fpl_fretinf</STRONG> (ARM, 16 bytes, Stack size 0 bytes, fretinf.o(x$fpl$fretinf), UNUSED)
<BR><BR>[Called By]<UL><LI><a href="#[2af]">&gt;&gt;</a>&nbsp;&nbsp;&nbsp;_fmul
<LI><a href="#[2ad]">&gt;&gt;</a>&nbsp;&nbsp;&nbsp;_fdiv
<LI><a href="#[2a9]">&gt;&gt;</a>&nbsp;&nbsp;&nbsp;_fadd
</UL>

<P><STRONG><a name="[e6]"></a>__aeabi_frsub</STRONG> (ARM, 0 bytes, Stack size 0 bytes, faddsub_clz.o(x$fpl$frsb))
<BR><BR>[Called By]<UL><LI><a href="#[e4]">&gt;&gt;</a>&nbsp;&nbsp;&nbsp;RootFloat
</UL>

<P><STRONG><a name="[2b0]"></a>_frsb</STRONG> (ARM, 20 bytes, Stack size 0 bytes, faddsub_clz.o(x$fpl$frsb), UNUSED)
<BR><BR>[Calls]<UL><LI><a href="#[2aa]">&gt;&gt;</a>&nbsp;&nbsp;&nbsp;_fsub1
<LI><a href="#[2b1]">&gt;&gt;</a>&nbsp;&nbsp;&nbsp;_fadd1
</UL>

<P><STRONG><a name="[314]"></a>__aeabi_fsub</STRONG> (ARM, 0 bytes, Stack size 16 bytes, faddsub_clz.o(x$fpl$fsub), UNUSED)

<P><STRONG><a name="[2b2]"></a>_fsub</STRONG> (ARM, 256 bytes, Stack size 16 bytes, faddsub_clz.o(x$fpl$fsub), UNUSED)
<BR><BR>[Calls]<UL><LI><a href="#[2ac]">&gt;&gt;</a>&nbsp;&nbsp;&nbsp;__fpl_fnaninf
<LI><a href="#[2b1]">&gt;&gt;</a>&nbsp;&nbsp;&nbsp;_fadd1
</UL>

<P><STRONG><a name="[29c]"></a>__fpl_return_NaN</STRONG> (ARM, 116 bytes, Stack size 0 bytes, retnan.o(x$fpl$retnan))
<BR><BR>[Calls]<UL><LI><a href="#[2b3]">&gt;&gt;</a>&nbsp;&nbsp;&nbsp;__fpl_cmpreturn
</UL>
<BR>[Called By]<UL><LI><a href="#[29b]">&gt;&gt;</a>&nbsp;&nbsp;&nbsp;__fpl_dcheck_NaN1
</UL>

<P><STRONG><a name="[28b]"></a>__ARM_scalbn</STRONG> (ARM, 104 bytes, Stack size 0 bytes, scalbn.o(x$fpl$scalbn))
<BR><BR>[Calls]<UL><LI><a href="#[29b]">&gt;&gt;</a>&nbsp;&nbsp;&nbsp;__fpl_dcheck_NaN1
</UL>
<BR>[Called By]<UL><LI><a href="#[28a]">&gt;&gt;</a>&nbsp;&nbsp;&nbsp;__mathlib_dbl_underflow
<LI><a href="#[165]">&gt;&gt;</a>&nbsp;&nbsp;&nbsp;log
<LI><a href="#[16a]">&gt;&gt;</a>&nbsp;&nbsp;&nbsp;exp
</UL>

<P><STRONG><a name="[2b3]"></a>__fpl_cmpreturn</STRONG> (ARM, 60 bytes, Stack size 0 bytes, trapv.o(x$fpl$trapveneer))
<BR><BR>[Called By]<UL><LI><a href="#[29c]">&gt;&gt;</a>&nbsp;&nbsp;&nbsp;__fpl_return_NaN
</UL>
<P>
<H3>
Local Symbols
</H3>
<P><STRONG><a name="[4]"></a>Undefined</STRONG> (ARM, 0 bytes, Stack size unknown bytes, startup.o(vectors))
<BR><BR>[Calls]<UL><LI><a href="#[4]">&gt;&gt;</a>&nbsp;&nbsp;&nbsp;Undefined
</UL>
<BR>[Called By]<UL><LI><a href="#[4]">&gt;&gt;</a>&nbsp;&nbsp;&nbsp;Undefined
</UL>
<BR>[Address Reference Count : 1]<UL><LI> startup.o(vectors)
</UL>
<P><STRONG><a name="[6]"></a>PrefetchAbort</STRONG> (ARM, 0 bytes, Stack size unknown bytes, startup.o(vectors))
<BR><BR>[Calls]<UL><LI><a href="#[6]">&gt;&gt;</a>&nbsp;&nbsp;&nbsp;PrefetchAbort
</UL>
<BR>[Called By]<UL><LI><a href="#[6]">&gt;&gt;</a>&nbsp;&nbsp;&nbsp;PrefetchAbort
</UL>
<BR>[Address Reference Count : 1]<UL><LI> startup.o(vectors)
</UL>
<P><STRONG><a name="[7]"></a>DataAbort</STRONG> (ARM, 0 bytes, Stack size unknown bytes, startup.o(vectors))
<BR><BR>[Calls]<UL><LI><a href="#[7]">&gt;&gt;</a>&nbsp;&nbsp;&nbsp;DataAbort
</UL>
<BR>[Called By]<UL><LI><a href="#[7]">&gt;&gt;</a>&nbsp;&nbsp;&nbsp;DataAbort
</UL>
<BR>[Address Reference Count : 1]<UL><LI> startup.o(vectors)
</UL>
<P><STRONG><a name="[3]"></a>ResetInit</STRONG> (ARM, 0 bytes, Stack size unknown bytes, startup.o(vectors))
<BR><BR>[Calls]<UL><LI><a href="#[59]">&gt;&gt;</a>&nbsp;&nbsp;&nbsp;TargetResetInit
<LI><a href="#[49]">&gt;&gt;</a>&nbsp;&nbsp;&nbsp;InitStack
<LI><a href="#[48]">&gt;&gt;</a>&nbsp;&nbsp;&nbsp;__main
</UL>
<BR>[Address Reference Count : 1]<UL><LI> startup.o(vectors)
</UL>
<P><STRONG><a name="[37]"></a>IRQ_SCI1_Func</STRONG> (ARM, 0 bytes, Stack size unknown bytes, viccontrol.o(RUNFIRST))
<BR>[Address Reference Count : 1]<UL><LI> viccontrol.o(RUNFIRST)
</UL>
<P><STRONG><a name="[38]"></a>IRQ_SCI2_Func</STRONG> (ARM, 0 bytes, Stack size unknown bytes, viccontrol.o(RUNFIRST))
<BR>[Address Reference Count : 1]<UL><LI> viccontrol.o(RUNFIRST)
</UL>
<P><STRONG><a name="[25]"></a>SetmicIrqFunc</STRONG> (ARM, 0 bytes, Stack size unknown bytes, viccontrol.o(RUNFIRST))
<BR>[Address Reference Count : 1]<UL><LI> viccontrol.o(RUNFIRST)
</UL>
<P><STRONG><a name="[26]"></a>ClrmicIrqFunc</STRONG> (ARM, 0 bytes, Stack size unknown bytes, viccontrol.o(RUNFIRST))
<BR>[Address Reference Count : 1]<UL><LI> viccontrol.o(RUNFIRST)
</UL>
<P><STRONG><a name="[27]"></a>EnablemicIrq</STRONG> (ARM, 0 bytes, Stack size unknown bytes, viccontrol.o(RUNFIRST))
<BR>[Address Reference Count : 1]<UL><LI> viccontrol.o(RUNFIRST)
</UL>
<P><STRONG><a name="[28]"></a>DisablemicIrq</STRONG> (ARM, 0 bytes, Stack size unknown bytes, viccontrol.o(RUNFIRST))
<BR>[Address Reference Count : 1]<UL><LI> viccontrol.o(RUNFIRST)
</UL>
<P><STRONG><a name="[29]"></a>SetmicFiq</STRONG> (ARM, 0 bytes, Stack size unknown bytes, viccontrol.o(RUNFIRST))
<BR>[Address Reference Count : 1]<UL><LI> viccontrol.o(RUNFIRST)
</UL>
<P><STRONG><a name="[2a]"></a>ClrmicFiq</STRONG> (ARM, 0 bytes, Stack size unknown bytes, viccontrol.o(RUNFIRST))
<BR>[Address Reference Count : 1]<UL><LI> viccontrol.o(RUNFIRST)
</UL>
<P><STRONG><a name="[2b]"></a>Setsic1IrqFunc</STRONG> (ARM, 0 bytes, Stack size unknown bytes, viccontrol.o(RUNFIRST))
<BR>[Address Reference Count : 1]<UL><LI> viccontrol.o(RUNFIRST)
</UL>
<P><STRONG><a name="[2c]"></a>Clrsic1IrqFunc</STRONG> (ARM, 0 bytes, Stack size unknown bytes, viccontrol.o(RUNFIRST))
<BR>[Address Reference Count : 1]<UL><LI> viccontrol.o(RUNFIRST)
</UL>
<P><STRONG><a name="[2d]"></a>Enablesic1Irq</STRONG> (ARM, 0 bytes, Stack size unknown bytes, viccontrol.o(RUNFIRST))
<BR>[Address Reference Count : 1]<UL><LI> viccontrol.o(RUNFIRST)
</UL>
<P><STRONG><a name="[2e]"></a>Disablesic1Irq</STRONG> (ARM, 0 bytes, Stack size unknown bytes, viccontrol.o(RUNFIRST))
<BR>[Address Reference Count : 1]<UL><LI> viccontrol.o(RUNFIRST)
</UL>
<P><STRONG><a name="[2f]"></a>Setsic1Fiq</STRONG> (ARM, 0 bytes, Stack size unknown bytes, viccontrol.o(RUNFIRST))
<BR>[Address Reference Count : 1]<UL><LI> viccontrol.o(RUNFIRST)
</UL>
<P><STRONG><a name="[30]"></a>Clrsic1Fiq</STRONG> (ARM, 0 bytes, Stack size unknown bytes, viccontrol.o(RUNFIRST))
<BR>[Address Reference Count : 1]<UL><LI> viccontrol.o(RUNFIRST)
</UL>
<P><STRONG><a name="[31]"></a>Setsic2IrqFunc</STRONG> (ARM, 0 bytes, Stack size unknown bytes, viccontrol.o(RUNFIRST))
<BR>[Address Reference Count : 1]<UL><LI> viccontrol.o(RUNFIRST)
</UL>
<P><STRONG><a name="[32]"></a>Clrsic2IrqFunc</STRONG> (ARM, 0 bytes, Stack size unknown bytes, viccontrol.o(RUNFIRST))
<BR>[Address Reference Count : 1]<UL><LI> viccontrol.o(RUNFIRST)
</UL>
<P><STRONG><a name="[33]"></a>Enablesic2Irq</STRONG> (ARM, 0 bytes, Stack size unknown bytes, viccontrol.o(RUNFIRST))
<BR>[Address Reference Count : 1]<UL><LI> viccontrol.o(RUNFIRST)
</UL>
<P><STRONG><a name="[34]"></a>Disablesic2Irq</STRONG> (ARM, 0 bytes, Stack size unknown bytes, viccontrol.o(RUNFIRST))
<BR>[Address Reference Count : 1]<UL><LI> viccontrol.o(RUNFIRST)
</UL>
<P><STRONG><a name="[35]"></a>Setsic2Fiq</STRONG> (ARM, 0 bytes, Stack size unknown bytes, viccontrol.o(RUNFIRST))
<BR>[Address Reference Count : 1]<UL><LI> viccontrol.o(RUNFIRST)
</UL>
<P><STRONG><a name="[36]"></a>Clrsic2Fiq</STRONG> (ARM, 0 bytes, Stack size unknown bytes, viccontrol.o(RUNFIRST))
<BR>[Address Reference Count : 1]<UL><LI> viccontrol.o(RUNFIRST)
</UL>
<P><STRONG><a name="[82]"></a>OS_InitTaskStat</STRONG> (ARM, 28 bytes, Stack size 8 bytes, os_core.o(.text))
<BR><BR>[Stack]<UL><LI>Max Depth = 88<LI>Call Chain = OS_InitTaskStat &rArr; OSTaskCreate &rArr; OS_TCBInit
</UL>
<BR>[Calls]<UL><LI><a href="#[83]">&gt;&gt;</a>&nbsp;&nbsp;&nbsp;OSTaskCreate
</UL>
<BR>[Called By]<UL><LI><a href="#[78]">&gt;&gt;</a>&nbsp;&nbsp;&nbsp;OSInit
</UL>

<P><STRONG><a name="[86]"></a>OS_InitTaskIdle</STRONG> (ARM, 28 bytes, Stack size 8 bytes, os_core.o(.text))
<BR><BR>[Stack]<UL><LI>Max Depth = 88<LI>Call Chain = OS_InitTaskIdle &rArr; OSTaskCreate &rArr; OS_TCBInit
</UL>
<BR>[Calls]<UL><LI><a href="#[83]">&gt;&gt;</a>&nbsp;&nbsp;&nbsp;OSTaskCreate
</UL>
<BR>[Called By]<UL><LI><a href="#[78]">&gt;&gt;</a>&nbsp;&nbsp;&nbsp;OSInit
</UL>

<P><STRONG><a name="[8b]"></a>OS_InitEventList</STRONG> (ARM, 80 bytes, Stack size 0 bytes, os_core.o(.text))
<BR><BR>[Called By]<UL><LI><a href="#[78]">&gt;&gt;</a>&nbsp;&nbsp;&nbsp;OSInit
</UL>

<P><STRONG><a name="[8a]"></a>OS_InitTCBList</STRONG> (ARM, 116 bytes, Stack size 0 bytes, os_core.o(.text))
<BR><BR>[Called By]<UL><LI><a href="#[78]">&gt;&gt;</a>&nbsp;&nbsp;&nbsp;OSInit
</UL>

<P><STRONG><a name="[89]"></a>OS_InitRdyList</STRONG> (ARM, 88 bytes, Stack size 0 bytes, os_core.o(.text))
<BR><BR>[Called By]<UL><LI><a href="#[78]">&gt;&gt;</a>&nbsp;&nbsp;&nbsp;OSInit
</UL>

<P><STRONG><a name="[88]"></a>OS_InitMisc</STRONG> (ARM, 64 bytes, Stack size 0 bytes, os_core.o(.text))
<BR><BR>[Called By]<UL><LI><a href="#[78]">&gt;&gt;</a>&nbsp;&nbsp;&nbsp;OSInit
</UL>

<P><STRONG><a name="[3b]"></a>TASK_SW</STRONG> (ARM, 0 bytes, Stack size unknown bytes, os_cpu_a.o(subr))
<BR>[Address Reference Count : 1]<UL><LI> os_cpu_a.o(subr)
</UL>
<P><STRONG><a name="[3c]"></a>ENTER_CRITICAL</STRONG> (ARM, 0 bytes, Stack size unknown bytes, os_cpu_a.o(subr))
<BR>[Address Reference Count : 1]<UL><LI> os_cpu_a.o(subr)
</UL>
<P><STRONG><a name="[3d]"></a>EXIT_CRITICAL</STRONG> (ARM, 0 bytes, Stack size unknown bytes, os_cpu_a.o(subr))
<BR>[Address Reference Count : 1]<UL><LI> os_cpu_a.o(subr)
</UL>
<P><STRONG><a name="[3e]"></a>ISRBegin</STRONG> (ARM, 0 bytes, Stack size unknown bytes, os_cpu_a.o(subr))
<BR>[Address Reference Count : 1]<UL><LI> os_cpu_a.o(subr)
</UL>
<P><STRONG><a name="[3f]"></a>ChangeToSYSMode</STRONG> (ARM, 0 bytes, Stack size unknown bytes, os_cpu_a.o(subr))
<BR>[Address Reference Count : 1]<UL><LI> os_cpu_a.o(subr)
</UL>
<P><STRONG><a name="[40]"></a>ChangeToUSRMode</STRONG> (ARM, 0 bytes, Stack size unknown bytes, os_cpu_a.o(subr))
<BR>[Address Reference Count : 1]<UL><LI> os_cpu_a.o(subr)
</UL>
<P><STRONG><a name="[41]"></a>_OSStartHighRdy</STRONG> (ARM, 0 bytes, Stack size unknown bytes, os_cpu_a.o(subr))
<BR><BR>[Calls]<UL><LI><a href="#[293]">&gt;&gt;</a>&nbsp;&nbsp;&nbsp;__OSStartHighRdy
</UL>
<BR>[Address Reference Count : 1]<UL><LI> os_cpu_a.o(subr)
</UL>
<P><STRONG><a name="[42]"></a>TaskIsARM</STRONG> (ARM, 0 bytes, Stack size unknown bytes, os_cpu_a.o(subr))
<BR><BR>[Calls]<UL><LI><a href="#[294]">&gt;&gt;</a>&nbsp;&nbsp;&nbsp;_TaskIsARM
</UL>
<BR>[Address Reference Count : 1]<UL><LI> os_cpu_a.o(subr)
</UL>
<P><STRONG><a name="[43]"></a>TaskIsTHUMB</STRONG> (ARM, 0 bytes, Stack size unknown bytes, os_cpu_a.o(subr))
<BR><BR>[Calls]<UL><LI><a href="#[295]">&gt;&gt;</a>&nbsp;&nbsp;&nbsp;_TaskIsTHUMB
</UL>
<BR>[Address Reference Count : 1]<UL><LI> os_cpu_a.o(subr)
</UL>
<P><STRONG><a name="[44]"></a>OSISRNeedSwap</STRONG> (ARM, 0 bytes, Stack size unknown bytes, os_cpu_a.o(subr))
<BR>[Address Reference Count : 1]<UL><LI> os_cpu_a.o(subr)
</UL>
<P><STRONG><a name="[45]"></a>GetOSFunctionAddr</STRONG> (ARM, 0 bytes, Stack size unknown bytes, os_cpu_a.o(subr))
<BR>[Address Reference Count : 1]<UL><LI> os_cpu_a.o(subr)
</UL>
<P><STRONG><a name="[46]"></a>GetUsrFunctionAddr</STRONG> (ARM, 0 bytes, Stack size unknown bytes, os_cpu_a.o(subr))
<BR>[Address Reference Count : 1]<UL><LI> os_cpu_a.o(subr)
</UL>
<P><STRONG><a name="[47]"></a>EnableIRQ</STRONG> (ARM, 0 bytes, Stack size unknown bytes, os_cpu_a.o(subr))
<BR>[Address Reference Count : 1]<UL><LI> os_cpu_a.o(subr)
</UL>
<P><STRONG><a name="[19]"></a>I2C1_Excetion</STRONG> (ARM, 560 bytes, Stack size 0 bytes, i2c1.o(.text))
<BR>[Address Reference Count : 1]<UL><LI> i2c1.o(.text)
</UL>
<P><STRONG><a name="[1c8]"></a>Wait_I2c_End</STRONG> (ARM, 100 bytes, Stack size 0 bytes, i2c1.o(.text))
<BR><BR>[Called By]<UL><LI><a href="#[1c9]">&gt;&gt;</a>&nbsp;&nbsp;&nbsp;I2C1_WriteNByte
<LI><a href="#[1c7]">&gt;&gt;</a>&nbsp;&nbsp;&nbsp;I2C1_ReadNByte
</UL>

<P><STRONG><a name="[1a]"></a>I2C2_Excetion</STRONG> (ARM, 536 bytes, Stack size 0 bytes, i2c2.o(.text))
<BR>[Address Reference Count : 1]<UL><LI> i2c2.o(.text)
</UL>
<P><STRONG><a name="[1cb]"></a>Wait_I2c_End</STRONG> (ARM, 100 bytes, Stack size 0 bytes, i2c2.o(.text))
<BR><BR>[Called By]<UL><LI><a href="#[1cc]">&gt;&gt;</a>&nbsp;&nbsp;&nbsp;I2C2_WriteNByte
<LI><a href="#[1ca]">&gt;&gt;</a>&nbsp;&nbsp;&nbsp;I2C2_ReadNByte
</UL>

<P><STRONG><a name="[1d0]"></a>SetPageAddr</STRONG> (ARM, 60 bytes, Stack size 0 bytes, nandflash.o(.text), UNUSED)
<BR><BR>[Called By]<UL><LI><a href="#[1d2]">&gt;&gt;</a>&nbsp;&nbsp;&nbsp;ProgramNandPage
<LI><a href="#[1cf]">&gt;&gt;</a>&nbsp;&nbsp;&nbsp;ReadNandPage
</UL>

<P><STRONG><a name="[1ce]"></a>SetBlockAddr</STRONG> (ARM, 48 bytes, Stack size 0 bytes, nandflash.o(.text), UNUSED)
<BR><BR>[Called By]<UL><LI><a href="#[1cd]">&gt;&gt;</a>&nbsp;&nbsp;&nbsp;EraseNandBlock
</UL>

<P><STRONG><a name="[1d1]"></a>DelayNS</STRONG> (ARM, 44 bytes, Stack size 0 bytes, nandflash.o(.text), UNUSED)
<BR><BR>[Called By]<UL><LI><a href="#[1cf]">&gt;&gt;</a>&nbsp;&nbsp;&nbsp;ReadNandPage
</UL>

<P><STRONG><a name="[1c]"></a>IRQ_Timer0</STRONG> (ARM, 364 bytes, Stack size 8 bytes, timer0.o(.text))
<BR><BR>[Stack]<UL><LI>Max Depth = 44<LI>Call Chain = IRQ_Timer0 &rArr; OSSemPost &rArr; OS_EventTaskRdy
</UL>
<BR>[Calls]<UL><LI><a href="#[a0]">&gt;&gt;</a>&nbsp;&nbsp;&nbsp;OSSemPost
<LI><a href="#[92]">&gt;&gt;</a>&nbsp;&nbsp;&nbsp;OSTimeTick
<LI><a href="#[b6]">&gt;&gt;</a>&nbsp;&nbsp;&nbsp;__aeabi_idivmod
</UL>
<BR>[Address Reference Count : 1]<UL><LI> timer0.o(.text)
</UL>
<P><STRONG><a name="[21]"></a>IRQ_Keyboard</STRONG> (ARM, 220 bytes, Stack size 8 bytes, keyboard.o(.text))
<BR><BR>[Stack]<UL><LI>Max Depth = 44<LI>Call Chain = IRQ_Keyboard &rArr; OSSemPost &rArr; OS_EventTaskRdy
</UL>
<BR>[Calls]<UL><LI><a href="#[a0]">&gt;&gt;</a>&nbsp;&nbsp;&nbsp;OSSemPost
<LI><a href="#[1fa]">&gt;&gt;</a>&nbsp;&nbsp;&nbsp;OSIntExit
</UL>
<BR>[Address Reference Count : 1]<UL><LI> keyboard.o(.text)
</UL>
<P><STRONG><a name="[20f]"></a>word_to_byte</STRONG> (ARM, 40 bytes, Stack size 0 bytes, sdcmd.o(.text))
<BR><BR>[Called By]<UL><LI><a href="#[211]">&gt;&gt;</a>&nbsp;&nbsp;&nbsp;SdCmd_Send_CSD
<LI><a href="#[20e]">&gt;&gt;</a>&nbsp;&nbsp;&nbsp;SdCmd_All_Send_CID
</UL>

<P><STRONG><a name="[286]"></a>__arm_div8</STRONG> (ARM, 0 bytes, Stack size unknown bytes, aeabi_sdiv.o(.text))
<BR><BR>[Called By]<UL><LI><a href="#[80]">&gt;&gt;</a>&nbsp;&nbsp;&nbsp;__aeabi_uidivmod
</UL>

<P><STRONG><a name="[285]"></a>__arm_div5</STRONG> (ARM, 0 bytes, Stack size unknown bytes, aeabi_sdiv.o(.text))
<BR><BR>[Called By]<UL><LI><a href="#[80]">&gt;&gt;</a>&nbsp;&nbsp;&nbsp;__aeabi_uidivmod
</UL>

<P><STRONG><a name="[284]"></a>__arm_div2</STRONG> (ARM, 0 bytes, Stack size unknown bytes, aeabi_sdiv.o(.text))
<BR><BR>[Called By]<UL><LI><a href="#[80]">&gt;&gt;</a>&nbsp;&nbsp;&nbsp;__aeabi_uidivmod
</UL>

<P><STRONG><a name="[287]"></a>__arm_div_large</STRONG> (ARM, 0 bytes, Stack size unknown bytes, aeabi_sdiv.o(.text))
<BR><BR>[Called By]<UL><LI><a href="#[80]">&gt;&gt;</a>&nbsp;&nbsp;&nbsp;__aeabi_uidivmod
</UL>

<P><STRONG><a name="[2a7]"></a>_dadd1</STRONG> (ARM, 0 bytes, Stack size unknown bytes, daddsub_clz.o(x$fpl$dadd), UNUSED)
<BR><BR>[Called By]<UL><LI><a href="#[2a8]">&gt;&gt;</a>&nbsp;&nbsp;&nbsp;_dsub
<LI><a href="#[2a6]">&gt;&gt;</a>&nbsp;&nbsp;&nbsp;_drsb
</UL>

<P><STRONG><a name="[298]"></a>_dsub1</STRONG> (ARM, 0 bytes, Stack size unknown bytes, daddsub_clz.o(x$fpl$dsub), UNUSED)
<BR><BR>[Called By]<UL><LI><a href="#[2a6]">&gt;&gt;</a>&nbsp;&nbsp;&nbsp;_drsb
<LI><a href="#[297]">&gt;&gt;</a>&nbsp;&nbsp;&nbsp;_dadd
</UL>

<P><STRONG><a name="[2b1]"></a>_fadd1</STRONG> (ARM, 0 bytes, Stack size unknown bytes, faddsub_clz.o(x$fpl$fadd), UNUSED)
<BR><BR>[Called By]<UL><LI><a href="#[2b2]">&gt;&gt;</a>&nbsp;&nbsp;&nbsp;_fsub
<LI><a href="#[2b0]">&gt;&gt;</a>&nbsp;&nbsp;&nbsp;_frsb
</UL>

<P><STRONG><a name="[2aa]"></a>_fsub1</STRONG> (ARM, 0 bytes, Stack size unknown bytes, faddsub_clz.o(x$fpl$fsub), UNUSED)
<BR><BR>[Called By]<UL><LI><a href="#[2b0]">&gt;&gt;</a>&nbsp;&nbsp;&nbsp;_frsb
<LI><a href="#[2a9]">&gt;&gt;</a>&nbsp;&nbsp;&nbsp;_fadd
</UL>

<P><STRONG><a name="[23]"></a>_printf_input_char</STRONG> (Thumb, 10 bytes, Stack size 0 bytes, _printf_char_common.o(.text))
<BR>[Address Reference Count : 1]<UL><LI> _printf_char_common.o(.text)
</UL><P>
<H3>
Undefined Global Symbols
</H3>
<P><STRONG><a name="[282]"></a>_call_atexit_fns</STRONG> (ARM, 0 bytes, Stack size 0 bytes, UNDEFINED)
<BR><BR>[Called By]<UL><LI><a href="#[74]">&gt;&gt;</a>&nbsp;&nbsp;&nbsp;exit
</UL>

<P><STRONG><a name="[27b]"></a>_printf_mbtowc</STRONG> (ARM, 0 bytes, Stack size 0 bytes, UNDEFINED)
<BR><BR>[Called By]<UL><LI><a href="#[27a]">&gt;&gt;</a>&nbsp;&nbsp;&nbsp;_printf_cs_common
</UL>

<P><STRONG><a name="[27e]"></a>_printf_wc</STRONG> (ARM, 0 bytes, Stack size 0 bytes, UNDEFINED)
<BR><BR>[Called By]<UL><LI><a href="#[27d]">&gt;&gt;</a>&nbsp;&nbsp;&nbsp;_printf_lcs_common
</UL>
<HR></body></html>
